Archive member included to satisfy reference by file (symbol)

/opt/st/stm32cubeide_1.4.0/plugins/com.st.stm32cube.ide.mcu.externaltools.gnu-tools-for-stm32.7-2018-q2-update.linux64_1.4.0.202007081208/tools/bin/../lib/gcc/arm-none-eabi/7.3.1/../../../../arm-none-eabi/lib/thumb/v7e-m/fpv5/hard/libc_nano.a(lib_a-errno.o)
                              Core/Src/syscalls.o (__errno)
/opt/st/stm32cubeide_1.4.0/plugins/com.st.stm32cube.ide.mcu.externaltools.gnu-tools-for-stm32.7-2018-q2-update.linux64_1.4.0.202007081208/tools/bin/../lib/gcc/arm-none-eabi/7.3.1/../../../../arm-none-eabi/lib/thumb/v7e-m/fpv5/hard/libc_nano.a(lib_a-exit.o)
                              /opt/st/stm32cubeide_1.4.0/plugins/com.st.stm32cube.ide.mcu.externaltools.gnu-tools-for-stm32.7-2018-q2-update.linux64_1.4.0.202007081208/tools/bin/../lib/gcc/arm-none-eabi/7.3.1/../../../../arm-none-eabi/lib/thumb/v7e-m/fpv5/hard/crt0.o (exit)
/opt/st/stm32cubeide_1.4.0/plugins/com.st.stm32cube.ide.mcu.externaltools.gnu-tools-for-stm32.7-2018-q2-update.linux64_1.4.0.202007081208/tools/bin/../lib/gcc/arm-none-eabi/7.3.1/../../../../arm-none-eabi/lib/thumb/v7e-m/fpv5/hard/libc_nano.a(lib_a-impure.o)
                              /opt/st/stm32cubeide_1.4.0/plugins/com.st.stm32cube.ide.mcu.externaltools.gnu-tools-for-stm32.7-2018-q2-update.linux64_1.4.0.202007081208/tools/bin/../lib/gcc/arm-none-eabi/7.3.1/../../../../arm-none-eabi/lib/thumb/v7e-m/fpv5/hard/libc_nano.a(lib_a-exit.o) (_global_impure_ptr)
/opt/st/stm32cubeide_1.4.0/plugins/com.st.stm32cube.ide.mcu.externaltools.gnu-tools-for-stm32.7-2018-q2-update.linux64_1.4.0.202007081208/tools/bin/../lib/gcc/arm-none-eabi/7.3.1/../../../../arm-none-eabi/lib/thumb/v7e-m/fpv5/hard/libc_nano.a(lib_a-init.o)
                              /opt/st/stm32cubeide_1.4.0/plugins/com.st.stm32cube.ide.mcu.externaltools.gnu-tools-for-stm32.7-2018-q2-update.linux64_1.4.0.202007081208/tools/bin/../lib/gcc/arm-none-eabi/7.3.1/../../../../arm-none-eabi/lib/thumb/v7e-m/fpv5/hard/crt0.o (__libc_init_array)
/opt/st/stm32cubeide_1.4.0/plugins/com.st.stm32cube.ide.mcu.externaltools.gnu-tools-for-stm32.7-2018-q2-update.linux64_1.4.0.202007081208/tools/bin/../lib/gcc/arm-none-eabi/7.3.1/../../../../arm-none-eabi/lib/thumb/v7e-m/fpv5/hard/libc_nano.a(lib_a-malloc.o)
                              Core/Common/Src/FSM.o (malloc)
/opt/st/stm32cubeide_1.4.0/plugins/com.st.stm32cube.ide.mcu.externaltools.gnu-tools-for-stm32.7-2018-q2-update.linux64_1.4.0.202007081208/tools/bin/../lib/gcc/arm-none-eabi/7.3.1/../../../../arm-none-eabi/lib/thumb/v7e-m/fpv5/hard/libc_nano.a(lib_a-memcpy-stub.o)
                              Middlewares/Third_Party/FreeRTOS/Source/CMSIS_RTOS_V2/cmsis_os2.o (memcpy)
/opt/st/stm32cubeide_1.4.0/plugins/com.st.stm32cube.ide.mcu.externaltools.gnu-tools-for-stm32.7-2018-q2-update.linux64_1.4.0.202007081208/tools/bin/../lib/gcc/arm-none-eabi/7.3.1/../../../../arm-none-eabi/lib/thumb/v7e-m/fpv5/hard/libc_nano.a(lib_a-memset.o)
                              /opt/st/stm32cubeide_1.4.0/plugins/com.st.stm32cube.ide.mcu.externaltools.gnu-tools-for-stm32.7-2018-q2-update.linux64_1.4.0.202007081208/tools/bin/../lib/gcc/arm-none-eabi/7.3.1/../../../../arm-none-eabi/lib/thumb/v7e-m/fpv5/hard/crt0.o (memset)
/opt/st/stm32cubeide_1.4.0/plugins/com.st.stm32cube.ide.mcu.externaltools.gnu-tools-for-stm32.7-2018-q2-update.linux64_1.4.0.202007081208/tools/bin/../lib/gcc/arm-none-eabi/7.3.1/../../../../arm-none-eabi/lib/thumb/v7e-m/fpv5/hard/libc_nano.a(lib_a-nano-freer.o)
                              /opt/st/stm32cubeide_1.4.0/plugins/com.st.stm32cube.ide.mcu.externaltools.gnu-tools-for-stm32.7-2018-q2-update.linux64_1.4.0.202007081208/tools/bin/../lib/gcc/arm-none-eabi/7.3.1/../../../../arm-none-eabi/lib/thumb/v7e-m/fpv5/hard/libc_nano.a(lib_a-malloc.o) (_free_r)
/opt/st/stm32cubeide_1.4.0/plugins/com.st.stm32cube.ide.mcu.externaltools.gnu-tools-for-stm32.7-2018-q2-update.linux64_1.4.0.202007081208/tools/bin/../lib/gcc/arm-none-eabi/7.3.1/../../../../arm-none-eabi/lib/thumb/v7e-m/fpv5/hard/libc_nano.a(lib_a-nano-mallocr.o)
                              /opt/st/stm32cubeide_1.4.0/plugins/com.st.stm32cube.ide.mcu.externaltools.gnu-tools-for-stm32.7-2018-q2-update.linux64_1.4.0.202007081208/tools/bin/../lib/gcc/arm-none-eabi/7.3.1/../../../../arm-none-eabi/lib/thumb/v7e-m/fpv5/hard/libc_nano.a(lib_a-malloc.o) (_malloc_r)
/opt/st/stm32cubeide_1.4.0/plugins/com.st.stm32cube.ide.mcu.externaltools.gnu-tools-for-stm32.7-2018-q2-update.linux64_1.4.0.202007081208/tools/bin/../lib/gcc/arm-none-eabi/7.3.1/../../../../arm-none-eabi/lib/thumb/v7e-m/fpv5/hard/libc_nano.a(lib_a-sbrkr.o)
                              /opt/st/stm32cubeide_1.4.0/plugins/com.st.stm32cube.ide.mcu.externaltools.gnu-tools-for-stm32.7-2018-q2-update.linux64_1.4.0.202007081208/tools/bin/../lib/gcc/arm-none-eabi/7.3.1/../../../../arm-none-eabi/lib/thumb/v7e-m/fpv5/hard/libc_nano.a(lib_a-nano-mallocr.o) (_sbrk_r)
[...]
Memory Configuration

Name             Origin             Length             Attributes
RAM              0x0000000020000000 0x0000000000080000 xrw
FLASH            0x0000000008000000 0x0000000000200000 xr
*default*        0x0000000000000000 0xffffffffffffffff

Linker script and memory map

LOAD /opt/st/stm32cubeide_1.4.0/plugins/com.st.stm32cube.ide.mcu.externaltools.gnu-tools-for-stm32.7-2018-q2-update.linux64_1.4.0.202007081208/tools/bin/../lib/gcc/arm-none-eabi/7.3.1/thumb/v7e-m/fpv5/hard/crti.o
LOAD /opt/st/stm32cubeide_1.4.0/plugins/com.st.stm32cube.ide.mcu.externaltools.gnu-tools-for-stm32.7-2018-q2-update.linux64_1.4.0.202007081208/tools/bin/../lib/gcc/arm-none-eabi/7.3.1/thumb/v7e-m/fpv5/hard/crtbegin.o
LOAD /opt/st/stm32cubeide_1.4.0/plugins/com.st.stm32cube.ide.mcu.externaltools.gnu-tools-for-stm32.7-2018-q2-update.linux64_1.4.0.202007081208/tools/bin/../lib/gcc/arm-none-eabi/7.3.1/../../../../arm-none-eabi/lib/thumb/v7e-m/fpv5/hard/crt0.o
LOAD Core/Common/Src/AMS_CAN_Messages.o
LOAD Core/Common/Src/BMS_CAN_Messages.o
LOAD Core/Common/Src/CC_CAN_Messages.o
LOAD Core/Common/Src/FSM.o
LOAD Core/Common/Src/PDM_CAN_Messages.o
LOAD Core/Common/Src/QUTMS_can.o
LOAD Core/Common/Src/SHDN_BSPD_CAN_Messages.o
LOAD Core/Common/Src/SHDN_CAN_Messages.o
LOAD Core/Common/Src/SHDN_IMD_CAN_Messages.o
LOAD Core/Src/CC_FSM_States.o
LOAD Core/Src/adc.o
LOAD Core/Src/can.o
LOAD Core/Src/freertos.o
LOAD Core/Src/gpio.o
LOAD Core/Src/main.o
LOAD Core/Src/stm32f7xx_hal_msp.o
LOAD Core/Src/stm32f7xx_hal_timebase_tim.o
LOAD Core/Src/stm32f7xx_it.o
LOAD Core/Src/syscalls.o
LOAD Core/Src/sysmem.o
LOAD Core/Src/system_stm32f7xx.o
LOAD Core/Src/usart.o
LOAD Core/Startup/startup_stm32f765vitx.o
LOAD Drivers/STM32F7xx_HAL_Driver/Src/stm32f7xx_hal.o
LOAD Drivers/STM32F7xx_HAL_Driver/Src/stm32f7xx_hal_adc.o
LOAD Drivers/STM32F7xx_HAL_Driver/Src/stm32f7xx_hal_adc_ex.o
LOAD Drivers/STM32F7xx_HAL_Driver/Src/stm32f7xx_hal_can.o
LOAD Drivers/STM32F7xx_HAL_Driver/Src/stm32f7xx_hal_cortex.o
LOAD Drivers/STM32F7xx_HAL_Driver/Src/stm32f7xx_hal_dma.o
LOAD Drivers/STM32F7xx_HAL_Driver/Src/stm32f7xx_hal_dma_ex.o
LOAD Drivers/STM32F7xx_HAL_Driver/Src/stm32f7xx_hal_exti.o
LOAD Drivers/STM32F7xx_HAL_Driver/Src/stm32f7xx_hal_flash.o
LOAD Drivers/STM32F7xx_HAL_Driver/Src/stm32f7xx_hal_flash_ex.o
LOAD Drivers/STM32F7xx_HAL_Driver/Src/stm32f7xx_hal_gpio.o
LOAD Drivers/STM32F7xx_HAL_Driver/Src/stm32f7xx_hal_i2c.o
LOAD Drivers/STM32F7xx_HAL_Driver/Src/stm32f7xx_hal_i2c_ex.o
LOAD Drivers/STM32F7xx_HAL_Driver/Src/stm32f7xx_hal_pwr.o
LOAD Drivers/STM32F7xx_HAL_Driver/Src/stm32f7xx_hal_pwr_ex.o
LOAD Drivers/STM32F7xx_HAL_Driver/Src/stm32f7xx_hal_rcc.o
LOAD Drivers/STM32F7xx_HAL_Driver/Src/stm32f7xx_hal_rcc_ex.o
LOAD Drivers/STM32F7xx_HAL_Driver/Src/stm32f7xx_hal_tim.o
LOAD Drivers/STM32F7xx_HAL_Driver/Src/stm32f7xx_hal_tim_ex.o
LOAD Drivers/STM32F7xx_HAL_Driver/Src/stm32f7xx_hal_uart.o
LOAD Drivers/STM32F7xx_HAL_Driver/Src/stm32f7xx_hal_uart_ex.o
LOAD Middlewares/Third_Party/FreeRTOS/Source/CMSIS_RTOS_V2/cmsis_os2.o
LOAD Middlewares/Third_Party/FreeRTOS/Source/croutine.o
LOAD Middlewares/Third_Party/FreeRTOS/Source/event_groups.o
LOAD Middlewares/Third_Party/FreeRTOS/Source/list.o
LOAD Middlewares/Third_Party/FreeRTOS/Source/queue.o
LOAD Middlewares/Third_Party/FreeRTOS/Source/stream_buffer.o
LOAD Middlewares/Third_Party/FreeRTOS/Source/tasks.o
LOAD Middlewares/Third_Party/FreeRTOS/Source/timers.o
LOAD Middlewares/Third_Party/FreeRTOS/Source/portable/GCC/ARM_CM7/r0p1/port.o
LOAD Middlewares/Third_Party/FreeRTOS/Source/portable/MemMang/heap_4.o
START GROUP
LOAD /opt/st/stm32cubeide_1.4.0/plugins/com.st.stm32cube.ide.mcu.externaltools.gnu-tools-for-stm32.7-2018-q2-update.linux64_1.4.0.202007081208/tools/bin/../lib/gcc/arm-none-eabi/7.3.1/../../../../arm-none-eabi/lib/thumb/v7e-m/fpv5/hard/libc_nano.a
LOAD /opt/st/stm32cubeide_1.4.0/plugins/com.st.stm32cube.ide.mcu.externaltools.gnu-tools-for-stm32.7-2018-q2-update.linux64_1.4.0.202007081208/tools/bin/../lib/gcc/arm-none-eabi/7.3.1/../../../../arm-none-eabi/lib/thumb/v7e-m/fpv5/hard/libm.a
END GROUP
START GROUP
LOAD /opt/st/stm32cubeide_1.4.0/plugins/com.st.stm32cube.ide.mcu.externaltools.gnu-tools-for-stm32.7-2018-q2-update.linux64_1.4.0.202007081208/tools/bin/../lib/gcc/arm-none-eabi/7.3.1/thumb/v7e-m/fpv5/hard/libgcc.a
LOAD /opt/st/stm32cubeide_1.4.0/plugins/com.st.stm32cube.ide.mcu.externaltools.gnu-tools-for-stm32.7-2018-q2-update.linux64_1.4.0.202007081208/tools/bin/../lib/gcc/arm-none-eabi/7.3.1/../../../../arm-none-eabi/lib/thumb/v7e-m/fpv5/hard/libc_nano.a
END GROUP
START GROUP
LOAD /opt/st/stm32cubeide_1.4.0/plugins/com.st.stm32cube.ide.mcu.externaltools.gnu-tools-for-stm32.7-2018-q2-update.linux64_1.4.0.202007081208/tools/bin/../lib/gcc/arm-none-eabi/7.3.1/thumb/v7e-m/fpv5/hard/libgcc.a
LOAD /opt/st/stm32cubeide_1.4.0/plugins/com.st.stm32cube.ide.mcu.externaltools.gnu-tools-for-stm32.7-2018-q2-update.linux64_1.4.0.202007081208/tools/bin/../lib/gcc/arm-none-eabi/7.3.1/../../../../arm-none-eabi/lib/thumb/v7e-m/fpv5/hard/libc_nano.a
LOAD /opt/st/stm32cubeide_1.4.0/plugins/com.st.stm32cube.ide.mcu.externaltools.gnu-tools-for-stm32.7-2018-q2-update.linux64_1.4.0.202007081208/tools/bin/../lib/gcc/arm-none-eabi/7.3.1/../../../../arm-none-eabi/lib/thumb/v7e-m/fpv5/hard/libnosys.a
END GROUP
START GROUP
LOAD /opt/st/stm32cubeide_1.4.0/plugins/com.st.stm32cube.ide.mcu.externaltools.gnu-tools-for-stm32.7-2018-q2-update.linux64_1.4.0.202007081208/tools/bin/../lib/gcc/arm-none-eabi/7.3.1/thumb/v7e-m/fpv5/hard/libgcc.a
LOAD /opt/st/stm32cubeide_1.4.0/plugins/com.st.stm32cube.ide.mcu.externaltools.gnu-tools-for-stm32.7-2018-q2-update.linux64_1.4.0.202007081208/tools/bin/../lib/gcc/arm-none-eabi/7.3.1/../../../../arm-none-eabi/lib/thumb/v7e-m/fpv5/hard/libc_nano.a
LOAD /opt/st/stm32cubeide_1.4.0/plugins/com.st.stm32cube.ide.mcu.externaltools.gnu-tools-for-stm32.7-2018-q2-update.linux64_1.4.0.202007081208/tools/bin/../lib/gcc/arm-none-eabi/7.3.1/../../../../arm-none-eabi/lib/thumb/v7e-m/fpv5/hard/libnosys.a
END GROUP
LOAD /opt/st/stm32cubeide_1.4.0/plugins/com.st.stm32cube.ide.mcu.externaltools.gnu-tools-for-stm32.7-2018-q2-update.linux64_1.4.0.202007081208/tools/bin/../lib/gcc/arm-none-eabi/7.3.1/thumb/v7e-m/fpv5/hard/crtend.o
LOAD /opt/st/stm32cubeide_1.4.0/plugins/com.st.stm32cube.ide.mcu.externaltools.gnu-tools-for-stm32.7-2018-q2-update.linux64_1.4.0.202007081208/tools/bin/../lib/gcc/arm-none-eabi/7.3.1/thumb/v7e-m/fpv5/hard/crtn.o
                0x0000000020080000                _estack = (ORIGIN (RAM) + LENGTH (RAM))
                0x0000000000000200                _Min_Heap_Size = 0x200
                0x0000000000000400                _Min_Stack_Size = 0x400

.isr_vector     0x0000000008000000      0x1f8
                0x0000000008000000                . = ALIGN (0x4)
 *(.isr_vector)
 .isr_vector    0x0000000008000000      0x1f8 Core/Startup/startup_stm32f765vitx.o
                0x0000000008000000                g_pfnVectors
                0x00000000080001f8                . = ALIGN (0x4)

.text           0x0000000008000200     0x96f8
                0x0000000008000200                . = ALIGN (0x4)
 *(.text)
 .text          0x0000000008000200       0x40 /opt/st/stm32cubeide_1.4.0/plugins/com.st.stm32cube.ide.mcu.externaltools.gnu-tools-for-stm32.7-2018-q2-update.linux64_1.4.0.202007081208/tools/bin/../lib/gcc/arm-none-eabi/7.3.1/thumb/v7e-m/fpv5/hard/crtbegin.o
 .text          0x0000000008000240       0xa0 /opt/st/stm32cubeide_1.4.0/plugins/com.st.stm32cube.ide.mcu.externaltools.gnu-tools-for-stm32.7-2018-q2-update.linux64_1.4.0.202007081208/tools/bin/../lib/gcc/arm-none-eabi/7.3.1/../../../../arm-none-eabi/lib/thumb/v7e-m/fpv5/hard/libc_nano.a(lib_a-memchr.o)
                0x0000000008000240                memchr
 .text          0x00000000080002e0       0x30 /opt/st/stm32cubeide_1.4.0/plugins/com.st.stm32cube.ide.mcu.externaltools.gnu-tools-for-stm32.7-2018-q2-update.linux64_1.4.0.202007081208/tools/bin/../lib/gcc/arm-none-eabi/7.3.1/thumb/v7e-m/fpv5/hard/libgcc.a(_aeabi_uldivmod.o)
                0x00000000080002e0                __aeabi_uldivmod
 .text          0x0000000008000310      0x2cc /opt/st/stm32cubeide_1.4.0/plugins/com.st.stm32cube.ide.mcu.externaltools.gnu-tools-for-stm32.7-2018-q2-update.linux64_1.4.0.202007081208/tools/bin/../lib/gcc/arm-none-eabi/7.3.1/thumb/v7e-m/fpv5/hard/libgcc.a(_udivmoddi4.o)
                0x0000000008000310                __udivmoddi4
 .text          0x00000000080005dc        0x4 /opt/st/stm32cubeide_1.4.0/plugins/com.st.stm32cube.ide.mcu.externaltools.gnu-tools-for-stm32.7-2018-q2-update.linux64_1.4.0.202007081208/tools/bin/../lib/gcc/arm-none-eabi/7.3.1/thumb/v7e-m/fpv5/hard/libgcc.a(_dvmd_tls.o)
                0x00000000080005dc                __aeabi_ldiv0
                0x00000000080005dc                __aeabi_idiv0
 *(.text*)
 .text.Parse_AMS_HeartbeatResponse
                0x00000000080005e0       0xaa Core/Common/Src/AMS_CAN_Messages.o
                0x00000000080005e0                Parse_AMS_HeartbeatResponse
 .text.Compose_CC_ReadyToDrive
                0x000000000800068a       0x28 Core/Common/Src/CC_CAN_Messages.o
                0x000000000800068a                Compose_CC_ReadyToDrive
 .text.Compose_CC_FatalShutdown
                0x00000000080006b2       0x28 Core/Common/Src/CC_CAN_Messages.o
                0x00000000080006b2                Compose_CC_FatalShutdown
 .text.fsm_new  0x00000000080006da       0x72 Core/Common/Src/FSM.o
                0x00000000080006da                fsm_new
 .text.fsm_iterate
                0x000000000800074c       0x48 Core/Common/Src/FSM.o
                0x000000000800074c                fsm_iterate
 .text.fsm_changeState
                0x0000000008000794       0x94 Core/Common/Src/FSM.o
                0x0000000008000794                fsm_changeState
 .text.fsm_reset
                0x0000000008000828       0x98 Core/Common/Src/FSM.o
                0x0000000008000828                fsm_reset
 .text.fsm_setLogFunction
                0x00000000080008c0       0x1c Core/Common/Src/FSM.o
                0x00000000080008c0                fsm_setLogFunction
 .text.fsm_log  0x00000000080008dc       0x1e Core/Common/Src/FSM.o
                0x00000000080008dc                fsm_log
 .text.Compose_PDM_InitiateStartup
                0x00000000080008fa       0x28 Core/Common/Src/PDM_CAN_Messages.o
                0x00000000080008fa                Compose_PDM_InitiateStartup
 .text.Parse_PDM_StartupOk
                0x0000000008000922       0x36 Core/Common/Src/PDM_CAN_Messages.o
                0x0000000008000922                Parse_PDM_StartupOk
 .text.Compose_PDM_SelectStartup
                0x0000000008000958       0x92 Core/Common/Src/PDM_CAN_Messages.o
                0x0000000008000958                Compose_PDM_SelectStartup
 *fill*         0x00000000080009ea        0x2 
 .text.Compose_CANId
                0x00000000080009ec       0x6c Core/Common/Src/QUTMS_can.o
                0x00000000080009ec                Compose_CANId
 .text.Parse_SHDN_IMD_HeartbeatResponse
                0x0000000008000a58       0x22 Core/Common/Src/SHDN_IMD_CAN_Messages.o
                0x0000000008000a58                Parse_SHDN_IMD_HeartbeatResponse
 *fill*         0x0000000008000a7a        0x2 
 .text.state_start_enter
                0x0000000008000a7c      0x108 Core/Src/CC_FSM_States.o
                0x0000000008000a7c                state_start_enter
 .text.state_start_iterate
                0x0000000008000b84      0x144 Core/Src/CC_FSM_States.o
                0x0000000008000b84                state_start_iterate
 .text.state_start_exit
                0x0000000008000cc8       0x14 Core/Src/CC_FSM_States.o
                0x0000000008000cc8                state_start_exit
 *fill*         0x0000000008000cdc        0x4 
 .text.state_idle_enter
                0x0000000008000ce0       0x74 Core/Src/CC_FSM_States.o
                0x0000000008000ce0                state_idle_enter
 *fill*         0x0000000008000d54        0x4 
 .text.state_idle_iterate
                0x0000000008000d58      0x2d8 Core/Src/CC_FSM_States.o
                0x0000000008000d58                state_idle_iterate
 .text.state_idle_exit
                0x0000000008001030       0x84 Core/Src/CC_FSM_States.o
                0x0000000008001030                state_idle_exit
 .text.state_driving_enter
                0x00000000080010b4       0x4c Core/Src/CC_FSM_States.o
                0x00000000080010b4                state_driving_enter
 .text.state_driving_iterate
                0x0000000008001100       0xb8 Core/Src/CC_FSM_States.o
                0x0000000008001100                state_driving_iterate
 .text.state_driving_exit
                0x00000000080011b8       0x14 Core/Src/CC_FSM_States.o
                0x00000000080011b8                state_driving_exit
 .text.state_debug_enter
                0x00000000080011cc       0x1c Core/Src/CC_FSM_States.o
                0x00000000080011cc                state_debug_enter
 .text.state_debug_iterate
                0x00000000080011e8       0x94 Core/Src/CC_FSM_States.o
                0x00000000080011e8                state_debug_iterate
 .text.state_debug_exit
                0x000000000800127c       0x1c Core/Src/CC_FSM_States.o
                0x000000000800127c                state_debug_exit
 .text.MX_ADC1_Init
                0x0000000008001298       0xa4 Core/Src/adc.o
                0x0000000008001298                MX_ADC1_Init
 .text.MX_ADC2_Init
                0x000000000800133c       0xc0 Core/Src/adc.o
                0x000000000800133c                MX_ADC2_Init
 .text.HAL_ADC_MspInit
                0x00000000080013fc       0xd8 Core/Src/adc.o
                0x00000000080013fc                HAL_ADC_MspInit
 .text.MX_CAN1_Init
                0x00000000080014d4       0x6c Core/Src/can.o
                0x00000000080014d4                MX_CAN1_Init
 .text.MX_CAN2_Init
                0x0000000008001540       0x6c Core/Src/can.o
                0x0000000008001540                MX_CAN2_Init
 .text.MX_CAN3_Init
                0x00000000080015ac       0x6c Core/Src/can.o
                0x00000000080015ac                MX_CAN3_Init
 .text.HAL_CAN_MspInit
                0x0000000008001618      0x23c Core/Src/can.o
                0x0000000008001618                HAL_CAN_MspInit
 .text.MX_FREERTOS_Init
                0x0000000008001854       0x24 Core/Src/freertos.o
                0x0000000008001854                MX_FREERTOS_Init
 .text.StartDefaultTask
                0x0000000008001878       0x10 Core/Src/freertos.o
                0x0000000008001878                StartDefaultTask
 .text.MX_GPIO_Init
                0x0000000008001888       0xc8 Core/Src/gpio.o
                0x0000000008001888                MX_GPIO_Init
 .text.main     0x0000000008001950      0x14c Core/Src/main.o
                0x0000000008001950                main
 .text.SystemClock_Config
                0x0000000008001a9c       0xf4 Core/Src/main.o
                0x0000000008001a9c                SystemClock_Config
 .text.CC_LogInfo
                0x0000000008001b90       0x28 Core/Src/main.o
                0x0000000008001b90                CC_LogInfo
 .text.fsm_thread_mainLoop
                0x0000000008001bb8      0x17c Core/Src/main.o
                0x0000000008001bb8                fsm_thread_mainLoop
 .text.HAL_TIM_PeriodElapsedCallback
                0x0000000008001d34       0x24 Core/Src/main.o
                0x0000000008001d34                HAL_TIM_PeriodElapsedCallback
 .text.Error_Handler
                0x0000000008001d58        0xe Core/Src/main.o
                0x0000000008001d58                Error_Handler
 *fill*         0x0000000008001d66        0x2 
 .text.HAL_MspInit
                0x0000000008001d68       0x48 Core/Src/stm32f7xx_hal_msp.o
                0x0000000008001d68                HAL_MspInit
 .text.HAL_InitTick
                0x0000000008001db0       0xac Core/Src/stm32f7xx_hal_timebase_tim.o
                0x0000000008001db0                HAL_InitTick
 .text.NMI_Handler
                0x0000000008001e5c        0xe Core/Src/stm32f7xx_it.o
                0x0000000008001e5c                NMI_Handler
 .text.HardFault_Handler
                0x0000000008001e6a        0x6 Core/Src/stm32f7xx_it.o
                0x0000000008001e6a                HardFault_Handler
 .text.MemManage_Handler
                0x0000000008001e70        0x6 Core/Src/stm32f7xx_it.o
                0x0000000008001e70                MemManage_Handler
 .text.BusFault_Handler
                0x0000000008001e76        0x6 Core/Src/stm32f7xx_it.o
                0x0000000008001e76                BusFault_Handler
 .text.UsageFault_Handler
                0x0000000008001e7c        0x6 Core/Src/stm32f7xx_it.o
                0x0000000008001e7c                UsageFault_Handler
 .text.DebugMon_Handler
                0x0000000008001e82        0xe Core/Src/stm32f7xx_it.o
                0x0000000008001e82                DebugMon_Handler
 .text.EXTI15_10_IRQHandler
                0x0000000008001e90       0x4c Core/Src/stm32f7xx_it.o
                0x0000000008001e90                EXTI15_10_IRQHandler
 .text.TIM7_IRQHandler
                0x0000000008001edc       0x14 Core/Src/stm32f7xx_it.o
                0x0000000008001edc                TIM7_IRQHandler
 .text._sbrk    0x0000000008001ef0       0x6c Core/Src/sysmem.o
                0x0000000008001ef0                _sbrk
 .text.SystemInit
                0x0000000008001f5c       0x2c Core/Src/system_stm32f7xx.o
                0x0000000008001f5c                SystemInit
 .text.MX_USART3_UART_Init
                0x0000000008001f88       0x60 Core/Src/usart.o
                0x0000000008001f88                MX_USART3_UART_Init
 .text.HAL_UART_MspInit
                0x0000000008001fe8       0x88 Core/Src/usart.o
                0x0000000008001fe8                HAL_UART_MspInit
 .text.Reset_Handler
                0x0000000008002070       0x50 Core/Startup/startup_stm32f765vitx.o
                0x0000000008002070                Reset_Handler
 .text.Default_Handler
                0x00000000080020c0        0x2 Core/Startup/startup_stm32f765vitx.o
                0x00000000080020c0                RTC_Alarm_IRQHandler
                0x00000000080020c0                EXTI2_IRQHandler
                0x00000000080020c0                TIM8_CC_IRQHandler
                0x00000000080020c0                UART8_IRQHandler
                0x00000000080020c0                SPI4_IRQHandler
                0x00000000080020c0                TIM1_CC_IRQHandler
                0x00000000080020c0                DMA2_Stream5_IRQHandler
                0x00000000080020c0                DMA1_Stream5_IRQHandler
                0x00000000080020c0                CAN3_RX1_IRQHandler
                0x00000000080020c0                PVD_IRQHandler
                0x00000000080020c0                TAMP_STAMP_IRQHandler
                0x00000000080020c0                CAN2_RX1_IRQHandler
                0x00000000080020c0                EXTI3_IRQHandler
                0x00000000080020c0                TIM8_TRG_COM_TIM14_IRQHandler
                0x00000000080020c0                DFSDM1_FLT1_IRQHandler
                0x00000000080020c0                TIM1_UP_TIM10_IRQHandler
                0x00000000080020c0                TIM8_UP_TIM13_IRQHandler
                0x00000000080020c0                I2C3_ER_IRQHandler
                0x00000000080020c0                DFSDM1_FLT2_IRQHandler
                0x00000000080020c0                EXTI0_IRQHandler
                0x00000000080020c0                I2C2_EV_IRQHandler
                0x00000000080020c0                DMA1_Stream2_IRQHandler
                0x00000000080020c0                CAN1_RX0_IRQHandler
                0x00000000080020c0                FPU_IRQHandler
                0x00000000080020c0                OTG_HS_WKUP_IRQHandler
                0x00000000080020c0                CAN3_SCE_IRQHandler
                0x00000000080020c0                CAN2_SCE_IRQHandler
                0x00000000080020c0                DMA2_Stream2_IRQHandler
                0x00000000080020c0                SPI1_IRQHandler
                0x00000000080020c0                TIM6_DAC_IRQHandler
                0x00000000080020c0                TIM1_BRK_TIM9_IRQHandler
                0x00000000080020c0                DCMI_IRQHandler
                0x00000000080020c0                CAN2_RX0_IRQHandler
                0x00000000080020c0                DMA2_Stream3_IRQHandler
                0x00000000080020c0                SAI2_IRQHandler
                0x00000000080020c0                DFSDM1_FLT3_IRQHandler
                0x00000000080020c0                USART6_IRQHandler
                0x00000000080020c0                CAN3_RX0_IRQHandler
                0x00000000080020c0                USART3_IRQHandler
                0x00000000080020c0                CAN1_RX1_IRQHandler
                0x00000000080020c0                UART5_IRQHandler
                0x00000000080020c0                DMA2_Stream0_IRQHandler
                0x00000000080020c0                TIM4_IRQHandler
                0x00000000080020c0                QUADSPI_IRQHandler
                0x00000000080020c0                I2C1_EV_IRQHandler
                0x00000000080020c0                DMA1_Stream6_IRQHandler
                0x00000000080020c0                DMA1_Stream1_IRQHandler
                0x00000000080020c0                UART4_IRQHandler
                0x00000000080020c0                TIM3_IRQHandler
                0x00000000080020c0                RCC_IRQHandler
                0x00000000080020c0                TIM8_BRK_TIM12_IRQHandler
                0x00000000080020c0                Default_Handler
                0x00000000080020c0                CEC_IRQHandler
                0x00000000080020c0                ADC_IRQHandler
                0x00000000080020c0                DMA1_Stream7_IRQHandler
                0x00000000080020c0                SPI5_IRQHandler
                0x00000000080020c0                SDMMC1_IRQHandler
                0x00000000080020c0                CAN2_TX_IRQHandler
                0x00000000080020c0                TIM5_IRQHandler
                0x00000000080020c0                DMA2_Stream7_IRQHandler
                0x00000000080020c0                I2C3_EV_IRQHandler
                0x00000000080020c0                EXTI9_5_IRQHandler
                0x00000000080020c0                RTC_WKUP_IRQHandler
                0x00000000080020c0                ETH_WKUP_IRQHandler
                0x00000000080020c0                SPDIF_RX_IRQHandler
                0x00000000080020c0                SPI2_IRQHandler
                0x00000000080020c0                OTG_HS_EP1_IN_IRQHandler
                0x00000000080020c0                DMA1_Stream0_IRQHandler
                0x00000000080020c0                CAN1_TX_IRQHandler
                0x00000000080020c0                EXTI4_IRQHandler
                0x00000000080020c0                RNG_IRQHandler
                0x00000000080020c0                ETH_IRQHandler
                0x00000000080020c0                OTG_HS_EP1_OUT_IRQHandler
                0x00000000080020c0                WWDG_IRQHandler
                0x00000000080020c0                SPI6_IRQHandler
                0x00000000080020c0                MDIOS_IRQHandler
                0x00000000080020c0                I2C4_EV_IRQHandler
                0x00000000080020c0                CAN3_TX_IRQHandler
                0x00000000080020c0                TIM2_IRQHandler
                0x00000000080020c0                OTG_FS_WKUP_IRQHandler
                0x00000000080020c0                TIM1_TRG_COM_TIM11_IRQHandler
                0x00000000080020c0                OTG_HS_IRQHandler
                0x00000000080020c0                DMA2D_IRQHandler
                0x00000000080020c0                EXTI1_IRQHandler
                0x00000000080020c0                SDMMC2_IRQHandler
                0x00000000080020c0                UART7_IRQHandler
                0x00000000080020c0                USART2_IRQHandler
                0x00000000080020c0                DFSDM1_FLT0_IRQHandler
                0x00000000080020c0                I2C2_ER_IRQHandler
                0x00000000080020c0                DMA2_Stream1_IRQHandler
                0x00000000080020c0                CAN1_SCE_IRQHandler
                0x00000000080020c0                FLASH_IRQHandler
                0x00000000080020c0                DMA2_Stream4_IRQHandler
                0x00000000080020c0                USART1_IRQHandler
                0x00000000080020c0                OTG_FS_IRQHandler
                0x00000000080020c0                SPI3_IRQHandler
                0x00000000080020c0                DMA1_Stream4_IRQHandler
                0x00000000080020c0                I2C1_ER_IRQHandler
                0x00000000080020c0                FMC_IRQHandler
                0x00000000080020c0                LPTIM1_IRQHandler
                0x00000000080020c0                I2C4_ER_IRQHandler
                0x00000000080020c0                DMA2_Stream6_IRQHandler
                0x00000000080020c0                SAI1_IRQHandler
                0x00000000080020c0                DMA1_Stream3_IRQHandler
 .text.HAL_Init
                0x00000000080020c2       0x1a Drivers/STM32F7xx_HAL_Driver/Src/stm32f7xx_hal.o
                0x00000000080020c2                HAL_Init
 .text.HAL_IncTick
                0x00000000080020dc       0x28 Drivers/STM32F7xx_HAL_Driver/Src/stm32f7xx_hal.o
                0x00000000080020dc                HAL_IncTick
 .text.HAL_GetTick
                0x0000000008002104       0x18 Drivers/STM32F7xx_HAL_Driver/Src/stm32f7xx_hal.o
                0x0000000008002104                HAL_GetTick
 .text.HAL_ADC_Init
                0x000000000800211c       0x88 Drivers/STM32F7xx_HAL_Driver/Src/stm32f7xx_hal_adc.o
                0x000000000800211c                HAL_ADC_Init
 .text.HAL_ADC_Start
                0x00000000080021a4      0x180 Drivers/STM32F7xx_HAL_Driver/Src/stm32f7xx_hal_adc.o
                0x00000000080021a4                HAL_ADC_Start
 .text.HAL_ADC_Stop
                0x0000000008002324       0x68 Drivers/STM32F7xx_HAL_Driver/Src/stm32f7xx_hal_adc.o
                0x0000000008002324                HAL_ADC_Stop
 .text.HAL_ADC_GetValue
                0x000000000800238c       0x1a Drivers/STM32F7xx_HAL_Driver/Src/stm32f7xx_hal_adc.o
                0x000000000800238c                HAL_ADC_GetValue
 *fill*         0x00000000080023a6        0x2 
 .text.HAL_ADC_ConfigChannel
                0x00000000080023a8      0x294 Drivers/STM32F7xx_HAL_Driver/Src/stm32f7xx_hal_adc.o
                0x00000000080023a8                HAL_ADC_ConfigChannel
 .text.ADC_Init
                0x000000000800263c      0x1f4 Drivers/STM32F7xx_HAL_Driver/Src/stm32f7xx_hal_adc.o
 .text.HAL_CAN_Init
                0x0000000008002830      0x1f6 Drivers/STM32F7xx_HAL_Driver/Src/stm32f7xx_hal_can.o
                0x0000000008002830                HAL_CAN_Init
 *fill*         0x0000000008002a26        0x2 
 .text.HAL_CAN_ConfigFilter
                0x0000000008002a28      0x1d8 Drivers/STM32F7xx_HAL_Driver/Src/stm32f7xx_hal_can.o
                0x0000000008002a28                HAL_CAN_ConfigFilter
 .text.HAL_CAN_Start
                0x0000000008002c00       0x88 Drivers/STM32F7xx_HAL_Driver/Src/stm32f7xx_hal_can.o
                0x0000000008002c00                HAL_CAN_Start
 .text.HAL_CAN_AddTxMessage
                0x0000000008002c88      0x1b6 Drivers/STM32F7xx_HAL_Driver/Src/stm32f7xx_hal_can.o
                0x0000000008002c88                HAL_CAN_AddTxMessage
 .text.HAL_CAN_GetRxMessage
                0x0000000008002e3e      0x224 Drivers/STM32F7xx_HAL_Driver/Src/stm32f7xx_hal_can.o
                0x0000000008002e3e                HAL_CAN_GetRxMessage
 .text.HAL_CAN_GetRxFifoFillLevel
                0x0000000008003062       0x50 Drivers/STM32F7xx_HAL_Driver/Src/stm32f7xx_hal_can.o
                0x0000000008003062                HAL_CAN_GetRxFifoFillLevel
 *fill*         0x00000000080030b2        0x2 
 .text.__NVIC_SetPriorityGrouping
                0x00000000080030b4       0x48 Drivers/STM32F7xx_HAL_Driver/Src/stm32f7xx_hal_cortex.o
 .text.__NVIC_GetPriorityGrouping
                0x00000000080030fc       0x1c Drivers/STM32F7xx_HAL_Driver/Src/stm32f7xx_hal_cortex.o
 .text.__NVIC_EnableIRQ
                0x0000000008003118       0x3c Drivers/STM32F7xx_HAL_Driver/Src/stm32f7xx_hal_cortex.o
 .text.__NVIC_SetPriority
                0x0000000008003154       0x54 Drivers/STM32F7xx_HAL_Driver/Src/stm32f7xx_hal_cortex.o
 .text.NVIC_EncodePriority
                0x00000000080031a8       0x66 Drivers/STM32F7xx_HAL_Driver/Src/stm32f7xx_hal_cortex.o
 .text.HAL_NVIC_SetPriorityGrouping
                0x000000000800320e       0x16 Drivers/STM32F7xx_HAL_Driver/Src/stm32f7xx_hal_cortex.o
                0x000000000800320e                HAL_NVIC_SetPriorityGrouping
 .text.HAL_NVIC_SetPriority
                0x0000000008003224       0x38 Drivers/STM32F7xx_HAL_Driver/Src/stm32f7xx_hal_cortex.o
                0x0000000008003224                HAL_NVIC_SetPriority
 .text.HAL_NVIC_EnableIRQ
                0x000000000800325c       0x1c Drivers/STM32F7xx_HAL_Driver/Src/stm32f7xx_hal_cortex.o
                0x000000000800325c                HAL_NVIC_EnableIRQ
 .text.HAL_GPIO_Init
                0x0000000008003278      0x354 Drivers/STM32F7xx_HAL_Driver/Src/stm32f7xx_hal_gpio.o
                0x0000000008003278                HAL_GPIO_Init
 .text.HAL_GPIO_ReadPin
                0x00000000080035cc       0x30 Drivers/STM32F7xx_HAL_Driver/Src/stm32f7xx_hal_gpio.o
                0x00000000080035cc                HAL_GPIO_ReadPin
 .text.HAL_GPIO_WritePin
                0x00000000080035fc       0x32 Drivers/STM32F7xx_HAL_Driver/Src/stm32f7xx_hal_gpio.o
                0x00000000080035fc                HAL_GPIO_WritePin
 *fill*         0x000000000800362e        0x2 
 .text.HAL_GPIO_EXTI_IRQHandler
                0x0000000008003630       0x30 Drivers/STM32F7xx_HAL_Driver/Src/stm32f7xx_hal_gpio.o
                0x0000000008003630                HAL_GPIO_EXTI_IRQHandler
 .text.HAL_GPIO_EXTI_Callback
                0x0000000008003660       0x16 Drivers/STM32F7xx_HAL_Driver/Src/stm32f7xx_hal_gpio.o
                0x0000000008003660                HAL_GPIO_EXTI_Callback
 *fill*         0x0000000008003676        0x2 
 .text.HAL_RCC_OscConfig
                0x0000000008003678      0x55c Drivers/STM32F7xx_HAL_Driver/Src/stm32f7xx_hal_rcc.o
                0x0000000008003678                HAL_RCC_OscConfig
 .text.HAL_RCC_ClockConfig
                0x0000000008003bd4      0x1d8 Drivers/STM32F7xx_HAL_Driver/Src/stm32f7xx_hal_rcc.o
                0x0000000008003bd4                HAL_RCC_ClockConfig
 .text.HAL_RCC_GetSysClockFreq
                0x0000000008003dac      0x164 Drivers/STM32F7xx_HAL_Driver/Src/stm32f7xx_hal_rcc.o
                0x0000000008003dac                HAL_RCC_GetSysClockFreq
 .text.HAL_RCC_GetHCLKFreq
                0x0000000008003f10       0x18 Drivers/STM32F7xx_HAL_Driver/Src/stm32f7xx_hal_rcc.o
                0x0000000008003f10                HAL_RCC_GetHCLKFreq
 .text.HAL_RCC_GetPCLK1Freq
                0x0000000008003f28       0x28 Drivers/STM32F7xx_HAL_Driver/Src/stm32f7xx_hal_rcc.o
                0x0000000008003f28                HAL_RCC_GetPCLK1Freq
 .text.HAL_RCC_GetPCLK2Freq
                0x0000000008003f50       0x28 Drivers/STM32F7xx_HAL_Driver/Src/stm32f7xx_hal_rcc.o
                0x0000000008003f50                HAL_RCC_GetPCLK2Freq
 .text.HAL_RCC_GetClockConfig
                0x0000000008003f78       0x64 Drivers/STM32F7xx_HAL_Driver/Src/stm32f7xx_hal_rcc.o
                0x0000000008003f78                HAL_RCC_GetClockConfig
 .text.HAL_RCCEx_PeriphCLKConfig
                0x0000000008003fdc      0x7dc Drivers/STM32F7xx_HAL_Driver/Src/stm32f7xx_hal_rcc_ex.o
                0x0000000008003fdc                HAL_RCCEx_PeriphCLKConfig
 .text.HAL_TIM_Base_Init
                0x00000000080047b8       0x56 Drivers/STM32F7xx_HAL_Driver/Src/stm32f7xx_hal_tim.o
                0x00000000080047b8                HAL_TIM_Base_Init
 .text.HAL_TIM_Base_MspInit
                0x000000000800480e       0x14 Drivers/STM32F7xx_HAL_Driver/Src/stm32f7xx_hal_tim.o
                0x000000000800480e                HAL_TIM_Base_MspInit
 *fill*         0x0000000008004822        0x2 
 .text.HAL_TIM_Base_Start_IT
                0x0000000008004824       0x54 Drivers/STM32F7xx_HAL_Driver/Src/stm32f7xx_hal_tim.o
                0x0000000008004824                HAL_TIM_Base_Start_IT
 .text.HAL_TIM_IRQHandler
                0x0000000008004878      0x23e Drivers/STM32F7xx_HAL_Driver/Src/stm32f7xx_hal_tim.o
                0x0000000008004878                HAL_TIM_IRQHandler
 .text.HAL_TIM_OC_DelayElapsedCallback
                0x0000000008004ab6       0x14 Drivers/STM32F7xx_HAL_Driver/Src/stm32f7xx_hal_tim.o
                0x0000000008004ab6                HAL_TIM_OC_DelayElapsedCallback
 .text.HAL_TIM_IC_CaptureCallback
                0x0000000008004aca       0x14 Drivers/STM32F7xx_HAL_Driver/Src/stm32f7xx_hal_tim.o
                0x0000000008004aca                HAL_TIM_IC_CaptureCallback
 .text.HAL_TIM_PWM_PulseFinishedCallback
                0x0000000008004ade       0x14 Drivers/STM32F7xx_HAL_Driver/Src/stm32f7xx_hal_tim.o
                0x0000000008004ade                HAL_TIM_PWM_PulseFinishedCallback
 .text.HAL_TIM_TriggerCallback
                0x0000000008004af2       0x14 Drivers/STM32F7xx_HAL_Driver/Src/stm32f7xx_hal_tim.o
                0x0000000008004af2                HAL_TIM_TriggerCallback
 *fill*         0x0000000008004b06        0x2 
 .text.TIM_Base_SetConfig
                0x0000000008004b08      0x140 Drivers/STM32F7xx_HAL_Driver/Src/stm32f7xx_hal_tim.o
                0x0000000008004b08                TIM_Base_SetConfig
 .text.HAL_TIMEx_CommutCallback
                0x0000000008004c48       0x14 Drivers/STM32F7xx_HAL_Driver/Src/stm32f7xx_hal_tim_ex.o
                0x0000000008004c48                HAL_TIMEx_CommutCallback
 .text.HAL_TIMEx_BreakCallback
                0x0000000008004c5c       0x14 Drivers/STM32F7xx_HAL_Driver/Src/stm32f7xx_hal_tim_ex.o
                0x0000000008004c5c                HAL_TIMEx_BreakCallback
 .text.HAL_TIMEx_Break2Callback
                0x0000000008004c70       0x14 Drivers/STM32F7xx_HAL_Driver/Src/stm32f7xx_hal_tim_ex.o
                0x0000000008004c70                HAL_TIMEx_Break2Callback
 .text.HAL_UART_Init
                0x0000000008004c84       0x9c Drivers/STM32F7xx_HAL_Driver/Src/stm32f7xx_hal_uart.o
                0x0000000008004c84                HAL_UART_Init
 .text.HAL_UART_Transmit
                0x0000000008004d20      0x122 Drivers/STM32F7xx_HAL_Driver/Src/stm32f7xx_hal_uart.o
                0x0000000008004d20                HAL_UART_Transmit
 *fill*         0x0000000008004e42        0x2 
 .text.UART_SetConfig
                0x0000000008004e44      0x554 Drivers/STM32F7xx_HAL_Driver/Src/stm32f7xx_hal_uart.o
                0x0000000008004e44                UART_SetConfig
 .text.UART_AdvFeatureConfig
                0x0000000008005398      0x144 Drivers/STM32F7xx_HAL_Driver/Src/stm32f7xx_hal_uart.o
                0x0000000008005398                UART_AdvFeatureConfig
 .text.UART_CheckIdleState
                0x00000000080054dc       0x8a Drivers/STM32F7xx_HAL_Driver/Src/stm32f7xx_hal_uart.o
                0x00000000080054dc                UART_CheckIdleState
 .text.UART_WaitOnFlagUntilTimeout
                0x0000000008005566       0xf6 Drivers/STM32F7xx_HAL_Driver/Src/stm32f7xx_hal_uart.o
                0x0000000008005566                UART_WaitOnFlagUntilTimeout
 .text.SVC_Setup
                0x000000000800565c        0xe Middlewares/Third_Party/FreeRTOS/Source/CMSIS_RTOS_V2/cmsis_os2.o
 *fill*         0x000000000800566a        0x2 
 .text.osKernelInitialize
                0x000000000800566c       0x68 Middlewares/Third_Party/FreeRTOS/Source/CMSIS_RTOS_V2/cmsis_os2.o
                0x000000000800566c                osKernelInitialize
 .text.osKernelStart
                0x00000000080056d4       0x6c Middlewares/Third_Party/FreeRTOS/Source/CMSIS_RTOS_V2/cmsis_os2.o
                0x00000000080056d4                osKernelStart
 .text.osThreadNew
                0x0000000008005740      0x14c Middlewares/Third_Party/FreeRTOS/Source/CMSIS_RTOS_V2/cmsis_os2.o
                0x0000000008005740                osThreadNew
 .text.osDelay  0x000000000800588c       0x5c Middlewares/Third_Party/FreeRTOS/Source/CMSIS_RTOS_V2/cmsis_os2.o
                0x000000000800588c                osDelay
 .text.osSemaphoreNew
                0x00000000080058e8      0x13c Middlewares/Third_Party/FreeRTOS/Source/CMSIS_RTOS_V2/cmsis_os2.o
                0x00000000080058e8                osSemaphoreNew
 .text.osSemaphoreAcquire
                0x0000000008005a24       0xcc Middlewares/Third_Party/FreeRTOS/Source/CMSIS_RTOS_V2/cmsis_os2.o
                0x0000000008005a24                osSemaphoreAcquire
 .text.osSemaphoreRelease
                0x0000000008005af0       0xb0 Middlewares/Third_Party/FreeRTOS/Source/CMSIS_RTOS_V2/cmsis_os2.o
                0x0000000008005af0                osSemaphoreRelease
 .text.osMessageQueueNew
                0x0000000008005ba0      0x10c Middlewares/Third_Party/FreeRTOS/Source/CMSIS_RTOS_V2/cmsis_os2.o
                0x0000000008005ba0                osMessageQueueNew
 .text.osMessageQueuePut
                0x0000000008005cac       0xe8 Middlewares/Third_Party/FreeRTOS/Source/CMSIS_RTOS_V2/cmsis_os2.o
                0x0000000008005cac                osMessageQueuePut
 .text.osMessageQueueGet
                0x0000000008005d94       0xe4 Middlewares/Third_Party/FreeRTOS/Source/CMSIS_RTOS_V2/cmsis_os2.o
                0x0000000008005d94                osMessageQueueGet
 .text.osMessageQueueGetCount
                0x0000000008005e78       0x64 Middlewares/Third_Party/FreeRTOS/Source/CMSIS_RTOS_V2/cmsis_os2.o
                0x0000000008005e78                osMessageQueueGetCount
 .text.vApplicationGetIdleTaskMemory
                0x0000000008005edc       0x34 Middlewares/Third_Party/FreeRTOS/Source/CMSIS_RTOS_V2/cmsis_os2.o
                0x0000000008005edc                vApplicationGetIdleTaskMemory
 .text.vApplicationGetTimerTaskMemory
                0x0000000008005f10       0x34 Middlewares/Third_Party/FreeRTOS/Source/CMSIS_RTOS_V2/cmsis_os2.o
                0x0000000008005f10                vApplicationGetTimerTaskMemory
 .text.vListInitialise
                0x0000000008005f44       0x40 Middlewares/Third_Party/FreeRTOS/Source/list.o
                0x0000000008005f44                vListInitialise
 .text.vListInitialiseItem
                0x0000000008005f84       0x1a Middlewares/Third_Party/FreeRTOS/Source/list.o
                0x0000000008005f84                vListInitialiseItem
 .text.vListInsertEnd
                0x0000000008005f9e       0x48 Middlewares/Third_Party/FreeRTOS/Source/list.o
                0x0000000008005f9e                vListInsertEnd
 .text.vListInsert
                0x0000000008005fe6       0x72 Middlewares/Third_Party/FreeRTOS/Source/list.o
                0x0000000008005fe6                vListInsert
 .text.uxListRemove
                0x0000000008006058       0x54 Middlewares/Third_Party/FreeRTOS/Source/list.o
                0x0000000008006058                uxListRemove
 .text.xQueueGenericReset
                0x00000000080060ac       0xd4 Middlewares/Third_Party/FreeRTOS/Source/queue.o
                0x00000000080060ac                xQueueGenericReset
 .text.xQueueGenericCreateStatic
                0x0000000008006180       0xfa Middlewares/Third_Party/FreeRTOS/Source/queue.o
                0x0000000008006180                xQueueGenericCreateStatic
 .text.xQueueGenericCreate
                0x000000000800627a       0x82 Middlewares/Third_Party/FreeRTOS/Source/queue.o
                0x000000000800627a                xQueueGenericCreate
 .text.prvInitialiseNewQueue
                0x00000000080062fc       0x46 Middlewares/Third_Party/FreeRTOS/Source/queue.o
 .text.xQueueCreateCountingSemaphoreStatic
                0x0000000008006342       0x72 Middlewares/Third_Party/FreeRTOS/Source/queue.o
                0x0000000008006342                xQueueCreateCountingSemaphoreStatic
 .text.xQueueCreateCountingSemaphore
                0x00000000080063b4       0x6a Middlewares/Third_Party/FreeRTOS/Source/queue.o
                0x00000000080063b4                xQueueCreateCountingSemaphore
 *fill*         0x000000000800641e        0x2 
 .text.xQueueGenericSend
                0x0000000008006420      0x204 Middlewares/Third_Party/FreeRTOS/Source/queue.o
                0x0000000008006420                xQueueGenericSend
 .text.xQueueGenericSendFromISR
                0x0000000008006624      0x138 Middlewares/Third_Party/FreeRTOS/Source/queue.o
                0x0000000008006624                xQueueGenericSendFromISR
 .text.xQueueGiveFromISR
                0x000000000800675c      0x122 Middlewares/Third_Party/FreeRTOS/Source/queue.o
                0x000000000800675c                xQueueGiveFromISR
 *fill*         0x000000000800687e        0x2 
 .text.xQueueReceive
                0x0000000008006880      0x1c4 Middlewares/Third_Party/FreeRTOS/Source/queue.o
                0x0000000008006880                xQueueReceive
 .text.xQueueSemaphoreTake
                0x0000000008006a44      0x220 Middlewares/Third_Party/FreeRTOS/Source/queue.o
                0x0000000008006a44                xQueueSemaphoreTake
 .text.xQueueReceiveFromISR
                0x0000000008006c64      0x106 Middlewares/Third_Party/FreeRTOS/Source/queue.o
                0x0000000008006c64                xQueueReceiveFromISR
 .text.uxQueueMessagesWaiting
                0x0000000008006d6a       0x3e Middlewares/Third_Party/FreeRTOS/Source/queue.o
                0x0000000008006d6a                uxQueueMessagesWaiting
 .text.uxQueueMessagesWaitingFromISR
                0x0000000008006da8       0x3e Middlewares/Third_Party/FreeRTOS/Source/queue.o
                0x0000000008006da8                uxQueueMessagesWaitingFromISR
 .text.vQueueDelete
                0x0000000008006de6       0x48 Middlewares/Third_Party/FreeRTOS/Source/queue.o
                0x0000000008006de6                vQueueDelete
 .text.prvGetDisinheritPriorityAfterTimeout
                0x0000000008006e2e       0x30 Middlewares/Third_Party/FreeRTOS/Source/queue.o
 .text.prvCopyDataToQueue
                0x0000000008006e5e       0xd4 Middlewares/Third_Party/FreeRTOS/Source/queue.o
 .text.prvCopyDataFromQueue
                0x0000000008006f32       0x4c Middlewares/Third_Party/FreeRTOS/Source/queue.o
 .text.prvUnlockQueue
                0x0000000008006f7e       0xa4 Middlewares/Third_Party/FreeRTOS/Source/queue.o
 .text.prvIsQueueEmpty
                0x0000000008007022       0x2c Middlewares/Third_Party/FreeRTOS/Source/queue.o
 .text.prvIsQueueFull
                0x000000000800704e       0x30 Middlewares/Third_Party/FreeRTOS/Source/queue.o
 *fill*         0x000000000800707e        0x2 
 .text.vQueueAddToRegistry
                0x0000000008007080       0x50 Middlewares/Third_Party/FreeRTOS/Source/queue.o
                0x0000000008007080                vQueueAddToRegistry
 .text.vQueueUnregisterQueue
                0x00000000080070d0       0x54 Middlewares/Third_Party/FreeRTOS/Source/queue.o
                0x00000000080070d0                vQueueUnregisterQueue
 .text.vQueueWaitForMessageRestricted
                0x0000000008007124       0x68 Middlewares/Third_Party/FreeRTOS/Source/queue.o
                0x0000000008007124                vQueueWaitForMessageRestricted
 .text.xTaskCreateStatic
                0x000000000800718c       0xc0 Middlewares/Third_Party/FreeRTOS/Source/tasks.o
                0x000000000800718c                xTaskCreateStatic
 .text.xTaskCreate
                0x000000000800724c       0x8a Middlewares/Third_Party/FreeRTOS/Source/tasks.o
                0x000000000800724c                xTaskCreate
 .text.prvInitialiseNewTask
                0x00000000080072d6      0x120 Middlewares/Third_Party/FreeRTOS/Source/tasks.o
 *fill*         0x00000000080073f6        0x2 
 .text.prvAddNewTaskToReadyList
                0x00000000080073f8       0xe0 Middlewares/Third_Party/FreeRTOS/Source/tasks.o
 .text.vTaskDelay
                0x00000000080074d8       0x6c Middlewares/Third_Party/FreeRTOS/Source/tasks.o
                0x00000000080074d8                vTaskDelay
 .text.vTaskStartScheduler
                0x0000000008007544       0xd0 Middlewares/Third_Party/FreeRTOS/Source/tasks.o
                0x0000000008007544                vTaskStartScheduler
 .text.vTaskSuspendAll
                0x0000000008007614       0x1c Middlewares/Third_Party/FreeRTOS/Source/tasks.o
                0x0000000008007614                vTaskSuspendAll
 .text.xTaskResumeAll
                0x0000000008007630      0x13c Middlewares/Third_Party/FreeRTOS/Source/tasks.o
                0x0000000008007630                xTaskResumeAll
 .text.xTaskGetTickCount
                0x000000000800776c       0x20 Middlewares/Third_Party/FreeRTOS/Source/tasks.o
                0x000000000800776c                xTaskGetTickCount
 .text.xTaskIncrementTick
                0x000000000800778c      0x174 Middlewares/Third_Party/FreeRTOS/Source/tasks.o
                0x000000000800778c                xTaskIncrementTick
 .text.vTaskSwitchContext
                0x0000000008007900       0xbc Middlewares/Third_Party/FreeRTOS/Source/tasks.o
                0x0000000008007900                vTaskSwitchContext
 .text.vTaskPlaceOnEventList
                0x00000000080079bc       0x4c Middlewares/Third_Party/FreeRTOS/Source/tasks.o
                0x00000000080079bc                vTaskPlaceOnEventList
 .text.vTaskPlaceOnEventListRestricted
                0x0000000008007a08       0x58 Middlewares/Third_Party/FreeRTOS/Source/tasks.o
                0x0000000008007a08                vTaskPlaceOnEventListRestricted
 .text.xTaskRemoveFromEventList
                0x0000000008007a60       0xc8 Middlewares/Third_Party/FreeRTOS/Source/tasks.o
                0x0000000008007a60                xTaskRemoveFromEventList
 .text.vTaskInternalSetTimeOutState
                0x0000000008007b28       0x2c Middlewares/Third_Party/FreeRTOS/Source/tasks.o
                0x0000000008007b28                vTaskInternalSetTimeOutState
 .text.xTaskCheckForTimeOut
                0x0000000008007b54       0xc8 Middlewares/Third_Party/FreeRTOS/Source/tasks.o
                0x0000000008007b54                xTaskCheckForTimeOut
 .text.vTaskMissedYield
                0x0000000008007c1c       0x18 Middlewares/Third_Party/FreeRTOS/Source/tasks.o
                0x0000000008007c1c                vTaskMissedYield
 .text.prvIdleTask
                0x0000000008007c34       0x30 Middlewares/Third_Party/FreeRTOS/Source/tasks.o
 .text.prvInitialiseTaskLists
                0x0000000008007c64       0x80 Middlewares/Third_Party/FreeRTOS/Source/tasks.o
 .text.prvCheckTasksWaitingTermination
                0x0000000008007ce4       0x58 Middlewares/Third_Party/FreeRTOS/Source/tasks.o
 .text.prvDeleteTCB
                0x0000000008007d3c       0x60 Middlewares/Third_Party/FreeRTOS/Source/tasks.o
 .text.prvResetNextTaskUnblockTime
                0x0000000008007d9c       0x40 Middlewares/Third_Party/FreeRTOS/Source/tasks.o
 .text.xTaskGetSchedulerState
                0x0000000008007ddc       0x3c Middlewares/Third_Party/FreeRTOS/Source/tasks.o
                0x0000000008007ddc                xTaskGetSchedulerState
 .text.xTaskPriorityInherit
                0x0000000008007e18       0xd0 Middlewares/Third_Party/FreeRTOS/Source/tasks.o
                0x0000000008007e18                xTaskPriorityInherit
 .text.xTaskPriorityDisinherit
                0x0000000008007ee8       0xe0 Middlewares/Third_Party/FreeRTOS/Source/tasks.o
                0x0000000008007ee8                xTaskPriorityDisinherit
 .text.vTaskPriorityDisinheritAfterTimeout
                0x0000000008007fc8      0x108 Middlewares/Third_Party/FreeRTOS/Source/tasks.o
                0x0000000008007fc8                vTaskPriorityDisinheritAfterTimeout
 .text.pvTaskIncrementMutexHeldCount
                0x00000000080080d0       0x28 Middlewares/Third_Party/FreeRTOS/Source/tasks.o
                0x00000000080080d0                pvTaskIncrementMutexHeldCount
 .text.prvAddCurrentTaskToDelayedList
                0x00000000080080f8       0xa8 Middlewares/Third_Party/FreeRTOS/Source/tasks.o
 .text.xTimerCreateTimerTask
                0x00000000080081a0       0x94 Middlewares/Third_Party/FreeRTOS/Source/timers.o
                0x00000000080081a0                xTimerCreateTimerTask
 .text.xTimerGenericCommand
                0x0000000008008234       0x9c Middlewares/Third_Party/FreeRTOS/Source/timers.o
                0x0000000008008234                xTimerGenericCommand
 .text.prvProcessExpiredTimer
                0x00000000080082d0       0x9c Middlewares/Third_Party/FreeRTOS/Source/timers.o
 .text.prvTimerTask
                0x000000000800836c       0x24 Middlewares/Third_Party/FreeRTOS/Source/timers.o
 .text.prvProcessTimerOrBlockTask
                0x0000000008008390       0x9c Middlewares/Third_Party/FreeRTOS/Source/timers.o
 .text.prvGetNextExpireTime
                0x000000000800842c       0x48 Middlewares/Third_Party/FreeRTOS/Source/timers.o
 .text.prvSampleTimeNow
                0x0000000008008474       0x40 Middlewares/Third_Party/FreeRTOS/Source/timers.o
 .text.prvInsertTimerInActiveList
                0x00000000080084b4       0x84 Middlewares/Third_Party/FreeRTOS/Source/timers.o
 .text.prvProcessReceivedCommands
                0x0000000008008538      0x1c4 Middlewares/Third_Party/FreeRTOS/Source/timers.o
 .text.prvSwitchTimerLists
                0x00000000080086fc       0xcc Middlewares/Third_Party/FreeRTOS/Source/timers.o
 .text.prvCheckForValidListAndQueue
                0x00000000080087c8       0x80 Middlewares/Third_Party/FreeRTOS/Source/timers.o
 .text.pxPortInitialiseStack
                0x0000000008008848       0x68 Middlewares/Third_Party/FreeRTOS/Source/portable/GCC/ARM_CM7/r0p1/port.o
                0x0000000008008848                pxPortInitialiseStack
 .text.prvTaskExitError
                0x00000000080088b0       0x5c Middlewares/Third_Party/FreeRTOS/Source/portable/GCC/ARM_CM7/r0p1/port.o
 *fill*         0x000000000800890c        0x4 
 .text.SVC_Handler
                0x0000000008008910       0x28 Middlewares/Third_Party/FreeRTOS/Source/portable/GCC/ARM_CM7/r0p1/port.o
                0x0000000008008910                SVC_Handler
 .text.prvPortStartFirstTask
                0x0000000008008938       0x28 Middlewares/Third_Party/FreeRTOS/Source/portable/GCC/ARM_CM7/r0p1/port.o
 .text.xPortStartScheduler
                0x0000000008008960       0xf8 Middlewares/Third_Party/FreeRTOS/Source/portable/GCC/ARM_CM7/r0p1/port.o
                0x0000000008008960                xPortStartScheduler
 .text.vPortEnterCritical
                0x0000000008008a58       0x64 Middlewares/Third_Party/FreeRTOS/Source/portable/GCC/ARM_CM7/r0p1/port.o
                0x0000000008008a58                vPortEnterCritical
 .text.vPortExitCritical
                0x0000000008008abc       0x54 Middlewares/Third_Party/FreeRTOS/Source/portable/GCC/ARM_CM7/r0p1/port.o
                0x0000000008008abc                vPortExitCritical
 .text.PendSV_Handler
                0x0000000008008b10       0x68 Middlewares/Third_Party/FreeRTOS/Source/portable/GCC/ARM_CM7/r0p1/port.o
                0x0000000008008b10                PendSV_Handler
 .text.SysTick_Handler
                0x0000000008008b78       0x44 Middlewares/Third_Party/FreeRTOS/Source/portable/GCC/ARM_CM7/r0p1/port.o
                0x0000000008008b78                SysTick_Handler
 .text.vPortSetupTimerInterrupt
                0x0000000008008bbc       0x48 Middlewares/Third_Party/FreeRTOS/Source/portable/GCC/ARM_CM7/r0p1/port.o
                0x0000000008008bbc                vPortSetupTimerInterrupt
 .text.vPortEnableVFP
                0x0000000008008c04       0x14 Middlewares/Third_Party/FreeRTOS/Source/portable/GCC/ARM_CM7/r0p1/port.o
 .text.vPortValidateInterruptPriority
                0x0000000008008c18       0x84 Middlewares/Third_Party/FreeRTOS/Source/portable/GCC/ARM_CM7/r0p1/port.o
                0x0000000008008c18                vPortValidateInterruptPriority
 .text.pvPortMalloc
                0x0000000008008c9c      0x190 Middlewares/Third_Party/FreeRTOS/Source/portable/MemMang/heap_4.o
                0x0000000008008c9c                pvPortMalloc
 .text.vPortFree
                0x0000000008008e2c       0xb8 Middlewares/Third_Party/FreeRTOS/Source/portable/MemMang/heap_4.o
                0x0000000008008e2c                vPortFree
 .text.prvHeapInit
                0x0000000008008ee4       0xc4 Middlewares/Third_Party/FreeRTOS/Source/portable/MemMang/heap_4.o
 .text.prvInsertBlockIntoFreeList
                0x0000000008008fa8       0xb4 Middlewares/Third_Party/FreeRTOS/Source/portable/MemMang/heap_4.o
 .text.__errno  0x000000000800905c        0xc /opt/st/stm32cubeide_1.4.0/plugins/com.st.stm32cube.ide.mcu.externaltools.gnu-tools-for-stm32.7-2018-q2-update.linux64_1.4.0.202007081208/tools/bin/../lib/gcc/arm-none-eabi/7.3.1/../../../../arm-none-eabi/lib/thumb/v7e-m/fpv5/hard/libc_nano.a(lib_a-errno.o)
                0x000000000800905c                __errno
 .text.__libc_init_array
                0x0000000008009068       0x48 /opt/st/stm32cubeide_1.4.0/plugins/com.st.stm32cube.ide.mcu.externaltools.gnu-tools-for-stm32.7-2018-q2-update.linux64_1.4.0.202007081208/tools/bin/../lib/gcc/arm-none-eabi/7.3.1/../../../../arm-none-eabi/lib/thumb/v7e-m/fpv5/hard/libc_nano.a(lib_a-init.o)
                0x0000000008009068                __libc_init_array
 .text.malloc   0x00000000080090b0       0x10 /opt/st/stm32cubeide_1.4.0/plugins/com.st.stm32cube.ide.mcu.externaltools.gnu-tools-for-stm32.7-2018-q2-update.linux64_1.4.0.202007081208/tools/bin/../lib/gcc/arm-none-eabi/7.3.1/../../../../arm-none-eabi/lib/thumb/v7e-m/fpv5/hard/libc_nano.a(lib_a-malloc.o)
                0x00000000080090b0                malloc
 .text.memcpy   0x00000000080090c0       0x16 /opt/st/stm32cubeide_1.4.0/plugins/com.st.stm32cube.ide.mcu.externaltools.gnu-tools-for-stm32.7-2018-q2-update.linux64_1.4.0.202007081208/tools/bin/../lib/gcc/arm-none-eabi/7.3.1/../../../../arm-none-eabi/lib/thumb/v7e-m/fpv5/hard/libc_nano.a(lib_a-memcpy-stub.o)
                0x00000000080090c0                memcpy
 .text.memset   0x00000000080090d6       0x10 /opt/st/stm32cubeide_1.4.0/plugins/com.st.stm32cube.ide.mcu.externaltools.gnu-tools-for-stm32.7-2018-q2-update.linux64_1.4.0.202007081208/tools/bin/../lib/gcc/arm-none-eabi/7.3.1/../../../../arm-none-eabi/lib/thumb/v7e-m/fpv5/hard/libc_nano.a(lib_a-memset.o)
                0x00000000080090d6                memset
 *fill*         0x00000000080090e6        0x2 
 .text._free_r  0x00000000080090e8       0x9c /opt/st/stm32cubeide_1.4.0/plugins/com.st.stm32cube.ide.mcu.externaltools.gnu-tools-for-stm32.7-2018-q2-update.linux64_1.4.0.202007081208/tools/bin/../lib/gcc/arm-none-eabi/7.3.1/../../../../arm-none-eabi/lib/thumb/v7e-m/fpv5/hard/libc_nano.a(lib_a-nano-freer.o)
                0x00000000080090e8                _free_r
 .text._malloc_r
                0x0000000008009184       0xb4 /opt/st/stm32cubeide_1.4.0/plugins/com.st.stm32cube.ide.mcu.externaltools.gnu-tools-for-stm32.7-2018-q2-update.linux64_1.4.0.202007081208/tools/bin/../lib/gcc/arm-none-eabi/7.3.1/../../../../arm-none-eabi/lib/thumb/v7e-m/fpv5/hard/libc_nano.a(lib_a-nano-mallocr.o)
                0x0000000008009184                _malloc_r
 .text._sbrk_r  0x0000000008009238       0x20 /opt/st/stm32cubeide_1.4.0/plugins/com.st.stm32cube.ide.mcu.externaltools.gnu-tools-for-stm32.7-2018-q2-update.linux64_1.4.0.202007081208/tools/bin/../lib/gcc/arm-none-eabi/7.3.1/../../../../arm-none-eabi/lib/thumb/v7e-m/fpv5/hard/libc_nano.a(lib_a-sbrkr.o)
                0x0000000008009238                _sbrk_r
 .text.sprintf  0x0000000008009258       0x40 /opt/st/stm32cubeide_1.4.0/plugins/com.st.stm32cube.ide.mcu.externaltools.gnu-tools-for-stm32.7-2018-q2-update.linux64_1.4.0.202007081208/tools/bin/../lib/gcc/arm-none-eabi/7.3.1/../../../../arm-none-eabi/lib/thumb/v7e-m/fpv5/hard/libc_nano.a(lib_a-sprintf.o)
                0x0000000008009258                sprintf
                0x0000000008009258                siprintf
 .text.__malloc_lock
                0x0000000008009298        0x2 /opt/st/stm32cubeide_1.4.0/plugins/com.st.stm32cube.ide.mcu.externaltools.gnu-tools-for-stm32.7-2018-q2-update.linux64_1.4.0.202007081208/tools/bin/../lib/gcc/arm-none-eabi/7.3.1/../../../../arm-none-eabi/lib/thumb/v7e-m/fpv5/hard/libc_nano.a(lib_a-mlock.o)
                0x0000000008009298                __malloc_lock
 .text.__malloc_unlock
                0x000000000800929a        0x2 /opt/st/stm32cubeide_1.4.0/plugins/com.st.stm32cube.ide.mcu.externaltools.gnu-tools-for-stm32.7-2018-q2-update.linux64_1.4.0.202007081208/tools/bin/../lib/gcc/arm-none-eabi/7.3.1/../../../../arm-none-eabi/lib/thumb/v7e-m/fpv5/hard/libc_nano.a(lib_a-mlock.o)
                0x000000000800929a                __malloc_unlock
 .text.__ssputs_r
                0x000000000800929c       0xb4 /opt/st/stm32cubeide_1.4.0/plugins/com.st.stm32cube.ide.mcu.externaltools.gnu-tools-for-stm32.7-2018-q2-update.linux64_1.4.0.202007081208/tools/bin/../lib/gcc/arm-none-eabi/7.3.1/../../../../arm-none-eabi/lib/thumb/v7e-m/fpv5/hard/libc_nano.a(lib_a-nano-svfprintf.o)
                0x000000000800929c                __ssputs_r
 .text._svfprintf_r
                0x0000000008009350      0x1f0 /opt/st/stm32cubeide_1.4.0/plugins/com.st.stm32cube.ide.mcu.externaltools.gnu-tools-for-stm32.7-2018-q2-update.linux64_1.4.0.202007081208/tools/bin/../lib/gcc/arm-none-eabi/7.3.1/../../../../arm-none-eabi/lib/thumb/v7e-m/fpv5/hard/libc_nano.a(lib_a-nano-svfprintf.o)
                0x0000000008009350                _svfprintf_r
                0x0000000008009350                _svfiprintf_r
 .text._printf_common
                0x0000000008009540       0xea /opt/st/stm32cubeide_1.4.0/plugins/com.st.stm32cube.ide.mcu.externaltools.gnu-tools-for-stm32.7-2018-q2-update.linux64_1.4.0.202007081208/tools/bin/../lib/gcc/arm-none-eabi/7.3.1/../../../../arm-none-eabi/lib/thumb/v7e-m/fpv5/hard/libc_nano.a(lib_a-nano-vfprintf_i.o)
                0x0000000008009540                _printf_common
 *fill*         0x000000000800962a        0x2 
 .text._printf_i
                0x000000000800962c      0x224 /opt/st/stm32cubeide_1.4.0/plugins/com.st.stm32cube.ide.mcu.externaltools.gnu-tools-for-stm32.7-2018-q2-update.linux64_1.4.0.202007081208/tools/bin/../lib/gcc/arm-none-eabi/7.3.1/../../../../arm-none-eabi/lib/thumb/v7e-m/fpv5/hard/libc_nano.a(lib_a-nano-vfprintf_i.o)
                0x000000000800962c                _printf_i
 .text.memmove  0x0000000008009850       0x32 /opt/st/stm32cubeide_1.4.0/plugins/com.st.stm32cube.ide.mcu.externaltools.gnu-tools-for-stm32.7-2018-q2-update.linux64_1.4.0.202007081208/tools/bin/../lib/gcc/arm-none-eabi/7.3.1/../../../../arm-none-eabi/lib/thumb/v7e-m/fpv5/hard/libc_nano.a(lib_a-memmove.o)
                0x0000000008009850                memmove
 .text._realloc_r
                0x0000000008009882       0x4c /opt/st/stm32cubeide_1.4.0/plugins/com.st.stm32cube.ide.mcu.externaltools.gnu-tools-for-stm32.7-2018-q2-update.linux64_1.4.0.202007081208/tools/bin/../lib/gcc/arm-none-eabi/7.3.1/../../../../arm-none-eabi/lib/thumb/v7e-m/fpv5/hard/libc_nano.a(lib_a-nano-reallocr.o)
                0x0000000008009882                _realloc_r
 .text._malloc_usable_size_r
                0x00000000080098ce       0x10 /opt/st/stm32cubeide_1.4.0/plugins/com.st.stm32cube.ide.mcu.externaltools.gnu-tools-for-stm32.7-2018-q2-update.linux64_1.4.0.202007081208/tools/bin/../lib/gcc/arm-none-eabi/7.3.1/../../../../arm-none-eabi/lib/thumb/v7e-m/fpv5/hard/libc_nano.a(lib_a-nano-msizer.o)
                0x00000000080098ce                _malloc_usable_size_r
 *(.glue_7)
 .glue_7        0x00000000080098de        0x0 linker stubs
 *(.glue_7t)
 .glue_7t       0x00000000080098de        0x0 linker stubs
 *(.eh_frame)
 *fill*         0x00000000080098de        0x2 
 .eh_frame      0x00000000080098e0        0x0 /opt/st/stm32cubeide_1.4.0/plugins/com.st.stm32cube.ide.mcu.externaltools.gnu-tools-for-stm32.7-2018-q2-update.linux64_1.4.0.202007081208/tools/bin/../lib/gcc/arm-none-eabi/7.3.1/thumb/v7e-m/fpv5/hard/crtbegin.o
 *(.init)
 .init          0x00000000080098e0        0x4 /opt/st/stm32cubeide_1.4.0/plugins/com.st.stm32cube.ide.mcu.externaltools.gnu-tools-for-stm32.7-2018-q2-update.linux64_1.4.0.202007081208/tools/bin/../lib/gcc/arm-none-eabi/7.3.1/thumb/v7e-m/fpv5/hard/crti.o
                0x00000000080098e0                _init
 .init          0x00000000080098e4        0x8 /opt/st/stm32cubeide_1.4.0/plugins/com.st.stm32cube.ide.mcu.externaltools.gnu-tools-for-stm32.7-2018-q2-update.linux64_1.4.0.202007081208/tools/bin/../lib/gcc/arm-none-eabi/7.3.1/thumb/v7e-m/fpv5/hard/crtn.o
 *(.fini)
 .fini          0x00000000080098ec        0x4 /opt/st/stm32cubeide_1.4.0/plugins/com.st.stm32cube.ide.mcu.externaltools.gnu-tools-for-stm32.7-2018-q2-update.linux64_1.4.0.202007081208/tools/bin/../lib/gcc/arm-none-eabi/7.3.1/thumb/v7e-m/fpv5/hard/crti.o
                0x00000000080098ec                _fini
 .fini          0x00000000080098f0        0x8 /opt/st/stm32cubeide_1.4.0/plugins/com.st.stm32cube.ide.mcu.externaltools.gnu-tools-for-stm32.7-2018-q2-update.linux64_1.4.0.202007081208/tools/bin/../lib/gcc/arm-none-eabi/7.3.1/thumb/v7e-m/fpv5/hard/crtn.o
                0x00000000080098f8                . = ALIGN (0x4)
                0x00000000080098f8                _etext = .

.vfp11_veneer   0x00000000080098f8        0x0
 .vfp11_veneer  0x00000000080098f8        0x0 linker stubs

.v4_bx          0x00000000080098f8        0x0
 .v4_bx         0x00000000080098f8        0x0 linker stubs

.iplt           0x00000000080098f8        0x0
 .iplt          0x00000000080098f8        0x0 /opt/st/stm32cubeide_1.4.0/plugins/com.st.stm32cube.ide.mcu.externaltools.gnu-tools-for-stm32.7-2018-q2-update.linux64_1.4.0.202007081208/tools/bin/../lib/gcc/arm-none-eabi/7.3.1/thumb/v7e-m/fpv5/hard/crtbegin.o

.rodata         0x00000000080098f8      0x2f8
                0x00000000080098f8                . = ALIGN (0x4)
 *(.rodata)
 .rodata        0x00000000080098f8       0x87 Core/Common/Src/FSM.o
 *fill*         0x000000000800997f        0x1 
 .rodata        0x0000000008009980      0x111 Core/Src/CC_FSM_States.o
 *fill*         0x0000000008009a91        0x3 
 .rodata        0x0000000008009a94        0xc Core/Src/freertos.o
 .rodata        0x0000000008009aa0       0xa1 Core/Src/main.o
 *fill*         0x0000000008009b41        0x3 
 .rodata        0x0000000008009b44        0x5 Middlewares/Third_Party/FreeRTOS/Source/tasks.o
 *fill*         0x0000000008009b49        0x3 
 .rodata        0x0000000008009b4c        0xd Middlewares/Third_Party/FreeRTOS/Source/timers.o
 *(.rodata*)
 *fill*         0x0000000008009b59        0x3 
 .rodata.defaultTask_attributes
                0x0000000008009b5c       0x24 Core/Src/freertos.o
                0x0000000008009b5c                defaultTask_attributes
 .rodata.fsmThreadAttr
                0x0000000008009b80       0x24 Core/Src/main.o
                0x0000000008009b80                fsmThreadAttr
 .rodata.AHBPrescTable
                0x0000000008009ba4       0x10 Core/Src/system_stm32f7xx.o
                0x0000000008009ba4                AHBPrescTable
 .rodata.APBPrescTable
                0x0000000008009bb4        0x8 Core/Src/system_stm32f7xx.o
                0x0000000008009bb4                APBPrescTable
 .rodata._svfprintf_r.str1.1
                0x0000000008009bbc       0x11 /opt/st/stm32cubeide_1.4.0/plugins/com.st.stm32cube.ide.mcu.externaltools.gnu-tools-for-stm32.7-2018-q2-update.linux64_1.4.0.202007081208/tools/bin/../lib/gcc/arm-none-eabi/7.3.1/../../../../arm-none-eabi/lib/thumb/v7e-m/fpv5/hard/libc_nano.a(lib_a-nano-svfprintf.o)
 .rodata._printf_i.str1.1
                0x0000000008009bcd       0x22 /opt/st/stm32cubeide_1.4.0/plugins/com.st.stm32cube.ide.mcu.externaltools.gnu-tools-for-stm32.7-2018-q2-update.linux64_1.4.0.202007081208/tools/bin/../lib/gcc/arm-none-eabi/7.3.1/../../../../arm-none-eabi/lib/thumb/v7e-m/fpv5/hard/libc_nano.a(lib_a-nano-vfprintf_i.o)
                0x0000000008009bf0                . = ALIGN (0x4)
 *fill*         0x0000000008009bef        0x1 

.ARM.extab      0x0000000008009bf0        0x0
                0x0000000008009bf0                . = ALIGN (0x4)
 *(.ARM.extab* .gnu.linkonce.armextab.*)
                0x0000000008009bf0                . = ALIGN (0x4)

.ARM            0x0000000008009bf0        0x8
                0x0000000008009bf0                . = ALIGN (0x4)
                0x0000000008009bf0                __exidx_start = .
 *(.ARM.exidx*)
 .ARM.exidx     0x0000000008009bf0        0x8 /opt/st/stm32cubeide_1.4.0/plugins/com.st.stm32cube.ide.mcu.externaltools.gnu-tools-for-stm32.7-2018-q2-update.linux64_1.4.0.202007081208/tools/bin/../lib/gcc/arm-none-eabi/7.3.1/thumb/v7e-m/fpv5/hard/libgcc.a(_udivmoddi4.o)
                0x0000000008009bf8                __exidx_end = .
                0x0000000008009bf8                . = ALIGN (0x4)

.rel.dyn        0x0000000008009bf8        0x0
 .rel.iplt      0x0000000008009bf8        0x0 /opt/st/stm32cubeide_1.4.0/plugins/com.st.stm32cube.ide.mcu.externaltools.gnu-tools-for-stm32.7-2018-q2-update.linux64_1.4.0.202007081208/tools/bin/../lib/gcc/arm-none-eabi/7.3.1/thumb/v7e-m/fpv5/hard/crtbegin.o

.preinit_array  0x0000000008009bf8        0x0
                0x0000000008009bf8                . = ALIGN (0x4)
                0x0000000008009bf8                PROVIDE (__preinit_array_start = .)
 *(.preinit_array*)
                0x0000000008009bf8                PROVIDE (__preinit_array_end = .)
                0x0000000008009bf8                . = ALIGN (0x4)

.init_array     0x0000000008009bf8        0x4
                0x0000000008009bf8                . = ALIGN (0x4)
                0x0000000008009bf8                PROVIDE (__init_array_start = .)
 *(SORT_BY_NAME(.init_array.*))
 *(.init_array*)
 .init_array    0x0000000008009bf8        0x4 /opt/st/stm32cubeide_1.4.0/plugins/com.st.stm32cube.ide.mcu.externaltools.gnu-tools-for-stm32.7-2018-q2-update.linux64_1.4.0.202007081208/tools/bin/../lib/gcc/arm-none-eabi/7.3.1/thumb/v7e-m/fpv5/hard/crtbegin.o
                0x0000000008009bfc                PROVIDE (__init_array_end = .)
                0x0000000008009bfc                . = ALIGN (0x4)

.fini_array     0x0000000008009bfc        0x4
                0x0000000008009bfc                . = ALIGN (0x4)
                [!provide]                        PROVIDE (__fini_array_start = .)
 *(SORT_BY_NAME(.fini_array.*))
 *(.fini_array*)
 .fini_array    0x0000000008009bfc        0x4 /opt/st/stm32cubeide_1.4.0/plugins/com.st.stm32cube.ide.mcu.externaltools.gnu-tools-for-stm32.7-2018-q2-update.linux64_1.4.0.202007081208/tools/bin/../lib/gcc/arm-none-eabi/7.3.1/thumb/v7e-m/fpv5/hard/crtbegin.o
                [!provide]                        PROVIDE (__fini_array_end = .)
                0x0000000008009c00                . = ALIGN (0x4)
                0x0000000008009c00                _sidata = LOADADDR (.data)

.data           0x0000000020000000       0xb4 load address 0x0000000008009c00
                0x0000000020000000                . = ALIGN (0x4)
                0x0000000020000000                _sdata = .
 *(.data)
 *(.data*)
 .data.startState
                0x0000000020000000       0x10 Core/Src/CC_FSM_States.o
                0x0000000020000000                startState
 .data.idleState
                0x0000000020000010       0x10 Core/Src/CC_FSM_States.o
                0x0000000020000010                idleState
 .data.drivingState
                0x0000000020000020       0x10 Core/Src/CC_FSM_States.o
                0x0000000020000020                drivingState
 .data.debugState
                0x0000000020000030       0x10 Core/Src/CC_FSM_States.o
                0x0000000020000030                debugState
 .data.SystemCoreClock
                0x0000000020000040        0x4 Core/Src/system_stm32f7xx.o
                0x0000000020000040                SystemCoreClock
 .data.uwTickPrio
                0x0000000020000044        0x4 Drivers/STM32F7xx_HAL_Driver/Src/stm32f7xx_hal.o
                0x0000000020000044                uwTickPrio
 .data.uwTickFreq
                0x0000000020000048        0x1 Drivers/STM32F7xx_HAL_Driver/Src/stm32f7xx_hal.o
                0x0000000020000048                uwTickFreq
 *fill*         0x0000000020000049        0x3 
 .data.uxCriticalNesting
                0x000000002000004c        0x4 Middlewares/Third_Party/FreeRTOS/Source/portable/GCC/ARM_CM7/r0p1/port.o
 .data._impure_ptr
                0x0000000020000050        0x4 /opt/st/stm32cubeide_1.4.0/plugins/com.st.stm32cube.ide.mcu.externaltools.gnu-tools-for-stm32.7-2018-q2-update.linux64_1.4.0.202007081208/tools/bin/../lib/gcc/arm-none-eabi/7.3.1/../../../../arm-none-eabi/lib/thumb/v7e-m/fpv5/hard/libc_nano.a(lib_a-impure.o)
                0x0000000020000050                _impure_ptr
 .data.impure_data
                0x0000000020000054       0x60 /opt/st/stm32cubeide_1.4.0/plugins/com.st.stm32cube.ide.mcu.externaltools.gnu-tools-for-stm32.7-2018-q2-update.linux64_1.4.0.202007081208/tools/bin/../lib/gcc/arm-none-eabi/7.3.1/../../../../arm-none-eabi/lib/thumb/v7e-m/fpv5/hard/libc_nano.a(lib_a-impure.o)
                0x00000000200000b4                . = ALIGN (0x4)
                0x00000000200000b4                _edata = .

.igot.plt       0x00000000200000b4        0x0 load address 0x0000000008009cb4
 .igot.plt      0x00000000200000b4        0x0 /opt/st/stm32cubeide_1.4.0/plugins/com.st.stm32cube.ide.mcu.externaltools.gnu-tools-for-stm32.7-2018-q2-update.linux64_1.4.0.202007081208/tools/bin/../lib/gcc/arm-none-eabi/7.3.1/thumb/v7e-m/fpv5/hard/crtbegin.o
                0x00000000200000b4                . = ALIGN (0x4)

.bss            0x00000000200000b4     0x4b54 load address 0x0000000008009cb4
                0x00000000200000b4                _sbss = .
                0x00000000200000b4                __bss_start__ = _sbss
 *(.bss)
 .bss           0x00000000200000b4       0x1c /opt/st/stm32cubeide_1.4.0/plugins/com.st.stm32cube.ide.mcu.externaltools.gnu-tools-for-stm32.7-2018-q2-update.linux64_1.4.0.202007081208/tools/bin/../lib/gcc/arm-none-eabi/7.3.1/thumb/v7e-m/fpv5/hard/crtbegin.o
 *(.bss*)
 .bss.HAL_RCC_CAN1_CLK_ENABLED
                0x00000000200000d0        0x4 Core/Src/can.o
 .bss.HAL_RCC_CAN3_CLK_ENABLED
                0x00000000200000d4        0x4 Core/Src/can.o
 .bss.HAL_RCC_CAN2_CLK_ENABLED
                0x00000000200000d8        0x4 Core/Src/can.o
 .bss.__sbrk_heap_end
                0x00000000200000dc        0x4 Core/Src/sysmem.o
 .bss.KernelState
                0x00000000200000e0        0x4 Middlewares/Third_Party/FreeRTOS/Source/CMSIS_RTOS_V2/cmsis_os2.o
 .bss.Idle_TCB  0x00000000200000e4       0x5c Middlewares/Third_Party/FreeRTOS/Source/CMSIS_RTOS_V2/cmsis_os2.o
 .bss.Idle_Stack
                0x0000000020000140      0x200 Middlewares/Third_Party/FreeRTOS/Source/CMSIS_RTOS_V2/cmsis_os2.o
 .bss.Timer_TCB
                0x0000000020000340       0x5c Middlewares/Third_Party/FreeRTOS/Source/CMSIS_RTOS_V2/cmsis_os2.o
 .bss.Timer_Stack
                0x000000002000039c      0x400 Middlewares/Third_Party/FreeRTOS/Source/CMSIS_RTOS_V2/cmsis_os2.o
 .bss.pxCurrentTCB
                0x000000002000079c        0x4 Middlewares/Third_Party/FreeRTOS/Source/tasks.o
                0x000000002000079c                pxCurrentTCB
 .bss.pxReadyTasksLists
                0x00000000200007a0      0x460 Middlewares/Third_Party/FreeRTOS/Source/tasks.o
 .bss.xDelayedTaskList1
                0x0000000020000c00       0x14 Middlewares/Third_Party/FreeRTOS/Source/tasks.o
 .bss.xDelayedTaskList2
                0x0000000020000c14       0x14 Middlewares/Third_Party/FreeRTOS/Source/tasks.o
 .bss.pxDelayedTaskList
                0x0000000020000c28        0x4 Middlewares/Third_Party/FreeRTOS/Source/tasks.o
 .bss.pxOverflowDelayedTaskList
                0x0000000020000c2c        0x4 Middlewares/Third_Party/FreeRTOS/Source/tasks.o
 .bss.xPendingReadyList
                0x0000000020000c30       0x14 Middlewares/Third_Party/FreeRTOS/Source/tasks.o
 .bss.xTasksWaitingTermination
                0x0000000020000c44       0x14 Middlewares/Third_Party/FreeRTOS/Source/tasks.o
 .bss.uxDeletedTasksWaitingCleanUp
                0x0000000020000c58        0x4 Middlewares/Third_Party/FreeRTOS/Source/tasks.o
 .bss.xSuspendedTaskList
                0x0000000020000c5c       0x14 Middlewares/Third_Party/FreeRTOS/Source/tasks.o
 .bss.uxCurrentNumberOfTasks
                0x0000000020000c70        0x4 Middlewares/Third_Party/FreeRTOS/Source/tasks.o
 .bss.xTickCount
                0x0000000020000c74        0x4 Middlewares/Third_Party/FreeRTOS/Source/tasks.o
 .bss.uxTopReadyPriority
                0x0000000020000c78        0x4 Middlewares/Third_Party/FreeRTOS/Source/tasks.o
 .bss.xSchedulerRunning
                0x0000000020000c7c        0x4 Middlewares/Third_Party/FreeRTOS/Source/tasks.o
 .bss.uxPendedTicks
                0x0000000020000c80        0x4 Middlewares/Third_Party/FreeRTOS/Source/tasks.o
 .bss.xYieldPending
                0x0000000020000c84        0x4 Middlewares/Third_Party/FreeRTOS/Source/tasks.o
 .bss.xNumOfOverflows
                0x0000000020000c88        0x4 Middlewares/Third_Party/FreeRTOS/Source/tasks.o
 .bss.uxTaskNumber
                0x0000000020000c8c        0x4 Middlewares/Third_Party/FreeRTOS/Source/tasks.o
 .bss.xNextTaskUnblockTime
                0x0000000020000c90        0x4 Middlewares/Third_Party/FreeRTOS/Source/tasks.o
 .bss.xIdleTaskHandle
                0x0000000020000c94        0x4 Middlewares/Third_Party/FreeRTOS/Source/tasks.o
 .bss.uxSchedulerSuspended
                0x0000000020000c98        0x4 Middlewares/Third_Party/FreeRTOS/Source/tasks.o
 .bss.xActiveTimerList1
                0x0000000020000c9c       0x14 Middlewares/Third_Party/FreeRTOS/Source/timers.o
 .bss.xActiveTimerList2
                0x0000000020000cb0       0x14 Middlewares/Third_Party/FreeRTOS/Source/timers.o
 .bss.pxCurrentTimerList
                0x0000000020000cc4        0x4 Middlewares/Third_Party/FreeRTOS/Source/timers.o
 .bss.pxOverflowTimerList
                0x0000000020000cc8        0x4 Middlewares/Third_Party/FreeRTOS/Source/timers.o
 .bss.xTimerQueue
                0x0000000020000ccc        0x4 Middlewares/Third_Party/FreeRTOS/Source/timers.o
 .bss.xTimerTaskHandle
                0x0000000020000cd0        0x4 Middlewares/Third_Party/FreeRTOS/Source/timers.o
 .bss.xLastTime.6741
                0x0000000020000cd4        0x4 Middlewares/Third_Party/FreeRTOS/Source/timers.o
 .bss.ucStaticTimerQueueStorage.6792
                0x0000000020000cd8       0xa0 Middlewares/Third_Party/FreeRTOS/Source/timers.o
 .bss.xStaticTimerQueue.6791
                0x0000000020000d78       0x50 Middlewares/Third_Party/FreeRTOS/Source/timers.o
 .bss.ucMaxSysCallPriority
                0x0000000020000dc8        0x1 Middlewares/Third_Party/FreeRTOS/Source/portable/GCC/ARM_CM7/r0p1/port.o
 *fill*         0x0000000020000dc9        0x3 
 .bss.ulMaxPRIGROUPValue
                0x0000000020000dcc        0x4 Middlewares/Third_Party/FreeRTOS/Source/portable/GCC/ARM_CM7/r0p1/port.o
 .bss.ucHeap    0x0000000020000dd0     0x3c00 Middlewares/Third_Party/FreeRTOS/Source/portable/MemMang/heap_4.o
 .bss.xStart    0x00000000200049d0        0x8 Middlewares/Third_Party/FreeRTOS/Source/portable/MemMang/heap_4.o
 .bss.pxEnd     0x00000000200049d8        0x4 Middlewares/Third_Party/FreeRTOS/Source/portable/MemMang/heap_4.o
 .bss.xFreeBytesRemaining
                0x00000000200049dc        0x4 Middlewares/Third_Party/FreeRTOS/Source/portable/MemMang/heap_4.o
 .bss.xMinimumEverFreeBytesRemaining
                0x00000000200049e0        0x4 Middlewares/Third_Party/FreeRTOS/Source/portable/MemMang/heap_4.o
 .bss.xBlockAllocatedBit
                0x00000000200049e4        0x4 Middlewares/Third_Party/FreeRTOS/Source/portable/MemMang/heap_4.o
 .bss.__malloc_free_list
                0x00000000200049e8        0x4 /opt/st/stm32cubeide_1.4.0/plugins/com.st.stm32cube.ide.mcu.externaltools.gnu-tools-for-stm32.7-2018-q2-update.linux64_1.4.0.202007081208/tools/bin/../lib/gcc/arm-none-eabi/7.3.1/../../../../arm-none-eabi/lib/thumb/v7e-m/fpv5/hard/libc_nano.a(lib_a-nano-mallocr.o)
                0x00000000200049e8                __malloc_free_list
 .bss.__malloc_sbrk_start
                0x00000000200049ec        0x4 /opt/st/stm32cubeide_1.4.0/plugins/com.st.stm32cube.ide.mcu.externaltools.gnu-tools-for-stm32.7-2018-q2-update.linux64_1.4.0.202007081208/tools/bin/../lib/gcc/arm-none-eabi/7.3.1/../../../../arm-none-eabi/lib/thumb/v7e-m/fpv5/hard/libc_nano.a(lib_a-nano-mallocr.o)
                0x00000000200049ec                __malloc_sbrk_start
 *(COMMON)
 COMMON         0x00000000200049f0        0x4 Core/Src/CC_FSM_States.o
                0x00000000200049f0                CC_GlobalState
 COMMON         0x00000000200049f4       0x90 Core/Src/adc.o
                0x00000000200049f4                hadc2
                0x0000000020004a3c                hadc1
 COMMON         0x0000000020004a84       0x78 Core/Src/can.o
                0x0000000020004a84                hcan3
                0x0000000020004aac                hcan2
                0x0000000020004ad4                hcan1
 COMMON         0x0000000020004afc        0x4 Core/Src/freertos.o
                0x0000000020004afc                defaultTaskHandle
 COMMON         0x0000000020004b00       0x40 Core/Src/stm32f7xx_hal_timebase_tim.o
                0x0000000020004b00                htim7
 COMMON         0x0000000020004b40       0x80 Core/Src/usart.o
                0x0000000020004b40                huart3
 COMMON         0x0000000020004bc0        0x4 Drivers/STM32F7xx_HAL_Driver/Src/stm32f7xx_hal.o
                0x0000000020004bc0                uwTick
 COMMON         0x0000000020004bc4       0x40 Middlewares/Third_Party/FreeRTOS/Source/queue.o
                0x0000000020004bc4                xQueueRegistry
 COMMON         0x0000000020004c04        0x4 /opt/st/stm32cubeide_1.4.0/plugins/com.st.stm32cube.ide.mcu.externaltools.gnu-tools-for-stm32.7-2018-q2-update.linux64_1.4.0.202007081208/tools/bin/../lib/gcc/arm-none-eabi/7.3.1/../../../../arm-none-eabi/lib/thumb/v7e-m/fpv5/hard/libc_nano.a(lib_a-reent.o)
                0x0000000020004c04                errno
                0x0000000020004c08                . = ALIGN (0x4)
                0x0000000020004c08                _ebss = .
                0x0000000020004c08                __bss_end__ = _ebss

._user_heap_stack
                0x0000000020004c08      0x600 load address 0x0000000008009cb4
                0x0000000020004c08                . = ALIGN (0x8)
                [!provide]                        PROVIDE (end = .)
                0x0000000020004c08                PROVIDE (_end = .)
                0x0000000020004e08                . = (. + _Min_Heap_Size)
 *fill*         0x0000000020004c08      0x200 
                0x0000000020005208                . = (. + _Min_Stack_Size)
 *fill*         0x0000000020004e08      0x400 
                0x0000000020005208                . = ALIGN (0x8)

/DISCARD/
 libc.a(*)
 libm.a(*)
 libgcc.a(*)

.ARM.attributes
                0x0000000000000000       0x2e
 *(.ARM.attributes)
 .ARM.attributes
                0x0000000000000000       0x20 /opt/st/stm32cubeide_1.4.0/plugins/com.st.stm32cube.ide.mcu.externaltools.gnu-tools-for-stm32.7-2018-q2-update.linux64_1.4.0.202007081208/tools/bin/../lib/gcc/arm-none-eabi/7.3.1/thumb/v7e-m/fpv5/hard/crti.o
 .ARM.attributes
                0x0000000000000020       0x32 /opt/st/stm32cubeide_1.4.0/plugins/com.st.stm32cube.ide.mcu.externaltools.gnu-tools-for-stm32.7-2018-q2-update.linux64_1.4.0.202007081208/tools/bin/../lib/gcc/arm-none-eabi/7.3.1/thumb/v7e-m/fpv5/hard/crtbegin.o
 .ARM.attributes
                0x0000000000000052       0x37 Core/Common/Src/AMS_CAN_Messages.o
 .ARM.attributes
                0x0000000000000089       0x37 Core/Common/Src/CC_CAN_Messages.o
 .ARM.attributes
                0x00000000000000c0       0x37 Core/Common/Src/FSM.o
 .ARM.attributes
                0x00000000000000f7       0x37 Core/Common/Src/PDM_CAN_Messages.o
 .ARM.attributes
                0x000000000000012e       0x37 Core/Common/Src/QUTMS_can.o
 .ARM.attributes
                0x0000000000000165       0x37 Core/Common/Src/SHDN_IMD_CAN_Messages.o
 .ARM.attributes
                0x000000000000019c       0x37 Core/Src/CC_FSM_States.o
 .ARM.attributes
                0x00000000000001d3       0x37 Core/Src/adc.o
 .ARM.attributes
                0x000000000000020a       0x37 Core/Src/can.o
 .ARM.attributes
                0x0000000000000241       0x37 Core/Src/freertos.o
 .ARM.attributes
                0x0000000000000278       0x37 Core/Src/gpio.o
 .ARM.attributes
                0x00000000000002af       0x37 Core/Src/main.o
 .ARM.attributes
                0x00000000000002e6       0x37 Core/Src/stm32f7xx_hal_msp.o
 .ARM.attributes
                0x000000000000031d       0x37 Core/Src/stm32f7xx_hal_timebase_tim.o
 .ARM.attributes
                0x0000000000000354       0x37 Core/Src/stm32f7xx_it.o
 .ARM.attributes
                0x000000000000038b       0x37 Core/Src/sysmem.o
 .ARM.attributes
                0x00000000000003c2       0x37 Core/Src/system_stm32f7xx.o
 .ARM.attributes
                0x00000000000003f9       0x37 Core/Src/usart.o
 .ARM.attributes
                0x0000000000000430       0x21 Core/Startup/startup_stm32f765vitx.o
 .ARM.attributes
                0x0000000000000451       0x37 Drivers/STM32F7xx_HAL_Driver/Src/stm32f7xx_hal.o
 .ARM.attributes
                0x0000000000000488       0x37 Drivers/STM32F7xx_HAL_Driver/Src/stm32f7xx_hal_adc.o
 .ARM.attributes
                0x00000000000004bf       0x37 Drivers/STM32F7xx_HAL_Driver/Src/stm32f7xx_hal_can.o
 .ARM.attributes
                0x00000000000004f6       0x37 Drivers/STM32F7xx_HAL_Driver/Src/stm32f7xx_hal_cortex.o
 .ARM.attributes
                0x000000000000052d       0x37 Drivers/STM32F7xx_HAL_Driver/Src/stm32f7xx_hal_gpio.o
 .ARM.attributes
                0x0000000000000564       0x37 Drivers/STM32F7xx_HAL_Driver/Src/stm32f7xx_hal_rcc.o
 .ARM.attributes
                0x000000000000059b       0x37 Drivers/STM32F7xx_HAL_Driver/Src/stm32f7xx_hal_rcc_ex.o
 .ARM.attributes
                0x00000000000005d2       0x37 Drivers/STM32F7xx_HAL_Driver/Src/stm32f7xx_hal_tim.o
 .ARM.attributes
                0x0000000000000609       0x37 Drivers/STM32F7xx_HAL_Driver/Src/stm32f7xx_hal_tim_ex.o
 .ARM.attributes
                0x0000000000000640       0x37 Drivers/STM32F7xx_HAL_Driver/Src/stm32f7xx_hal_uart.o
 .ARM.attributes
                0x0000000000000677       0x37 Middlewares/Third_Party/FreeRTOS/Source/CMSIS_RTOS_V2/cmsis_os2.o
 .ARM.attributes
                0x00000000000006ae       0x37 Middlewares/Third_Party/FreeRTOS/Source/list.o
 .ARM.attributes
                0x00000000000006e5       0x37 Middlewares/Third_Party/FreeRTOS/Source/queue.o
 .ARM.attributes
                0x000000000000071c       0x37 Middlewares/Third_Party/FreeRTOS/Source/tasks.o
 .ARM.attributes
                0x0000000000000753       0x37 Middlewares/Third_Party/FreeRTOS/Source/timers.o
 .ARM.attributes
                0x000000000000078a       0x37 Middlewares/Third_Party/FreeRTOS/Source/portable/GCC/ARM_CM7/r0p1/port.o
 .ARM.attributes
                0x00000000000007c1       0x37 Middlewares/Third_Party/FreeRTOS/Source/portable/MemMang/heap_4.o
 .ARM.attributes
                0x00000000000007f8       0x32 /opt/st/stm32cubeide_1.4.0/plugins/com.st.stm32cube.ide.mcu.externaltools.gnu-tools-for-stm32.7-2018-q2-update.linux64_1.4.0.202007081208/tools/bin/../lib/gcc/arm-none-eabi/7.3.1/../../../../arm-none-eabi/lib/thumb/v7e-m/fpv5/hard/libc_nano.a(lib_a-errno.o)
 .ARM.attributes
                0x000000000000082a       0x32 /opt/st/stm32cubeide_1.4.0/plugins/com.st.stm32cube.ide.mcu.externaltools.gnu-tools-for-stm32.7-2018-q2-update.linux64_1.4.0.202007081208/tools/bin/../lib/gcc/arm-none-eabi/7.3.1/../../../../arm-none-eabi/lib/thumb/v7e-m/fpv5/hard/libc_nano.a(lib_a-impure.o)
 .ARM.attributes
                0x000000000000085c       0x32 /opt/st/stm32cubeide_1.4.0/plugins/com.st.stm32cube.ide.mcu.externaltools.gnu-tools-for-stm32.7-2018-q2-update.linux64_1.4.0.202007081208/tools/bin/../lib/gcc/arm-none-eabi/7.3.1/../../../../arm-none-eabi/lib/thumb/v7e-m/fpv5/hard/libc_nano.a(lib_a-init.o)
 .ARM.attributes
                0x000000000000088e       0x32 /opt/st/stm32cubeide_1.4.0/plugins/com.st.stm32cube.ide.mcu.externaltools.gnu-tools-for-stm32.7-2018-q2-update.linux64_1.4.0.202007081208/tools/bin/../lib/gcc/arm-none-eabi/7.3.1/../../../../arm-none-eabi/lib/thumb/v7e-m/fpv5/hard/libc_nano.a(lib_a-malloc.o)
 .ARM.attributes
                0x00000000000008c0       0x32 /opt/st/stm32cubeide_1.4.0/plugins/com.st.stm32cube.ide.mcu.externaltools.gnu-tools-for-stm32.7-2018-q2-update.linux64_1.4.0.202007081208/tools/bin/../lib/gcc/arm-none-eabi/7.3.1/../../../../arm-none-eabi/lib/thumb/v7e-m/fpv5/hard/libc_nano.a(lib_a-memcpy-stub.o)
 .ARM.attributes
                0x00000000000008f2       0x32 /opt/st/stm32cubeide_1.4.0/plugins/com.st.stm32cube.ide.mcu.externaltools.gnu-tools-for-stm32.7-2018-q2-update.linux64_1.4.0.202007081208/tools/bin/../lib/gcc/arm-none-eabi/7.3.1/../../../../arm-none-eabi/lib/thumb/v7e-m/fpv5/hard/libc_nano.a(lib_a-memset.o)
 .ARM.attributes
                0x0000000000000924       0x32 /opt/st/stm32cubeide_1.4.0/plugins/com.st.stm32cube.ide.mcu.externaltools.gnu-tools-for-stm32.7-2018-q2-update.linux64_1.4.0.202007081208/tools/bin/../lib/gcc/arm-none-eabi/7.3.1/../../../../arm-none-eabi/lib/thumb/v7e-m/fpv5/hard/libc_nano.a(lib_a-nano-freer.o)
 .ARM.attributes
                0x0000000000000956       0x32 /opt/st/stm32cubeide_1.4.0/plugins/com.st.stm32cube.ide.mcu.externaltools.gnu-tools-for-stm32.7-2018-q2-update.linux64_1.4.0.202007081208/tools/bin/../lib/gcc/arm-none-eabi/7.3.1/../../../../arm-none-eabi/lib/thumb/v7e-m/fpv5/hard/libc_nano.a(lib_a-nano-mallocr.o)
 .ARM.attributes
                0x0000000000000988       0x32 /opt/st/stm32cubeide_1.4.0/plugins/com.st.stm32cube.ide.mcu.externaltools.gnu-tools-for-stm32.7-2018-q2-update.linux64_1.4.0.202007081208/tools/bin/../lib/gcc/arm-none-eabi/7.3.1/../../../../arm-none-eabi/lib/thumb/v7e-m/fpv5/hard/libc_nano.a(lib_a-sbrkr.o)
 .ARM.attributes
                0x00000000000009ba       0x32 /opt/st/stm32cubeide_1.4.0/plugins/com.st.stm32cube.ide.mcu.externaltools.gnu-tools-for-stm32.7-2018-q2-update.linux64_1.4.0.202007081208/tools/bin/../lib/gcc/arm-none-eabi/7.3.1/../../../../arm-none-eabi/lib/thumb/v7e-m/fpv5/hard/libc_nano.a(lib_a-sprintf.o)
 .ARM.attributes
                0x00000000000009ec       0x32 /opt/st/stm32cubeide_1.4.0/plugins/com.st.stm32cube.ide.mcu.externaltools.gnu-tools-for-stm32.7-2018-q2-update.linux64_1.4.0.202007081208/tools/bin/../lib/gcc/arm-none-eabi/7.3.1/../../../../arm-none-eabi/lib/thumb/v7e-m/fpv5/hard/libc_nano.a(lib_a-mlock.o)
 .ARM.attributes
                0x0000000000000a1e       0x32 /opt/st/stm32cubeide_1.4.0/plugins/com.st.stm32cube.ide.mcu.externaltools.gnu-tools-for-stm32.7-2018-q2-update.linux64_1.4.0.202007081208/tools/bin/../lib/gcc/arm-none-eabi/7.3.1/../../../../arm-none-eabi/lib/thumb/v7e-m/fpv5/hard/libc_nano.a(lib_a-nano-svfprintf.o)
 .ARM.attributes
                0x0000000000000a50       0x32 /opt/st/stm32cubeide_1.4.0/plugins/com.st.stm32cube.ide.mcu.externaltools.gnu-tools-for-stm32.7-2018-q2-update.linux64_1.4.0.202007081208/tools/bin/../lib/gcc/arm-none-eabi/7.3.1/../../../../arm-none-eabi/lib/thumb/v7e-m/fpv5/hard/libc_nano.a(lib_a-nano-vfprintf_i.o)
 .ARM.attributes
                0x0000000000000a82       0x32 /opt/st/stm32cubeide_1.4.0/plugins/com.st.stm32cube.ide.mcu.externaltools.gnu-tools-for-stm32.7-2018-q2-update.linux64_1.4.0.202007081208/tools/bin/../lib/gcc/arm-none-eabi/7.3.1/../../../../arm-none-eabi/lib/thumb/v7e-m/fpv5/hard/libc_nano.a(lib_a-reent.o)
 .ARM.attributes
                0x0000000000000ab4       0x1e /opt/st/stm32cubeide_1.4.0/plugins/com.st.stm32cube.ide.mcu.externaltools.gnu-tools-for-stm32.7-2018-q2-update.linux64_1.4.0.202007081208/tools/bin/../lib/gcc/arm-none-eabi/7.3.1/../../../../arm-none-eabi/lib/thumb/v7e-m/fpv5/hard/libc_nano.a(lib_a-memchr.o)
 .ARM.attributes
                0x0000000000000ad2       0x32 /opt/st/stm32cubeide_1.4.0/plugins/com.st.stm32cube.ide.mcu.externaltools.gnu-tools-for-stm32.7-2018-q2-update.linux64_1.4.0.202007081208/tools/bin/../lib/gcc/arm-none-eabi/7.3.1/../../../../arm-none-eabi/lib/thumb/v7e-m/fpv5/hard/libc_nano.a(lib_a-memmove.o)
 .ARM.attributes
                0x0000000000000b04       0x32 /opt/st/stm32cubeide_1.4.0/plugins/com.st.stm32cube.ide.mcu.externaltools.gnu-tools-for-stm32.7-2018-q2-update.linux64_1.4.0.202007081208/tools/bin/../lib/gcc/arm-none-eabi/7.3.1/../../../../arm-none-eabi/lib/thumb/v7e-m/fpv5/hard/libc_nano.a(lib_a-nano-reallocr.o)
 .ARM.attributes
                0x0000000000000b36       0x32 /opt/st/stm32cubeide_1.4.0/plugins/com.st.stm32cube.ide.mcu.externaltools.gnu-tools-for-stm32.7-2018-q2-update.linux64_1.4.0.202007081208/tools/bin/../lib/gcc/arm-none-eabi/7.3.1/../../../../arm-none-eabi/lib/thumb/v7e-m/fpv5/hard/libc_nano.a(lib_a-nano-msizer.o)
 .ARM.attributes
                0x0000000000000b68       0x20 /opt/st/stm32cubeide_1.4.0/plugins/com.st.stm32cube.ide.mcu.externaltools.gnu-tools-for-stm32.7-2018-q2-update.linux64_1.4.0.202007081208/tools/bin/../lib/gcc/arm-none-eabi/7.3.1/thumb/v7e-m/fpv5/hard/libgcc.a(_aeabi_uldivmod.o)
 .ARM.attributes
                0x0000000000000b88       0x32 /opt/st/stm32cubeide_1.4.0/plugins/com.st.stm32cube.ide.mcu.externaltools.gnu-tools-for-stm32.7-2018-q2-update.linux64_1.4.0.202007081208/tools/bin/../lib/gcc/arm-none-eabi/7.3.1/thumb/v7e-m/fpv5/hard/libgcc.a(_udivmoddi4.o)
 .ARM.attributes
                0x0000000000000bba       0x20 /opt/st/stm32cubeide_1.4.0/plugins/com.st.stm32cube.ide.mcu.externaltools.gnu-tools-for-stm32.7-2018-q2-update.linux64_1.4.0.202007081208/tools/bin/../lib/gcc/arm-none-eabi/7.3.1/thumb/v7e-m/fpv5/hard/libgcc.a(_dvmd_tls.o)
 .ARM.attributes
                0x0000000000000bda       0x20 /opt/st/stm32cubeide_1.4.0/plugins/com.st.stm32cube.ide.mcu.externaltools.gnu-tools-for-stm32.7-2018-q2-update.linux64_1.4.0.202007081208/tools/bin/../lib/gcc/arm-none-eabi/7.3.1/thumb/v7e-m/fpv5/hard/crtn.o
OUTPUT(ChassisController.elf elf32-littlearm)

.debug_info     0x0000000000000000    0x2621d
 .debug_info    0x0000000000000000     0x144f Core/Common/Src/AMS_CAN_Messages.o
 .debug_info    0x000000000000144f      0xe2d Core/Common/Src/CC_CAN_Messages.o
 .debug_info    0x000000000000227c      0xc20 Core/Common/Src/FSM.o
 .debug_info    0x0000000000002e9c     0x102a Core/Common/Src/PDM_CAN_Messages.o
 .debug_info    0x0000000000003ec6      0x64a Core/Common/Src/QUTMS_can.o
 .debug_info    0x0000000000004510      0xe36 Core/Common/Src/SHDN_IMD_CAN_Messages.o
 .debug_info    0x0000000000005346     0x2092 Core/Src/CC_FSM_States.o
 .debug_info    0x00000000000073d8      0xa7b Core/Src/adc.o
 .debug_info    0x0000000000007e53      0xa36 Core/Src/can.o
 .debug_info    0x0000000000008889      0x3d1 Core/Src/freertos.o
 .debug_info    0x0000000000008c5a      0x787 Core/Src/gpio.o
 .debug_info    0x00000000000093e1     0x24e2 Core/Src/main.o
 .debug_info    0x000000000000b8c3      0x389 Core/Src/stm32f7xx_hal_msp.o
 .debug_info    0x000000000000bc4c      0xc31 Core/Src/stm32f7xx_hal_timebase_tim.o
 .debug_info    0x000000000000c87d     0x1a99 Core/Src/stm32f7xx_it.o
 .debug_info    0x000000000000e316      0x985 Core/Src/sysmem.o
 .debug_info    0x000000000000ec9b      0x73d Core/Src/system_stm32f7xx.o
 .debug_info    0x000000000000f3d8      0xa48 Core/Src/usart.o
 .debug_info    0x000000000000fe20       0x22 Core/Startup/startup_stm32f765vitx.o
 .debug_info    0x000000000000fe42      0xa34 Drivers/STM32F7xx_HAL_Driver/Src/stm32f7xx_hal.o
 .debug_info    0x0000000000010876      0xc9d Drivers/STM32F7xx_HAL_Driver/Src/stm32f7xx_hal_adc.o
 .debug_info    0x0000000000011513      0xfb3 Drivers/STM32F7xx_HAL_Driver/Src/stm32f7xx_hal_can.o
 .debug_info    0x00000000000124c6     0x107a Drivers/STM32F7xx_HAL_Driver/Src/stm32f7xx_hal_cortex.o
 .debug_info    0x0000000000013540      0x7e9 Drivers/STM32F7xx_HAL_Driver/Src/stm32f7xx_hal_gpio.o
 .debug_info    0x0000000000013d29      0x996 Drivers/STM32F7xx_HAL_Driver/Src/stm32f7xx_hal_rcc.o
 .debug_info    0x00000000000146bf      0x7d1 Drivers/STM32F7xx_HAL_Driver/Src/stm32f7xx_hal_rcc_ex.o
 .debug_info    0x0000000000014e90     0x25bc Drivers/STM32F7xx_HAL_Driver/Src/stm32f7xx_hal_tim.o
 .debug_info    0x000000000001744c     0x1307 Drivers/STM32F7xx_HAL_Driver/Src/stm32f7xx_hal_tim_ex.o
 .debug_info    0x0000000000018753     0x16f7 Drivers/STM32F7xx_HAL_Driver/Src/stm32f7xx_hal_uart.o
 .debug_info    0x0000000000019e4a     0x401f Middlewares/Third_Party/FreeRTOS/Source/CMSIS_RTOS_V2/cmsis_os2.o
 .debug_info    0x000000000001de69      0xacb Middlewares/Third_Party/FreeRTOS/Source/list.o
 .debug_info    0x000000000001e934     0x239c Middlewares/Third_Party/FreeRTOS/Source/queue.o
 .debug_info    0x0000000000020cd0     0x29c5 Middlewares/Third_Party/FreeRTOS/Source/tasks.o
 .debug_info    0x0000000000023695     0x1aba Middlewares/Third_Party/FreeRTOS/Source/timers.o
 .debug_info    0x000000000002514f      0x4e4 Middlewares/Third_Party/FreeRTOS/Source/portable/GCC/ARM_CM7/r0p1/port.o
 .debug_info    0x0000000000025633      0xbea Middlewares/Third_Party/FreeRTOS/Source/portable/MemMang/heap_4.o

.debug_abbrev   0x0000000000000000     0x49e0