Archive member included to satisfy reference by file (symbol)

/opt/st/stm32cubeide_1.4.0/plugins/com.st.stm32cube.ide.mcu.externaltools.gnu-tools-for-stm32.7-2018-q2-update.linux64_1.4.0.202007081208/tools/bin/../lib/gcc/arm-none-eabi/7.3.1/../../../../arm-none-eabi/lib/thumb/v7e-m/fpv5/hard/libc_nano.a(lib_a-errno.o)
                              Core/Src/syscalls.o (__errno)
/opt/st/stm32cubeide_1.4.0/plugins/com.st.stm32cube.ide.mcu.externaltools.gnu-tools-for-stm32.7-2018-q2-update.linux64_1.4.0.202007081208/tools/bin/../lib/gcc/arm-none-eabi/7.3.1/../../../../arm-none-eabi/lib/thumb/v7e-m/fpv5/hard/libc_nano.a(lib_a-exit.o)
                              /opt/st/stm32cubeide_1.4.0/plugins/com.st.stm32cube.ide.mcu.externaltools.gnu-tools-for-stm32.7-2018-q2-update.linux64_1.4.0.202007081208/tools/bin/../lib/gcc/arm-none-eabi/7.3.1/../../../../arm-none-eabi/lib/thumb/v7e-m/fpv5/hard/crt0.o (exit)
/opt/st/stm32cubeide_1.4.0/plugins/com.st.stm32cube.ide.mcu.externaltools.gnu-tools-for-stm32.7-2018-q2-update.linux64_1.4.0.202007081208/tools/bin/../lib/gcc/arm-none-eabi/7.3.1/../../../../arm-none-eabi/lib/thumb/v7e-m/fpv5/hard/libc_nano.a(lib_a-impure.o)
                              /opt/st/stm32cubeide_1.4.0/plugins/com.st.stm32cube.ide.mcu.externaltools.gnu-tools-for-stm32.7-2018-q2-update.linux64_1.4.0.202007081208/tools/bin/../lib/gcc/arm-none-eabi/7.3.1/../../../../arm-none-eabi/lib/thumb/v7e-m/fpv5/hard/libc_nano.a(lib_a-exit.o) (_global_impure_ptr)
/opt/st/stm32cubeide_1.4.0/plugins/com.st.stm32cube.ide.mcu.externaltools.gnu-tools-for-stm32.7-2018-q2-update.linux64_1.4.0.202007081208/tools/bin/../lib/gcc/arm-none-eabi/7.3.1/../../../../arm-none-eabi/lib/thumb/v7e-m/fpv5/hard/libc_nano.a(lib_a-init.o)
                              /opt/st/stm32cubeide_1.4.0/plugins/com.st.stm32cube.ide.mcu.externaltools.gnu-tools-for-stm32.7-2018-q2-update.linux64_1.4.0.202007081208/tools/bin/../lib/gcc/arm-none-eabi/7.3.1/../../../../arm-none-eabi/lib/thumb/v7e-m/fpv5/hard/crt0.o (__libc_init_array)
/opt/st/stm32cubeide_1.4.0/plugins/com.st.stm32cube.ide.mcu.externaltools.gnu-tools-for-stm32.7-2018-q2-update.linux64_1.4.0.202007081208/tools/bin/../lib/gcc/arm-none-eabi/7.3.1/../../../../arm-none-eabi/lib/thumb/v7e-m/fpv5/hard/libc_nano.a(lib_a-malloc.o)
                              Core/Common/Src/FSM.o (malloc)
/opt/st/stm32cubeide_1.4.0/plugins/com.st.stm32cube.ide.mcu.externaltools.gnu-tools-for-stm32.7-2018-q2-update.linux64_1.4.0.202007081208/tools/bin/../lib/gcc/arm-none-eabi/7.3.1/../../../../arm-none-eabi/lib/thumb/v7e-m/fpv5/hard/libc_nano.a(lib_a-memcpy-stub.o)
                              Middlewares/Third_Party/FreeRTOS/Source/CMSIS_RTOS_V2/cmsis_os2.o (memcpy)
/opt/st/stm32cubeide_1.4.0/plugins/com.st.stm32cube.ide.mcu.externaltools.gnu-tools-for-stm32.7-2018-q2-update.linux64_1.4.0.202007081208/tools/bin/../lib/gcc/arm-none-eabi/7.3.1/../../../../arm-none-eabi/lib/thumb/v7e-m/fpv5/hard/libc_nano.a(lib_a-memset.o)
                              /opt/st/stm32cubeide_1.4.0/plugins/com.st.stm32cube.ide.mcu.externaltools.gnu-tools-for-stm32.7-2018-q2-update.linux64_1.4.0.202007081208/tools/bin/../lib/gcc/arm-none-eabi/7.3.1/../../../../arm-none-eabi/lib/thumb/v7e-m/fpv5/hard/crt0.o (memset)
/opt/st/stm32cubeide_1.4.0/plugins/com.st.stm32cube.ide.mcu.externaltools.gnu-tools-for-stm32.7-2018-q2-update.linux64_1.4.0.202007081208/tools/bin/../lib/gcc/arm-none-eabi/7.3.1/../../../../arm-none-eabi/lib/thumb/v7e-m/fpv5/hard/libc_nano.a(lib_a-nano-freer.o)
                              /opt/st/stm32cubeide_1.4.0/plugins/com.st.stm32cube.ide.mcu.externaltools.gnu-tools-for-stm32.7-2018-q2-update.linux64_1.4.0.202007081208/tools/bin/../lib/gcc/arm-none-eabi/7.3.1/../../../../arm-none-eabi/lib/thumb/v7e-m/fpv5/hard/libc_nano.a(lib_a-malloc.o) (_free_r)
/opt/st/stm32cubeide_1.4.0/plugins/com.st.stm32cube.ide.mcu.externaltools.gnu-tools-for-stm32.7-2018-q2-update.linux64_1.4.0.202007081208/tools/bin/../lib/gcc/arm-none-eabi/7.3.1/../../../../arm-none-eabi/lib/thumb/v7e-m/fpv5/hard/libc_nano.a(lib_a-nano-mallocr.o)
                              /opt/st/stm32cubeide_1.4.0/plugins/com.st.stm32cube.ide.mcu.externaltools.gnu-tools-for-stm32.7-2018-q2-update.linux64_1.4.0.202007081208/tools/bin/../lib/gcc/arm-none-eabi/7.3.1/../../../../arm-none-eabi/lib/thumb/v7e-m/fpv5/hard/libc_nano.a(lib_a-malloc.o) (_malloc_r)
/opt/st/stm32cubeide_1.4.0/plugins/com.st.stm32cube.ide.mcu.externaltools.gnu-tools-for-stm32.7-2018-q2-update.linux64_1.4.0.202007081208/tools/bin/../lib/gcc/arm-none-eabi/7.3.1/../../../../arm-none-eabi/lib/thumb/v7e-m/fpv5/hard/libc_nano.a(lib_a-sbrkr.o)
                              /opt/st/stm32cubeide_1.4.0/plugins/com.st.stm32cube.ide.mcu.externaltools.gnu-tools-for-stm32.7-2018-q2-update.linux64_1.4.0.202007081208/tools/bin/../lib/gcc/arm-none-eabi/7.3.1/../../../../arm-none-eabi/lib/thumb/v7e-m/fpv5/hard/libc_nano.a(lib_a-nano-mallocr.o) (_sbrk_r)
[...]
Memory Configuration

Name             Origin             Length             Attributes
RAM              0x0000000020000000 0x0000000000080000 xrw
FLASH            0x0000000008000000 0x0000000000200000 xr
*default*        0x0000000000000000 0xffffffffffffffff

Linker script and memory map

LOAD /opt/st/stm32cubeide_1.4.0/plugins/com.st.stm32cube.ide.mcu.externaltools.gnu-tools-for-stm32.7-2018-q2-update.linux64_1.4.0.202007081208/tools/bin/../lib/gcc/arm-none-eabi/7.3.1/thumb/v7e-m/fpv5/hard/crti.o
LOAD /opt/st/stm32cubeide_1.4.0/plugins/com.st.stm32cube.ide.mcu.externaltools.gnu-tools-for-stm32.7-2018-q2-update.linux64_1.4.0.202007081208/tools/bin/../lib/gcc/arm-none-eabi/7.3.1/thumb/v7e-m/fpv5/hard/crtbegin.o
LOAD /opt/st/stm32cubeide_1.4.0/plugins/com.st.stm32cube.ide.mcu.externaltools.gnu-tools-for-stm32.7-2018-q2-update.linux64_1.4.0.202007081208/tools/bin/../lib/gcc/arm-none-eabi/7.3.1/../../../../arm-none-eabi/lib/thumb/v7e-m/fpv5/hard/crt0.o
LOAD Core/Common/Src/AMS_CAN_Messages.o
LOAD Core/Common/Src/BMS_CAN_Messages.o
LOAD Core/Common/Src/CC_CAN_Messages.o
LOAD Core/Common/Src/CC_CAN_Wrapper.o
LOAD Core/Common/Src/FSM.o
LOAD Core/Common/Src/PDM_CAN_Messages.o
LOAD Core/Common/Src/QUTMS_can.o
LOAD Core/Common/Src/SHDN_BSPD_CAN_Messages.o
LOAD Core/Common/Src/SHDN_CAN_Messages.o
LOAD Core/Common/Src/SHDN_IMD_CAN_Messages.o
LOAD Core/Common/Src/Util.o
LOAD Core/Src/CC_FSM_States.o
LOAD Core/Src/adc.o
LOAD Core/Src/can.o
LOAD Core/Src/dma.o
LOAD Core/Src/freertos.o
LOAD Core/Src/gpio.o
LOAD Core/Src/main.o
LOAD Core/Src/stm32f7xx_hal_msp.o
LOAD Core/Src/stm32f7xx_hal_timebase_tim.o
LOAD Core/Src/stm32f7xx_it.o
LOAD Core/Src/syscalls.o
LOAD Core/Src/sysmem.o
LOAD Core/Src/system_stm32f7xx.o
LOAD Core/Src/usart.o
LOAD Core/Startup/startup_stm32f765vitx.o
LOAD Drivers/STM32F7xx_HAL_Driver/Src/stm32f7xx_hal.o
LOAD Drivers/STM32F7xx_HAL_Driver/Src/stm32f7xx_hal_adc.o
LOAD Drivers/STM32F7xx_HAL_Driver/Src/stm32f7xx_hal_adc_ex.o
LOAD Drivers/STM32F7xx_HAL_Driver/Src/stm32f7xx_hal_can.o
LOAD Drivers/STM32F7xx_HAL_Driver/Src/stm32f7xx_hal_cortex.o
LOAD Drivers/STM32F7xx_HAL_Driver/Src/stm32f7xx_hal_dma.o
LOAD Drivers/STM32F7xx_HAL_Driver/Src/stm32f7xx_hal_dma_ex.o
LOAD Drivers/STM32F7xx_HAL_Driver/Src/stm32f7xx_hal_exti.o
LOAD Drivers/STM32F7xx_HAL_Driver/Src/stm32f7xx_hal_flash.o
LOAD Drivers/STM32F7xx_HAL_Driver/Src/stm32f7xx_hal_flash_ex.o
LOAD Drivers/STM32F7xx_HAL_Driver/Src/stm32f7xx_hal_gpio.o
LOAD Drivers/STM32F7xx_HAL_Driver/Src/stm32f7xx_hal_i2c.o
LOAD Drivers/STM32F7xx_HAL_Driver/Src/stm32f7xx_hal_i2c_ex.o
LOAD Drivers/STM32F7xx_HAL_Driver/Src/stm32f7xx_hal_pwr.o
LOAD Drivers/STM32F7xx_HAL_Driver/Src/stm32f7xx_hal_pwr_ex.o
LOAD Drivers/STM32F7xx_HAL_Driver/Src/stm32f7xx_hal_rcc.o
LOAD Drivers/STM32F7xx_HAL_Driver/Src/stm32f7xx_hal_rcc_ex.o
LOAD Drivers/STM32F7xx_HAL_Driver/Src/stm32f7xx_hal_tim.o
LOAD Drivers/STM32F7xx_HAL_Driver/Src/stm32f7xx_hal_tim_ex.o
LOAD Drivers/STM32F7xx_HAL_Driver/Src/stm32f7xx_hal_uart.o
LOAD Drivers/STM32F7xx_HAL_Driver/Src/stm32f7xx_hal_uart_ex.o
LOAD Middlewares/Third_Party/FreeRTOS/Source/CMSIS_RTOS_V2/cmsis_os2.o
LOAD Middlewares/Third_Party/FreeRTOS/Source/croutine.o
LOAD Middlewares/Third_Party/FreeRTOS/Source/event_groups.o
LOAD Middlewares/Third_Party/FreeRTOS/Source/list.o
LOAD Middlewares/Third_Party/FreeRTOS/Source/queue.o
LOAD Middlewares/Third_Party/FreeRTOS/Source/stream_buffer.o
LOAD Middlewares/Third_Party/FreeRTOS/Source/tasks.o
LOAD Middlewares/Third_Party/FreeRTOS/Source/timers.o
LOAD Middlewares/Third_Party/FreeRTOS/Source/portable/GCC/ARM_CM7/r0p1/port.o
LOAD Middlewares/Third_Party/FreeRTOS/Source/portable/MemMang/heap_4.o
START GROUP
LOAD /opt/st/stm32cubeide_1.4.0/plugins/com.st.stm32cube.ide.mcu.externaltools.gnu-tools-for-stm32.7-2018-q2-update.linux64_1.4.0.202007081208/tools/bin/../lib/gcc/arm-none-eabi/7.3.1/../../../../arm-none-eabi/lib/thumb/v7e-m/fpv5/hard/libc_nano.a
LOAD /opt/st/stm32cubeide_1.4.0/plugins/com.st.stm32cube.ide.mcu.externaltools.gnu-tools-for-stm32.7-2018-q2-update.linux64_1.4.0.202007081208/tools/bin/../lib/gcc/arm-none-eabi/7.3.1/../../../../arm-none-eabi/lib/thumb/v7e-m/fpv5/hard/libm.a
END GROUP
START GROUP
LOAD /opt/st/stm32cubeide_1.4.0/plugins/com.st.stm32cube.ide.mcu.externaltools.gnu-tools-for-stm32.7-2018-q2-update.linux64_1.4.0.202007081208/tools/bin/../lib/gcc/arm-none-eabi/7.3.1/thumb/v7e-m/fpv5/hard/libgcc.a
LOAD /opt/st/stm32cubeide_1.4.0/plugins/com.st.stm32cube.ide.mcu.externaltools.gnu-tools-for-stm32.7-2018-q2-update.linux64_1.4.0.202007081208/tools/bin/../lib/gcc/arm-none-eabi/7.3.1/../../../../arm-none-eabi/lib/thumb/v7e-m/fpv5/hard/libc_nano.a
END GROUP
START GROUP
LOAD /opt/st/stm32cubeide_1.4.0/plugins/com.st.stm32cube.ide.mcu.externaltools.gnu-tools-for-stm32.7-2018-q2-update.linux64_1.4.0.202007081208/tools/bin/../lib/gcc/arm-none-eabi/7.3.1/thumb/v7e-m/fpv5/hard/libgcc.a
LOAD /opt/st/stm32cubeide_1.4.0/plugins/com.st.stm32cube.ide.mcu.externaltools.gnu-tools-for-stm32.7-2018-q2-update.linux64_1.4.0.202007081208/tools/bin/../lib/gcc/arm-none-eabi/7.3.1/../../../../arm-none-eabi/lib/thumb/v7e-m/fpv5/hard/libc_nano.a
LOAD /opt/st/stm32cubeide_1.4.0/plugins/com.st.stm32cube.ide.mcu.externaltools.gnu-tools-for-stm32.7-2018-q2-update.linux64_1.4.0.202007081208/tools/bin/../lib/gcc/arm-none-eabi/7.3.1/../../../../arm-none-eabi/lib/thumb/v7e-m/fpv5/hard/libnosys.a
END GROUP
START GROUP
LOAD /opt/st/stm32cubeide_1.4.0/plugins/com.st.stm32cube.ide.mcu.externaltools.gnu-tools-for-stm32.7-2018-q2-update.linux64_1.4.0.202007081208/tools/bin/../lib/gcc/arm-none-eabi/7.3.1/thumb/v7e-m/fpv5/hard/libgcc.a
LOAD /opt/st/stm32cubeide_1.4.0/plugins/com.st.stm32cube.ide.mcu.externaltools.gnu-tools-for-stm32.7-2018-q2-update.linux64_1.4.0.202007081208/tools/bin/../lib/gcc/arm-none-eabi/7.3.1/../../../../arm-none-eabi/lib/thumb/v7e-m/fpv5/hard/libc_nano.a
LOAD /opt/st/stm32cubeide_1.4.0/plugins/com.st.stm32cube.ide.mcu.externaltools.gnu-tools-for-stm32.7-2018-q2-update.linux64_1.4.0.202007081208/tools/bin/../lib/gcc/arm-none-eabi/7.3.1/../../../../arm-none-eabi/lib/thumb/v7e-m/fpv5/hard/libnosys.a
END GROUP
LOAD /opt/st/stm32cubeide_1.4.0/plugins/com.st.stm32cube.ide.mcu.externaltools.gnu-tools-for-stm32.7-2018-q2-update.linux64_1.4.0.202007081208/tools/bin/../lib/gcc/arm-none-eabi/7.3.1/thumb/v7e-m/fpv5/hard/crtend.o
LOAD /opt/st/stm32cubeide_1.4.0/plugins/com.st.stm32cube.ide.mcu.externaltools.gnu-tools-for-stm32.7-2018-q2-update.linux64_1.4.0.202007081208/tools/bin/../lib/gcc/arm-none-eabi/7.3.1/thumb/v7e-m/fpv5/hard/crtn.o
                0x0000000020080000                _estack = (ORIGIN (RAM) + LENGTH (RAM))
                0x0000000000000200                _Min_Heap_Size = 0x200
                0x0000000000000400                _Min_Stack_Size = 0x400

.isr_vector     0x0000000008000000      0x1f8
                0x0000000008000000                . = ALIGN (0x4)
 *(.isr_vector)
 .isr_vector    0x0000000008000000      0x1f8 Core/Startup/startup_stm32f765vitx.o
                0x0000000008000000                g_pfnVectors
                0x00000000080001f8                . = ALIGN (0x4)

.text           0x0000000008000200     0xb678
                0x0000000008000200                . = ALIGN (0x4)
 *(.text)
 .text          0x0000000008000200       0x40 /opt/st/stm32cubeide_1.4.0/plugins/com.st.stm32cube.ide.mcu.externaltools.gnu-tools-for-stm32.7-2018-q2-update.linux64_1.4.0.202007081208/tools/bin/../lib/gcc/arm-none-eabi/7.3.1/thumb/v7e-m/fpv5/hard/crtbegin.o
 .text          0x0000000008000240       0x10 /opt/st/stm32cubeide_1.4.0/plugins/com.st.stm32cube.ide.mcu.externaltools.gnu-tools-for-stm32.7-2018-q2-update.linux64_1.4.0.202007081208/tools/bin/../lib/gcc/arm-none-eabi/7.3.1/../../../../arm-none-eabi/lib/thumb/v7e-m/fpv5/hard/libc_nano.a(lib_a-strlen.o)
                0x0000000008000240                strlen
 .text          0x0000000008000250       0xa0 /opt/st/stm32cubeide_1.4.0/plugins/com.st.stm32cube.ide.mcu.externaltools.gnu-tools-for-stm32.7-2018-q2-update.linux64_1.4.0.202007081208/tools/bin/../lib/gcc/arm-none-eabi/7.3.1/../../../../arm-none-eabi/lib/thumb/v7e-m/fpv5/hard/libc_nano.a(lib_a-memchr.o)
                0x0000000008000250                memchr
 .text          0x00000000080002f0       0x30 /opt/st/stm32cubeide_1.4.0/plugins/com.st.stm32cube.ide.mcu.externaltools.gnu-tools-for-stm32.7-2018-q2-update.linux64_1.4.0.202007081208/tools/bin/../lib/gcc/arm-none-eabi/7.3.1/thumb/v7e-m/fpv5/hard/libgcc.a(_aeabi_uldivmod.o)
                0x00000000080002f0                __aeabi_uldivmod
 .text          0x0000000008000320      0x2cc /opt/st/stm32cubeide_1.4.0/plugins/com.st.stm32cube.ide.mcu.externaltools.gnu-tools-for-stm32.7-2018-q2-update.linux64_1.4.0.202007081208/tools/bin/../lib/gcc/arm-none-eabi/7.3.1/thumb/v7e-m/fpv5/hard/libgcc.a(_udivmoddi4.o)
                0x0000000008000320                __udivmoddi4
 .text          0x00000000080005ec        0x4 /opt/st/stm32cubeide_1.4.0/plugins/com.st.stm32cube.ide.mcu.externaltools.gnu-tools-for-stm32.7-2018-q2-update.linux64_1.4.0.202007081208/tools/bin/../lib/gcc/arm-none-eabi/7.3.1/thumb/v7e-m/fpv5/hard/libgcc.a(_dvmd_tls.o)
                0x00000000080005ec                __aeabi_ldiv0
                0x00000000080005ec                __aeabi_idiv0
 *(.text*)
 .text.Parse_AMS_HeartbeatResponse
                0x00000000080005f0       0xd4 Core/Common/Src/AMS_CAN_Messages.o
                0x00000000080005f0                Parse_AMS_HeartbeatResponse
 .text.Compose_CC_ReadyToDrive
                0x00000000080006c4       0x28 Core/Common/Src/CC_CAN_Messages.o
                0x00000000080006c4                Compose_CC_ReadyToDrive
 .text.Compose_CC_FatalShutdown
                0x00000000080006ec       0x28 Core/Common/Src/CC_CAN_Messages.o
                0x00000000080006ec                Compose_CC_FatalShutdown
 .text.Compose_CC_SoftShutdown
                0x0000000008000714       0x28 Core/Common/Src/CC_CAN_Messages.o
                0x0000000008000714                Compose_CC_SoftShutdown
 .text.Compose_CC_RequestRPM
                0x000000000800073c       0x5c Core/Common/Src/CC_CAN_Messages.o
                0x000000000800073c                Compose_CC_RequestRPM
 .text.Parse_CC_RequestRPM
                0x0000000008000798       0x30 Core/Common/Src/CC_CAN_Messages.o
                0x0000000008000798                Parse_CC_RequestRPM
 .text.Send_CC_FatalShutdown
                0x00000000080007c8       0x90 Core/Common/Src/CC_CAN_Wrapper.o
                0x00000000080007c8                Send_CC_FatalShutdown
 .text.fsm_new  0x0000000008000858       0x72 Core/Common/Src/FSM.o
                0x0000000008000858                fsm_new
 *fill*         0x00000000080008ca        0x2 
 .text.fsm_iterate
                0x00000000080008cc       0x48 Core/Common/Src/FSM.o
                0x00000000080008cc                fsm_iterate
 .text.fsm_changeState
                0x0000000008000914       0x94 Core/Common/Src/FSM.o
                0x0000000008000914                fsm_changeState
 .text.fsm_reset
                0x00000000080009a8       0x98 Core/Common/Src/FSM.o
                0x00000000080009a8                fsm_reset
 .text.fsm_setLogFunction
                0x0000000008000a40       0x1c Core/Common/Src/FSM.o
                0x0000000008000a40                fsm_setLogFunction
 .text.fsm_log  0x0000000008000a5c       0x1e Core/Common/Src/FSM.o
                0x0000000008000a5c                fsm_log
 .text.Compose_PDM_InitiateStartup
                0x0000000008000a7a       0x28 Core/Common/Src/PDM_CAN_Messages.o
                0x0000000008000a7a                Compose_PDM_InitiateStartup
 .text.Parse_PDM_StartupOk
                0x0000000008000aa2       0x36 Core/Common/Src/PDM_CAN_Messages.o
                0x0000000008000aa2                Parse_PDM_StartupOk
 .text.Compose_PDM_SelectStartup
                0x0000000008000ad8       0x92 Core/Common/Src/PDM_CAN_Messages.o
                0x0000000008000ad8                Compose_PDM_SelectStartup
 *fill*         0x0000000008000b6a        0x2 
 .text.Compose_CANId
                0x0000000008000b6c       0x6c Core/Common/Src/QUTMS_can.o
                0x0000000008000b6c                Compose_CANId
 .text.Parse_SHDN_HeartbeatResponse
                0x0000000008000bd8       0x22 Core/Common/Src/SHDN_CAN_Messages.o
                0x0000000008000bd8                Parse_SHDN_HeartbeatResponse
 .text.Parse_SHDN_IMD_HeartbeatResponse
                0x0000000008000bfa       0x22 Core/Common/Src/SHDN_IMD_CAN_Messages.o
                0x0000000008000bfa                Parse_SHDN_IMD_HeartbeatResponse
 .text.map      0x0000000008000c1c       0x5a Core/Common/Src/Util.o
                0x0000000008000c1c                map
 *fill*         0x0000000008000c76        0x2 
 .text.state_start_enter
                0x0000000008000c78      0x16c Core/Src/CC_FSM_States.o
                0x0000000008000c78                state_start_enter
 .text.state_start_iterate
                0x0000000008000de4      0x164 Core/Src/CC_FSM_States.o
                0x0000000008000de4                state_start_iterate
 .text.state_start_exit
                0x0000000008000f48       0x14 Core/Src/CC_FSM_States.o
                0x0000000008000f48                state_start_exit
 *fill*         0x0000000008000f5c        0x4 
 .text.state_idle_enter
                0x0000000008000f60       0x84 Core/Src/CC_FSM_States.o
                0x0000000008000f60                state_idle_enter
 *fill*         0x0000000008000fe4        0x4 
 .text.state_idle_iterate
                0x0000000008000fe8      0x508 Core/Src/CC_FSM_States.o
                0x0000000008000fe8                state_idle_iterate
 .text.state_idle_exit
                0x00000000080014f0       0xb8 Core/Src/CC_FSM_States.o
                0x00000000080014f0                state_idle_exit
 .text.state_driving_enter
                0x00000000080015a8      0x154 Core/Src/CC_FSM_States.o
                0x00000000080015a8                state_driving_enter
 .text.state_driving_iterate
                0x00000000080016fc      0xf20 Core/Src/CC_FSM_States.o
                0x00000000080016fc                state_driving_iterate
 .text.state_driving_exit
                0x000000000800261c       0x14 Core/Src/CC_FSM_States.o
                0x000000000800261c                state_driving_exit
 .text.MX_ADC1_Init
                0x0000000008002630       0xdc Core/Src/adc.o
                0x0000000008002630                MX_ADC1_Init
 .text.MX_ADC2_Init
                0x000000000800270c       0xc0 Core/Src/adc.o
                0x000000000800270c                MX_ADC2_Init
 .text.MX_ADC3_Init
                0x00000000080027cc       0xa4 Core/Src/adc.o
                0x00000000080027cc                MX_ADC3_Init
 .text.HAL_ADC_MspInit
                0x0000000008002870      0x234 Core/Src/adc.o
                0x0000000008002870                HAL_ADC_MspInit
 .text.MX_CAN1_Init
                0x0000000008002aa4       0x6c Core/Src/can.o
                0x0000000008002aa4                MX_CAN1_Init
 .text.MX_CAN2_Init
                0x0000000008002b10       0x6c Core/Src/can.o
                0x0000000008002b10                MX_CAN2_Init
 .text.MX_CAN3_Init
                0x0000000008002b7c       0x6c Core/Src/can.o
                0x0000000008002b7c                MX_CAN3_Init
 .text.HAL_CAN_MspInit
                0x0000000008002be8      0x23c Core/Src/can.o
                0x0000000008002be8                HAL_CAN_MspInit
 .text.MX_DMA_Init
                0x0000000008002e24       0x4c Core/Src/dma.o
                0x0000000008002e24                MX_DMA_Init
 .text.MX_FREERTOS_Init
                0x0000000008002e70       0x24 Core/Src/freertos.o
                0x0000000008002e70                MX_FREERTOS_Init
 .text.StartDefaultTask
                0x0000000008002e94       0x10 Core/Src/freertos.o
                0x0000000008002e94                StartDefaultTask
 .text.MX_GPIO_Init
                0x0000000008002ea4       0xe0 Core/Src/gpio.o
                0x0000000008002ea4                MX_GPIO_Init
 .text.main     0x0000000008002f84      0x154 Core/Src/main.o
                0x0000000008002f84                main
 .text.SystemClock_Config
                0x00000000080030d8       0xf4 Core/Src/main.o
                0x00000000080030d8                SystemClock_Config
 .text.CC_LogInfo
                0x00000000080031cc       0x28 Core/Src/main.o
                0x00000000080031cc                CC_LogInfo
 .text.fsm_thread_mainLoop
                0x00000000080031f4       0xe8 Core/Src/main.o
                0x00000000080031f4                fsm_thread_mainLoop
 .text.HAL_TIM_PeriodElapsedCallback
                0x00000000080032dc       0x24 Core/Src/main.o
                0x00000000080032dc                HAL_TIM_PeriodElapsedCallback
 .text.Error_Handler
                0x0000000008003300        0xe Core/Src/main.o
                0x0000000008003300                Error_Handler
 *fill*         0x000000000800330e        0x2 
 .text.HAL_MspInit
                0x0000000008003310       0x48 Core/Src/stm32f7xx_hal_msp.o
                0x0000000008003310                HAL_MspInit
 .text.HAL_InitTick
                0x0000000008003358       0xac Core/Src/stm32f7xx_hal_timebase_tim.o
                0x0000000008003358                HAL_InitTick
 .text.NMI_Handler
                0x0000000008003404        0xe Core/Src/stm32f7xx_it.o
                0x0000000008003404                NMI_Handler
 .text.HardFault_Handler
                0x0000000008003412        0x6 Core/Src/stm32f7xx_it.o
                0x0000000008003412                HardFault_Handler
 .text.MemManage_Handler
                0x0000000008003418        0x6 Core/Src/stm32f7xx_it.o
                0x0000000008003418                MemManage_Handler
 .text.BusFault_Handler
                0x000000000800341e        0x6 Core/Src/stm32f7xx_it.o
                0x000000000800341e                BusFault_Handler
 .text.UsageFault_Handler
                0x0000000008003424        0x6 Core/Src/stm32f7xx_it.o
                0x0000000008003424                UsageFault_Handler
 .text.DebugMon_Handler
                0x000000000800342a        0xe Core/Src/stm32f7xx_it.o
                0x000000000800342a                DebugMon_Handler
 .text.EXTI15_10_IRQHandler
                0x0000000008003438       0x54 Core/Src/stm32f7xx_it.o
                0x0000000008003438                EXTI15_10_IRQHandler
 .text.TIM7_IRQHandler
                0x000000000800348c       0x14 Core/Src/stm32f7xx_it.o
                0x000000000800348c                TIM7_IRQHandler
 .text.DMA2_Stream0_IRQHandler
                0x00000000080034a0       0x14 Core/Src/stm32f7xx_it.o
                0x00000000080034a0                DMA2_Stream0_IRQHandler
 .text.DMA2_Stream2_IRQHandler
                0x00000000080034b4       0x14 Core/Src/stm32f7xx_it.o
                0x00000000080034b4                DMA2_Stream2_IRQHandler
 .text._sbrk    0x00000000080034c8       0x6c Core/Src/sysmem.o
                0x00000000080034c8                _sbrk
 .text.SystemInit
                0x0000000008003534       0x2c Core/Src/system_stm32f7xx.o
                0x0000000008003534                SystemInit
 .text.MX_USART3_UART_Init
                0x0000000008003560       0x60 Core/Src/usart.o
                0x0000000008003560                MX_USART3_UART_Init
 .text.HAL_UART_MspInit
                0x00000000080035c0       0x88 Core/Src/usart.o
                0x00000000080035c0                HAL_UART_MspInit
 .text.Reset_Handler
                0x0000000008003648       0x50 Core/Startup/startup_stm32f765vitx.o
                0x0000000008003648                Reset_Handler
 .text.Default_Handler
                0x0000000008003698        0x2 Core/Startup/startup_stm32f765vitx.o
                0x0000000008003698                RTC_Alarm_IRQHandler
                0x0000000008003698                EXTI2_IRQHandler
                0x0000000008003698                TIM8_CC_IRQHandler
                0x0000000008003698                UART8_IRQHandler
                0x0000000008003698                SPI4_IRQHandler
                0x0000000008003698                TIM1_CC_IRQHandler
                0x0000000008003698                DMA2_Stream5_IRQHandler
                0x0000000008003698                DMA1_Stream5_IRQHandler
                0x0000000008003698                CAN3_RX1_IRQHandler
                0x0000000008003698                PVD_IRQHandler
                0x0000000008003698                TAMP_STAMP_IRQHandler
                0x0000000008003698                CAN2_RX1_IRQHandler
                0x0000000008003698                EXTI3_IRQHandler
                0x0000000008003698                TIM8_TRG_COM_TIM14_IRQHandler
                0x0000000008003698                DFSDM1_FLT1_IRQHandler
                0x0000000008003698                TIM1_UP_TIM10_IRQHandler
                0x0000000008003698                TIM8_UP_TIM13_IRQHandler
                0x0000000008003698                I2C3_ER_IRQHandler
                0x0000000008003698                DFSDM1_FLT2_IRQHandler
                0x0000000008003698                EXTI0_IRQHandler
                0x0000000008003698                I2C2_EV_IRQHandler
                0x0000000008003698                DMA1_Stream2_IRQHandler
                0x0000000008003698                CAN1_RX0_IRQHandler
                0x0000000008003698                FPU_IRQHandler
                0x0000000008003698                OTG_HS_WKUP_IRQHandler
                0x0000000008003698                CAN3_SCE_IRQHandler
                0x0000000008003698                CAN2_SCE_IRQHandler
                0x0000000008003698                SPI1_IRQHandler
                0x0000000008003698                TIM6_DAC_IRQHandler
                0x0000000008003698                TIM1_BRK_TIM9_IRQHandler
                0x0000000008003698                DCMI_IRQHandler
                0x0000000008003698                CAN2_RX0_IRQHandler
                0x0000000008003698                DMA2_Stream3_IRQHandler
                0x0000000008003698                SAI2_IRQHandler
                0x0000000008003698                DFSDM1_FLT3_IRQHandler
                0x0000000008003698                USART6_IRQHandler
                0x0000000008003698                CAN3_RX0_IRQHandler
                0x0000000008003698                USART3_IRQHandler
                0x0000000008003698                CAN1_RX1_IRQHandler
                0x0000000008003698                UART5_IRQHandler
                0x0000000008003698                TIM4_IRQHandler
                0x0000000008003698                QUADSPI_IRQHandler
                0x0000000008003698                I2C1_EV_IRQHandler
                0x0000000008003698                DMA1_Stream6_IRQHandler
                0x0000000008003698                DMA1_Stream1_IRQHandler
                0x0000000008003698                UART4_IRQHandler
                0x0000000008003698                TIM3_IRQHandler
                0x0000000008003698                RCC_IRQHandler
                0x0000000008003698                TIM8_BRK_TIM12_IRQHandler
                0x0000000008003698                Default_Handler
                0x0000000008003698                CEC_IRQHandler
                0x0000000008003698                ADC_IRQHandler
                0x0000000008003698                DMA1_Stream7_IRQHandler
                0x0000000008003698                SPI5_IRQHandler
                0x0000000008003698                SDMMC1_IRQHandler
                0x0000000008003698                CAN2_TX_IRQHandler
                0x0000000008003698                TIM5_IRQHandler
                0x0000000008003698                DMA2_Stream7_IRQHandler
                0x0000000008003698                I2C3_EV_IRQHandler
                0x0000000008003698                EXTI9_5_IRQHandler
                0x0000000008003698                RTC_WKUP_IRQHandler
                0x0000000008003698                ETH_WKUP_IRQHandler
                0x0000000008003698                SPDIF_RX_IRQHandler
                0x0000000008003698                SPI2_IRQHandler
                0x0000000008003698                OTG_HS_EP1_IN_IRQHandler
                0x0000000008003698                DMA1_Stream0_IRQHandler
                0x0000000008003698                CAN1_TX_IRQHandler
                0x0000000008003698                EXTI4_IRQHandler
                0x0000000008003698                RNG_IRQHandler
                0x0000000008003698                ETH_IRQHandler
                0x0000000008003698                OTG_HS_EP1_OUT_IRQHandler
                0x0000000008003698                WWDG_IRQHandler
                0x0000000008003698                SPI6_IRQHandler
                0x0000000008003698                MDIOS_IRQHandler
                0x0000000008003698                I2C4_EV_IRQHandler
                0x0000000008003698                CAN3_TX_IRQHandler
                0x0000000008003698                TIM2_IRQHandler
                0x0000000008003698                OTG_FS_WKUP_IRQHandler
                0x0000000008003698                TIM1_TRG_COM_TIM11_IRQHandler
                0x0000000008003698                OTG_HS_IRQHandler
                0x0000000008003698                DMA2D_IRQHandler
                0x0000000008003698                EXTI1_IRQHandler
                0x0000000008003698                SDMMC2_IRQHandler
                0x0000000008003698                UART7_IRQHandler
                0x0000000008003698                USART2_IRQHandler
                0x0000000008003698                DFSDM1_FLT0_IRQHandler
                0x0000000008003698                I2C2_ER_IRQHandler
                0x0000000008003698                DMA2_Stream1_IRQHandler
                0x0000000008003698                CAN1_SCE_IRQHandler
                0x0000000008003698                FLASH_IRQHandler
                0x0000000008003698                DMA2_Stream4_IRQHandler
                0x0000000008003698                USART1_IRQHandler
                0x0000000008003698                OTG_FS_IRQHandler
                0x0000000008003698                SPI3_IRQHandler
                0x0000000008003698                DMA1_Stream4_IRQHandler
                0x0000000008003698                I2C1_ER_IRQHandler
                0x0000000008003698                FMC_IRQHandler
                0x0000000008003698                LPTIM1_IRQHandler
                0x0000000008003698                I2C4_ER_IRQHandler
                0x0000000008003698                DMA2_Stream6_IRQHandler
                0x0000000008003698                SAI1_IRQHandler
                0x0000000008003698                DMA1_Stream3_IRQHandler
 .text.HAL_Init
                0x000000000800369a       0x1a Drivers/STM32F7xx_HAL_Driver/Src/stm32f7xx_hal.o
                0x000000000800369a                HAL_Init
 .text.HAL_IncTick
                0x00000000080036b4       0x28 Drivers/STM32F7xx_HAL_Driver/Src/stm32f7xx_hal.o
                0x00000000080036b4                HAL_IncTick
 .text.HAL_GetTick
                0x00000000080036dc       0x18 Drivers/STM32F7xx_HAL_Driver/Src/stm32f7xx_hal.o
                0x00000000080036dc                HAL_GetTick
 .text.HAL_ADC_Init
                0x00000000080036f4       0x88 Drivers/STM32F7xx_HAL_Driver/Src/stm32f7xx_hal_adc.o
                0x00000000080036f4                HAL_ADC_Init
 .text.HAL_ADC_Start
                0x000000000800377c      0x180 Drivers/STM32F7xx_HAL_Driver/Src/stm32f7xx_hal_adc.o
                0x000000000800377c                HAL_ADC_Start
 .text.HAL_ADC_Start_DMA
                0x00000000080038fc      0x1dc Drivers/STM32F7xx_HAL_Driver/Src/stm32f7xx_hal_adc.o
                0x00000000080038fc                HAL_ADC_Start_DMA
 .text.HAL_ADC_GetValue
                0x0000000008003ad8       0x1a Drivers/STM32F7xx_HAL_Driver/Src/stm32f7xx_hal_adc.o
                0x0000000008003ad8                HAL_ADC_GetValue
 .text.HAL_ADC_ConvCpltCallback
                0x0000000008003af2       0x14 Drivers/STM32F7xx_HAL_Driver/Src/stm32f7xx_hal_adc.o
                0x0000000008003af2                HAL_ADC_ConvCpltCallback
 .text.HAL_ADC_ConvHalfCpltCallback
                0x0000000008003b06       0x14 Drivers/STM32F7xx_HAL_Driver/Src/stm32f7xx_hal_adc.o
                0x0000000008003b06                HAL_ADC_ConvHalfCpltCallback
 .text.HAL_ADC_ErrorCallback
                0x0000000008003b1a       0x14 Drivers/STM32F7xx_HAL_Driver/Src/stm32f7xx_hal_adc.o
                0x0000000008003b1a                HAL_ADC_ErrorCallback
 *fill*         0x0000000008003b2e        0x2 
 .text.HAL_ADC_ConfigChannel
                0x0000000008003b30      0x294 Drivers/STM32F7xx_HAL_Driver/Src/stm32f7xx_hal_adc.o
                0x0000000008003b30                HAL_ADC_ConfigChannel
 .text.ADC_Init
                0x0000000008003dc4      0x1f4 Drivers/STM32F7xx_HAL_Driver/Src/stm32f7xx_hal_adc.o
 .text.ADC_DMAConvCplt
                0x0000000008003fb8       0xba Drivers/STM32F7xx_HAL_Driver/Src/stm32f7xx_hal_adc.o
 .text.ADC_DMAHalfConvCplt
                0x0000000008004072       0x1c Drivers/STM32F7xx_HAL_Driver/Src/stm32f7xx_hal_adc.o
 .text.ADC_DMAError
                0x000000000800408e       0x2e Drivers/STM32F7xx_HAL_Driver/Src/stm32f7xx_hal_adc.o
 .text.HAL_CAN_Init
                0x00000000080040bc      0x1f6 Drivers/STM32F7xx_HAL_Driver/Src/stm32f7xx_hal_can.o
                0x00000000080040bc                HAL_CAN_Init
 *fill*         0x00000000080042b2        0x2 
 .text.HAL_CAN_ConfigFilter
                0x00000000080042b4      0x1d8 Drivers/STM32F7xx_HAL_Driver/Src/stm32f7xx_hal_can.o
                0x00000000080042b4                HAL_CAN_ConfigFilter
 .text.HAL_CAN_Start
                0x000000000800448c       0x88 Drivers/STM32F7xx_HAL_Driver/Src/stm32f7xx_hal_can.o
                0x000000000800448c                HAL_CAN_Start
 .text.HAL_CAN_AddTxMessage
                0x0000000008004514      0x1b6 Drivers/STM32F7xx_HAL_Driver/Src/stm32f7xx_hal_can.o
                0x0000000008004514                HAL_CAN_AddTxMessage
 .text.HAL_CAN_GetRxMessage
                0x00000000080046ca      0x224 Drivers/STM32F7xx_HAL_Driver/Src/stm32f7xx_hal_can.o
                0x00000000080046ca                HAL_CAN_GetRxMessage
 .text.HAL_CAN_GetRxFifoFillLevel
                0x00000000080048ee       0x50 Drivers/STM32F7xx_HAL_Driver/Src/stm32f7xx_hal_can.o
                0x00000000080048ee                HAL_CAN_GetRxFifoFillLevel
 *fill*         0x000000000800493e        0x2 
 .text.__NVIC_SetPriorityGrouping
                0x0000000008004940       0x48 Drivers/STM32F7xx_HAL_Driver/Src/stm32f7xx_hal_cortex.o
 .text.__NVIC_GetPriorityGrouping
                0x0000000008004988       0x1c Drivers/STM32F7xx_HAL_Driver/Src/stm32f7xx_hal_cortex.o
 .text.__NVIC_EnableIRQ
                0x00000000080049a4       0x3c Drivers/STM32F7xx_HAL_Driver/Src/stm32f7xx_hal_cortex.o
 .text.__NVIC_SetPriority
                0x00000000080049e0       0x54 Drivers/STM32F7xx_HAL_Driver/Src/stm32f7xx_hal_cortex.o
 .text.NVIC_EncodePriority
                0x0000000008004a34       0x66 Drivers/STM32F7xx_HAL_Driver/Src/stm32f7xx_hal_cortex.o
 .text.HAL_NVIC_SetPriorityGrouping
                0x0000000008004a9a       0x16 Drivers/STM32F7xx_HAL_Driver/Src/stm32f7xx_hal_cortex.o
                0x0000000008004a9a                HAL_NVIC_SetPriorityGrouping
 .text.HAL_NVIC_SetPriority
                0x0000000008004ab0       0x38 Drivers/STM32F7xx_HAL_Driver/Src/stm32f7xx_hal_cortex.o
                0x0000000008004ab0                HAL_NVIC_SetPriority
 .text.HAL_NVIC_EnableIRQ
                0x0000000008004ae8       0x1c Drivers/STM32F7xx_HAL_Driver/Src/stm32f7xx_hal_cortex.o
                0x0000000008004ae8                HAL_NVIC_EnableIRQ
 .text.HAL_DMA_Init
                0x0000000008004b04      0x15c Drivers/STM32F7xx_HAL_Driver/Src/stm32f7xx_hal_dma.o
                0x0000000008004b04                HAL_DMA_Init
 .text.HAL_DMA_Start_IT
                0x0000000008004c60       0xc0 Drivers/STM32F7xx_HAL_Driver/Src/stm32f7xx_hal_dma.o
                0x0000000008004c60                HAL_DMA_Start_IT
 .text.HAL_DMA_IRQHandler
                0x0000000008004d20      0x314 Drivers/STM32F7xx_HAL_Driver/Src/stm32f7xx_hal_dma.o
                0x0000000008004d20                HAL_DMA_IRQHandler
 .text.DMA_SetConfig
                0x0000000008005034       0x5c Drivers/STM32F7xx_HAL_Driver/Src/stm32f7xx_hal_dma.o
 .text.DMA_CalcBaseAndBitshift
                0x0000000008005090       0x6c Drivers/STM32F7xx_HAL_Driver/Src/stm32f7xx_hal_dma.o
 .text.DMA_CheckFifoParam
                0x00000000080050fc       0xf4 Drivers/STM32F7xx_HAL_Driver/Src/stm32f7xx_hal_dma.o
 .text.HAL_GPIO_Init
                0x00000000080051f0      0x354 Drivers/STM32F7xx_HAL_Driver/Src/stm32f7xx_hal_gpio.o
                0x00000000080051f0                HAL_GPIO_Init
 .text.HAL_GPIO_ReadPin
                0x0000000008005544       0x30 Drivers/STM32F7xx_HAL_Driver/Src/stm32f7xx_hal_gpio.o
                0x0000000008005544                HAL_GPIO_ReadPin
 .text.HAL_GPIO_WritePin
                0x0000000008005574       0x32 Drivers/STM32F7xx_HAL_Driver/Src/stm32f7xx_hal_gpio.o
                0x0000000008005574                HAL_GPIO_WritePin
 *fill*         0x00000000080055a6        0x2 
 .text.HAL_GPIO_EXTI_IRQHandler
                0x00000000080055a8       0x30 Drivers/STM32F7xx_HAL_Driver/Src/stm32f7xx_hal_gpio.o
                0x00000000080055a8                HAL_GPIO_EXTI_IRQHandler
 .text.HAL_GPIO_EXTI_Callback
                0x00000000080055d8       0x16 Drivers/STM32F7xx_HAL_Driver/Src/stm32f7xx_hal_gpio.o
                0x00000000080055d8                HAL_GPIO_EXTI_Callback
 *fill*         0x00000000080055ee        0x2 
 .text.HAL_RCC_OscConfig
                0x00000000080055f0      0x55c Drivers/STM32F7xx_HAL_Driver/Src/stm32f7xx_hal_rcc.o
                0x00000000080055f0                HAL_RCC_OscConfig
 .text.HAL_RCC_ClockConfig
                0x0000000008005b4c      0x1d8 Drivers/STM32F7xx_HAL_Driver/Src/stm32f7xx_hal_rcc.o
                0x0000000008005b4c                HAL_RCC_ClockConfig
 .text.HAL_RCC_GetSysClockFreq
                0x0000000008005d24      0x164 Drivers/STM32F7xx_HAL_Driver/Src/stm32f7xx_hal_rcc.o
                0x0000000008005d24                HAL_RCC_GetSysClockFreq
 .text.HAL_RCC_GetHCLKFreq
                0x0000000008005e88       0x18 Drivers/STM32F7xx_HAL_Driver/Src/stm32f7xx_hal_rcc.o
                0x0000000008005e88                HAL_RCC_GetHCLKFreq
 .text.HAL_RCC_GetPCLK1Freq
                0x0000000008005ea0       0x28 Drivers/STM32F7xx_HAL_Driver/Src/stm32f7xx_hal_rcc.o
                0x0000000008005ea0                HAL_RCC_GetPCLK1Freq
 .text.HAL_RCC_GetPCLK2Freq
                0x0000000008005ec8       0x28 Drivers/STM32F7xx_HAL_Driver/Src/stm32f7xx_hal_rcc.o
                0x0000000008005ec8                HAL_RCC_GetPCLK2Freq
 .text.HAL_RCC_GetClockConfig
                0x0000000008005ef0       0x64 Drivers/STM32F7xx_HAL_Driver/Src/stm32f7xx_hal_rcc.o
                0x0000000008005ef0                HAL_RCC_GetClockConfig
 .text.HAL_RCCEx_PeriphCLKConfig
                0x0000000008005f54      0x7dc Drivers/STM32F7xx_HAL_Driver/Src/stm32f7xx_hal_rcc_ex.o
                0x0000000008005f54                HAL_RCCEx_PeriphCLKConfig
 .text.HAL_TIM_Base_Init
                0x0000000008006730       0x56 Drivers/STM32F7xx_HAL_Driver/Src/stm32f7xx_hal_tim.o
                0x0000000008006730                HAL_TIM_Base_Init
 .text.HAL_TIM_Base_MspInit
                0x0000000008006786       0x14 Drivers/STM32F7xx_HAL_Driver/Src/stm32f7xx_hal_tim.o
                0x0000000008006786                HAL_TIM_Base_MspInit
 *fill*         0x000000000800679a        0x2 
 .text.HAL_TIM_Base_Start_IT
                0x000000000800679c       0x54 Drivers/STM32F7xx_HAL_Driver/Src/stm32f7xx_hal_tim.o
                0x000000000800679c                HAL_TIM_Base_Start_IT
 .text.HAL_TIM_IRQHandler
                0x00000000080067f0      0x23e Drivers/STM32F7xx_HAL_Driver/Src/stm32f7xx_hal_tim.o
                0x00000000080067f0                HAL_TIM_IRQHandler
 .text.HAL_TIM_OC_DelayElapsedCallback
                0x0000000008006a2e       0x14 Drivers/STM32F7xx_HAL_Driver/Src/stm32f7xx_hal_tim.o
                0x0000000008006a2e                HAL_TIM_OC_DelayElapsedCallback
 .text.HAL_TIM_IC_CaptureCallback
                0x0000000008006a42       0x14 Drivers/STM32F7xx_HAL_Driver/Src/stm32f7xx_hal_tim.o
                0x0000000008006a42                HAL_TIM_IC_CaptureCallback
 .text.HAL_TIM_PWM_PulseFinishedCallback
                0x0000000008006a56       0x14 Drivers/STM32F7xx_HAL_Driver/Src/stm32f7xx_hal_tim.o
                0x0000000008006a56                HAL_TIM_PWM_PulseFinishedCallback
 .text.HAL_TIM_TriggerCallback
                0x0000000008006a6a       0x14 Drivers/STM32F7xx_HAL_Driver/Src/stm32f7xx_hal_tim.o
                0x0000000008006a6a                HAL_TIM_TriggerCallback
 *fill*         0x0000000008006a7e        0x2 
 .text.TIM_Base_SetConfig
                0x0000000008006a80      0x140 Drivers/STM32F7xx_HAL_Driver/Src/stm32f7xx_hal_tim.o
                0x0000000008006a80                TIM_Base_SetConfig
 .text.HAL_TIMEx_CommutCallback
                0x0000000008006bc0       0x14 Drivers/STM32F7xx_HAL_Driver/Src/stm32f7xx_hal_tim_ex.o
                0x0000000008006bc0                HAL_TIMEx_CommutCallback
 .text.HAL_TIMEx_BreakCallback
                0x0000000008006bd4       0x14 Drivers/STM32F7xx_HAL_Driver/Src/stm32f7xx_hal_tim_ex.o
                0x0000000008006bd4                HAL_TIMEx_BreakCallback
 .text.HAL_TIMEx_Break2Callback
                0x0000000008006be8       0x14 Drivers/STM32F7xx_HAL_Driver/Src/stm32f7xx_hal_tim_ex.o
                0x0000000008006be8                HAL_TIMEx_Break2Callback
 .text.HAL_UART_Init
                0x0000000008006bfc       0x9c Drivers/STM32F7xx_HAL_Driver/Src/stm32f7xx_hal_uart.o
                0x0000000008006bfc                HAL_UART_Init
 .text.HAL_UART_Transmit
                0x0000000008006c98      0x122 Drivers/STM32F7xx_HAL_Driver/Src/stm32f7xx_hal_uart.o
                0x0000000008006c98                HAL_UART_Transmit
 *fill*         0x0000000008006dba        0x2 
 .text.UART_SetConfig
                0x0000000008006dbc      0x554 Drivers/STM32F7xx_HAL_Driver/Src/stm32f7xx_hal_uart.o
                0x0000000008006dbc                UART_SetConfig
 .text.UART_AdvFeatureConfig
                0x0000000008007310      0x144 Drivers/STM32F7xx_HAL_Driver/Src/stm32f7xx_hal_uart.o
                0x0000000008007310                UART_AdvFeatureConfig
 .text.UART_CheckIdleState
                0x0000000008007454       0x8a Drivers/STM32F7xx_HAL_Driver/Src/stm32f7xx_hal_uart.o
                0x0000000008007454                UART_CheckIdleState
 .text.UART_WaitOnFlagUntilTimeout
                0x00000000080074de       0xf6 Drivers/STM32F7xx_HAL_Driver/Src/stm32f7xx_hal_uart.o
                0x00000000080074de                UART_WaitOnFlagUntilTimeout
 .text.SVC_Setup
                0x00000000080075d4        0xe Middlewares/Third_Party/FreeRTOS/Source/CMSIS_RTOS_V2/cmsis_os2.o
 *fill*         0x00000000080075e2        0x2 
 .text.osKernelInitialize
                0x00000000080075e4       0x68 Middlewares/Third_Party/FreeRTOS/Source/CMSIS_RTOS_V2/cmsis_os2.o
                0x00000000080075e4                osKernelInitialize
 .text.osKernelStart
                0x000000000800764c       0x6c Middlewares/Third_Party/FreeRTOS/Source/CMSIS_RTOS_V2/cmsis_os2.o
                0x000000000800764c                osKernelStart
 .text.osThreadNew
                0x00000000080076b8      0x14c Middlewares/Third_Party/FreeRTOS/Source/CMSIS_RTOS_V2/cmsis_os2.o
                0x00000000080076b8                osThreadNew
 .text.osDelay  0x0000000008007804       0x5c Middlewares/Third_Party/FreeRTOS/Source/CMSIS_RTOS_V2/cmsis_os2.o
                0x0000000008007804                osDelay
 .text.osSemaphoreNew
                0x0000000008007860      0x13c Middlewares/Third_Party/FreeRTOS/Source/CMSIS_RTOS_V2/cmsis_os2.o
                0x0000000008007860                osSemaphoreNew
 .text.osSemaphoreAcquire
                0x000000000800799c       0xcc Middlewares/Third_Party/FreeRTOS/Source/CMSIS_RTOS_V2/cmsis_os2.o
                0x000000000800799c                osSemaphoreAcquire
 .text.osSemaphoreRelease
                0x0000000008007a68       0xb0 Middlewares/Third_Party/FreeRTOS/Source/CMSIS_RTOS_V2/cmsis_os2.o
                0x0000000008007a68                osSemaphoreRelease
 .text.osMessageQueueNew
                0x0000000008007b18      0x10c Middlewares/Third_Party/FreeRTOS/Source/CMSIS_RTOS_V2/cmsis_os2.o
                0x0000000008007b18                osMessageQueueNew
 .text.osMessageQueuePut
                0x0000000008007c24       0xe8 Middlewares/Third_Party/FreeRTOS/Source/CMSIS_RTOS_V2/cmsis_os2.o
                0x0000000008007c24                osMessageQueuePut
 .text.osMessageQueueGet
                0x0000000008007d0c       0xe4 Middlewares/Third_Party/FreeRTOS/Source/CMSIS_RTOS_V2/cmsis_os2.o
                0x0000000008007d0c                osMessageQueueGet
 .text.osMessageQueueGetCount
                0x0000000008007df0       0x64 Middlewares/Third_Party/FreeRTOS/Source/CMSIS_RTOS_V2/cmsis_os2.o
                0x0000000008007df0                osMessageQueueGetCount
 .text.vApplicationGetIdleTaskMemory
                0x0000000008007e54       0x34 Middlewares/Third_Party/FreeRTOS/Source/CMSIS_RTOS_V2/cmsis_os2.o
                0x0000000008007e54                vApplicationGetIdleTaskMemory
 .text.vApplicationGetTimerTaskMemory
                0x0000000008007e88       0x34 Middlewares/Third_Party/FreeRTOS/Source/CMSIS_RTOS_V2/cmsis_os2.o
                0x0000000008007e88                vApplicationGetTimerTaskMemory
 .text.vListInitialise
                0x0000000008007ebc       0x40 Middlewares/Third_Party/FreeRTOS/Source/list.o
                0x0000000008007ebc                vListInitialise
 .text.vListInitialiseItem
                0x0000000008007efc       0x1a Middlewares/Third_Party/FreeRTOS/Source/list.o
                0x0000000008007efc                vListInitialiseItem
 .text.vListInsertEnd
                0x0000000008007f16       0x48 Middlewares/Third_Party/FreeRTOS/Source/list.o
                0x0000000008007f16                vListInsertEnd
 .text.vListInsert
                0x0000000008007f5e       0x72 Middlewares/Third_Party/FreeRTOS/Source/list.o
                0x0000000008007f5e                vListInsert
 .text.uxListRemove
                0x0000000008007fd0       0x54 Middlewares/Third_Party/FreeRTOS/Source/list.o
                0x0000000008007fd0                uxListRemove
 .text.xQueueGenericReset
                0x0000000008008024       0xd4 Middlewares/Third_Party/FreeRTOS/Source/queue.o
                0x0000000008008024                xQueueGenericReset
 .text.xQueueGenericCreateStatic
                0x00000000080080f8       0xfa Middlewares/Third_Party/FreeRTOS/Source/queue.o
                0x00000000080080f8                xQueueGenericCreateStatic
 .text.xQueueGenericCreate
                0x00000000080081f2       0x82 Middlewares/Third_Party/FreeRTOS/Source/queue.o
                0x00000000080081f2                xQueueGenericCreate
 .text.prvInitialiseNewQueue
                0x0000000008008274       0x46 Middlewares/Third_Party/FreeRTOS/Source/queue.o
 .text.xQueueCreateCountingSemaphoreStatic
                0x00000000080082ba       0x72 Middlewares/Third_Party/FreeRTOS/Source/queue.o
                0x00000000080082ba                xQueueCreateCountingSemaphoreStatic
 .text.xQueueCreateCountingSemaphore
                0x000000000800832c       0x6a Middlewares/Third_Party/FreeRTOS/Source/queue.o
                0x000000000800832c                xQueueCreateCountingSemaphore
 *fill*         0x0000000008008396        0x2 
 .text.xQueueGenericSend
                0x0000000008008398      0x204 Middlewares/Third_Party/FreeRTOS/Source/queue.o
                0x0000000008008398                xQueueGenericSend
 .text.xQueueGenericSendFromISR
                0x000000000800859c      0x138 Middlewares/Third_Party/FreeRTOS/Source/queue.o
                0x000000000800859c                xQueueGenericSendFromISR
 .text.xQueueGiveFromISR
                0x00000000080086d4      0x122 Middlewares/Third_Party/FreeRTOS/Source/queue.o
                0x00000000080086d4                xQueueGiveFromISR
 *fill*         0x00000000080087f6        0x2 
 .text.xQueueReceive
                0x00000000080087f8      0x1c4 Middlewares/Third_Party/FreeRTOS/Source/queue.o
                0x00000000080087f8                xQueueReceive
 .text.xQueueSemaphoreTake
                0x00000000080089bc      0x220 Middlewares/Third_Party/FreeRTOS/Source/queue.o
                0x00000000080089bc                xQueueSemaphoreTake
 .text.xQueueReceiveFromISR
                0x0000000008008bdc      0x106 Middlewares/Third_Party/FreeRTOS/Source/queue.o
                0x0000000008008bdc                xQueueReceiveFromISR
 .text.uxQueueMessagesWaiting
                0x0000000008008ce2       0x3e Middlewares/Third_Party/FreeRTOS/Source/queue.o
                0x0000000008008ce2                uxQueueMessagesWaiting
 .text.uxQueueMessagesWaitingFromISR
                0x0000000008008d20       0x3e Middlewares/Third_Party/FreeRTOS/Source/queue.o
                0x0000000008008d20                uxQueueMessagesWaitingFromISR
 .text.vQueueDelete
                0x0000000008008d5e       0x48 Middlewares/Third_Party/FreeRTOS/Source/queue.o
                0x0000000008008d5e                vQueueDelete
 .text.prvGetDisinheritPriorityAfterTimeout
                0x0000000008008da6       0x30 Middlewares/Third_Party/FreeRTOS/Source/queue.o
 .text.prvCopyDataToQueue
                0x0000000008008dd6       0xd4 Middlewares/Third_Party/FreeRTOS/Source/queue.o
 .text.prvCopyDataFromQueue
                0x0000000008008eaa       0x4c Middlewares/Third_Party/FreeRTOS/Source/queue.o
 .text.prvUnlockQueue
                0x0000000008008ef6       0xa4 Middlewares/Third_Party/FreeRTOS/Source/queue.o
 .text.prvIsQueueEmpty
                0x0000000008008f9a       0x2c Middlewares/Third_Party/FreeRTOS/Source/queue.o
 .text.prvIsQueueFull
                0x0000000008008fc6       0x30 Middlewares/Third_Party/FreeRTOS/Source/queue.o
 *fill*         0x0000000008008ff6        0x2 
 .text.vQueueAddToRegistry
                0x0000000008008ff8       0x50 Middlewares/Third_Party/FreeRTOS/Source/queue.o
                0x0000000008008ff8                vQueueAddToRegistry
 .text.vQueueUnregisterQueue
                0x0000000008009048       0x54 Middlewares/Third_Party/FreeRTOS/Source/queue.o
                0x0000000008009048                vQueueUnregisterQueue
 .text.vQueueWaitForMessageRestricted
                0x000000000800909c       0x68 Middlewares/Third_Party/FreeRTOS/Source/queue.o
                0x000000000800909c                vQueueWaitForMessageRestricted
 .text.xTaskCreateStatic
                0x0000000008009104       0xc0 Middlewares/Third_Party/FreeRTOS/Source/tasks.o
                0x0000000008009104                xTaskCreateStatic
 .text.xTaskCreate
                0x00000000080091c4       0x8a Middlewares/Third_Party/FreeRTOS/Source/tasks.o
                0x00000000080091c4                xTaskCreate
 .text.prvInitialiseNewTask
                0x000000000800924e      0x120 Middlewares/Third_Party/FreeRTOS/Source/tasks.o
 *fill*         0x000000000800936e        0x2 
 .text.prvAddNewTaskToReadyList
                0x0000000008009370       0xe0 Middlewares/Third_Party/FreeRTOS/Source/tasks.o
 .text.vTaskDelay
                0x0000000008009450       0x6c Middlewares/Third_Party/FreeRTOS/Source/tasks.o
                0x0000000008009450                vTaskDelay
 .text.vTaskStartScheduler
                0x00000000080094bc       0xd0 Middlewares/Third_Party/FreeRTOS/Source/tasks.o
                0x00000000080094bc                vTaskStartScheduler
 .text.vTaskSuspendAll
                0x000000000800958c       0x1c Middlewares/Third_Party/FreeRTOS/Source/tasks.o
                0x000000000800958c                vTaskSuspendAll
 .text.xTaskResumeAll
                0x00000000080095a8      0x13c Middlewares/Third_Party/FreeRTOS/Source/tasks.o
                0x00000000080095a8                xTaskResumeAll
 .text.xTaskGetTickCount
                0x00000000080096e4       0x20 Middlewares/Third_Party/FreeRTOS/Source/tasks.o
                0x00000000080096e4                xTaskGetTickCount
 .text.xTaskIncrementTick
                0x0000000008009704      0x174 Middlewares/Third_Party/FreeRTOS/Source/tasks.o
                0x0000000008009704                xTaskIncrementTick
 .text.vTaskSwitchContext
                0x0000000008009878       0xbc Middlewares/Third_Party/FreeRTOS/Source/tasks.o
                0x0000000008009878                vTaskSwitchContext
 .text.vTaskPlaceOnEventList
                0x0000000008009934       0x4c Middlewares/Third_Party/FreeRTOS/Source/tasks.o
                0x0000000008009934                vTaskPlaceOnEventList
 .text.vTaskPlaceOnEventListRestricted
                0x0000000008009980       0x58 Middlewares/Third_Party/FreeRTOS/Source/tasks.o
                0x0000000008009980                vTaskPlaceOnEventListRestricted
 .text.xTaskRemoveFromEventList
                0x00000000080099d8       0xc8 Middlewares/Third_Party/FreeRTOS/Source/tasks.o
                0x00000000080099d8                xTaskRemoveFromEventList
 .text.vTaskInternalSetTimeOutState
                0x0000000008009aa0       0x2c Middlewares/Third_Party/FreeRTOS/Source/tasks.o
                0x0000000008009aa0                vTaskInternalSetTimeOutState
 .text.xTaskCheckForTimeOut
                0x0000000008009acc       0xc8 Middlewares/Third_Party/FreeRTOS/Source/tasks.o
                0x0000000008009acc                xTaskCheckForTimeOut
 .text.vTaskMissedYield
                0x0000000008009b94       0x18 Middlewares/Third_Party/FreeRTOS/Source/tasks.o
                0x0000000008009b94                vTaskMissedYield
 .text.prvIdleTask
                0x0000000008009bac       0x30 Middlewares/Third_Party/FreeRTOS/Source/tasks.o
 .text.prvInitialiseTaskLists
                0x0000000008009bdc       0x80 Middlewares/Third_Party/FreeRTOS/Source/tasks.o
 .text.prvCheckTasksWaitingTermination
                0x0000000008009c5c       0x58 Middlewares/Third_Party/FreeRTOS/Source/tasks.o
 .text.prvDeleteTCB
                0x0000000008009cb4       0x60 Middlewares/Third_Party/FreeRTOS/Source/tasks.o
 .text.prvResetNextTaskUnblockTime
                0x0000000008009d14       0x40 Middlewares/Third_Party/FreeRTOS/Source/tasks.o
 .text.xTaskGetSchedulerState
                0x0000000008009d54       0x3c Middlewares/Third_Party/FreeRTOS/Source/tasks.o
                0x0000000008009d54                xTaskGetSchedulerState
 .text.xTaskPriorityInherit
                0x0000000008009d90       0xd0 Middlewares/Third_Party/FreeRTOS/Source/tasks.o
                0x0000000008009d90                xTaskPriorityInherit
 .text.xTaskPriorityDisinherit
                0x0000000008009e60       0xe0 Middlewares/Third_Party/FreeRTOS/Source/tasks.o
                0x0000000008009e60                xTaskPriorityDisinherit
 .text.vTaskPriorityDisinheritAfterTimeout
                0x0000000008009f40      0x108 Middlewares/Third_Party/FreeRTOS/Source/tasks.o
                0x0000000008009f40                vTaskPriorityDisinheritAfterTimeout
 .text.pvTaskIncrementMutexHeldCount
                0x000000000800a048       0x28 Middlewares/Third_Party/FreeRTOS/Source/tasks.o
                0x000000000800a048                pvTaskIncrementMutexHeldCount
 .text.prvAddCurrentTaskToDelayedList
                0x000000000800a070       0xa8 Middlewares/Third_Party/FreeRTOS/Source/tasks.o
 .text.xTimerCreateTimerTask
                0x000000000800a118       0x94 Middlewares/Third_Party/FreeRTOS/Source/timers.o
                0x000000000800a118                xTimerCreateTimerTask
 .text.xTimerGenericCommand
                0x000000000800a1ac       0x9c Middlewares/Third_Party/FreeRTOS/Source/timers.o
                0x000000000800a1ac                xTimerGenericCommand
 .text.prvProcessExpiredTimer
                0x000000000800a248       0x9c Middlewares/Third_Party/FreeRTOS/Source/timers.o
 .text.prvTimerTask
                0x000000000800a2e4       0x24 Middlewares/Third_Party/FreeRTOS/Source/timers.o
 .text.prvProcessTimerOrBlockTask
                0x000000000800a308       0x9c Middlewares/Third_Party/FreeRTOS/Source/timers.o
 .text.prvGetNextExpireTime
                0x000000000800a3a4       0x48 Middlewares/Third_Party/FreeRTOS/Source/timers.o
 .text.prvSampleTimeNow
                0x000000000800a3ec       0x40 Middlewares/Third_Party/FreeRTOS/Source/timers.o
 .text.prvInsertTimerInActiveList
                0x000000000800a42c       0x84 Middlewares/Third_Party/FreeRTOS/Source/timers.o
 .text.prvProcessReceivedCommands
                0x000000000800a4b0      0x1c4 Middlewares/Third_Party/FreeRTOS/Source/timers.o
 .text.prvSwitchTimerLists
                0x000000000800a674       0xcc Middlewares/Third_Party/FreeRTOS/Source/timers.o
 .text.prvCheckForValidListAndQueue
                0x000000000800a740       0x80 Middlewares/Third_Party/FreeRTOS/Source/timers.o
 .text.pxPortInitialiseStack
                0x000000000800a7c0       0x68 Middlewares/Third_Party/FreeRTOS/Source/portable/GCC/ARM_CM7/r0p1/port.o
                0x000000000800a7c0                pxPortInitialiseStack
 .text.prvTaskExitError
                0x000000000800a828       0x5c Middlewares/Third_Party/FreeRTOS/Source/portable/GCC/ARM_CM7/r0p1/port.o
 *fill*         0x000000000800a884        0xc 
 .text.SVC_Handler
                0x000000000800a890       0x28 Middlewares/Third_Party/FreeRTOS/Source/portable/GCC/ARM_CM7/r0p1/port.o
                0x000000000800a890                SVC_Handler
 .text.prvPortStartFirstTask
                0x000000000800a8b8       0x28 Middlewares/Third_Party/FreeRTOS/Source/portable/GCC/ARM_CM7/r0p1/port.o
 .text.xPortStartScheduler
                0x000000000800a8e0       0xf8 Middlewares/Third_Party/FreeRTOS/Source/portable/GCC/ARM_CM7/r0p1/port.o
                0x000000000800a8e0                xPortStartScheduler
 .text.vPortEnterCritical
                0x000000000800a9d8       0x64 Middlewares/Third_Party/FreeRTOS/Source/portable/GCC/ARM_CM7/r0p1/port.o
                0x000000000800a9d8                vPortEnterCritical
 .text.vPortExitCritical
                0x000000000800aa3c       0x54 Middlewares/Third_Party/FreeRTOS/Source/portable/GCC/ARM_CM7/r0p1/port.o
                0x000000000800aa3c                vPortExitCritical
 .text.PendSV_Handler
                0x000000000800aa90       0x68 Middlewares/Third_Party/FreeRTOS/Source/portable/GCC/ARM_CM7/r0p1/port.o
                0x000000000800aa90                PendSV_Handler
 .text.SysTick_Handler
                0x000000000800aaf8       0x44 Middlewares/Third_Party/FreeRTOS/Source/portable/GCC/ARM_CM7/r0p1/port.o
                0x000000000800aaf8                SysTick_Handler
 .text.vPortSetupTimerInterrupt
                0x000000000800ab3c       0x48 Middlewares/Third_Party/FreeRTOS/Source/portable/GCC/ARM_CM7/r0p1/port.o
                0x000000000800ab3c                vPortSetupTimerInterrupt
 .text.vPortEnableVFP
                0x000000000800ab84       0x14 Middlewares/Third_Party/FreeRTOS/Source/portable/GCC/ARM_CM7/r0p1/port.o
 .text.vPortValidateInterruptPriority
                0x000000000800ab98       0x84 Middlewares/Third_Party/FreeRTOS/Source/portable/GCC/ARM_CM7/r0p1/port.o
                0x000000000800ab98                vPortValidateInterruptPriority
 .text.pvPortMalloc
                0x000000000800ac1c      0x190 Middlewares/Third_Party/FreeRTOS/Source/portable/MemMang/heap_4.o
                0x000000000800ac1c                pvPortMalloc
 .text.vPortFree
                0x000000000800adac       0xb8 Middlewares/Third_Party/FreeRTOS/Source/portable/MemMang/heap_4.o
                0x000000000800adac                vPortFree
 .text.prvHeapInit
                0x000000000800ae64       0xc4 Middlewares/Third_Party/FreeRTOS/Source/portable/MemMang/heap_4.o
 .text.prvInsertBlockIntoFreeList
                0x000000000800af28       0xb4 Middlewares/Third_Party/FreeRTOS/Source/portable/MemMang/heap_4.o
 .text.__errno  0x000000000800afdc        0xc /opt/st/stm32cubeide_1.4.0/plugins/com.st.stm32cube.ide.mcu.externaltools.gnu-tools-for-stm32.7-2018-q2-update.linux64_1.4.0.202007081208/tools/bin/../lib/gcc/arm-none-eabi/7.3.1/../../../../arm-none-eabi/lib/thumb/v7e-m/fpv5/hard/libc_nano.a(lib_a-errno.o)
                0x000000000800afdc                __errno
 .text.__libc_init_array
                0x000000000800afe8       0x48 /opt/st/stm32cubeide_1.4.0/plugins/com.st.stm32cube.ide.mcu.externaltools.gnu-tools-for-stm32.7-2018-q2-update.linux64_1.4.0.202007081208/tools/bin/../lib/gcc/arm-none-eabi/7.3.1/../../../../arm-none-eabi/lib/thumb/v7e-m/fpv5/hard/libc_nano.a(lib_a-init.o)
                0x000000000800afe8                __libc_init_array
 .text.malloc   0x000000000800b030       0x10 /opt/st/stm32cubeide_1.4.0/plugins/com.st.stm32cube.ide.mcu.externaltools.gnu-tools-for-stm32.7-2018-q2-update.linux64_1.4.0.202007081208/tools/bin/../lib/gcc/arm-none-eabi/7.3.1/../../../../arm-none-eabi/lib/thumb/v7e-m/fpv5/hard/libc_nano.a(lib_a-malloc.o)
                0x000000000800b030                malloc
 .text.memcpy   0x000000000800b040       0x16 /opt/st/stm32cubeide_1.4.0/plugins/com.st.stm32cube.ide.mcu.externaltools.gnu-tools-for-stm32.7-2018-q2-update.linux64_1.4.0.202007081208/tools/bin/../lib/gcc/arm-none-eabi/7.3.1/../../../../arm-none-eabi/lib/thumb/v7e-m/fpv5/hard/libc_nano.a(lib_a-memcpy-stub.o)
                0x000000000800b040                memcpy
 .text.memset   0x000000000800b056       0x10 /opt/st/stm32cubeide_1.4.0/plugins/com.st.stm32cube.ide.mcu.externaltools.gnu-tools-for-stm32.7-2018-q2-update.linux64_1.4.0.202007081208/tools/bin/../lib/gcc/arm-none-eabi/7.3.1/../../../../arm-none-eabi/lib/thumb/v7e-m/fpv5/hard/libc_nano.a(lib_a-memset.o)
                0x000000000800b056                memset
 *fill*         0x000000000800b066        0x2 
 .text._free_r  0x000000000800b068       0x9c /opt/st/stm32cubeide_1.4.0/plugins/com.st.stm32cube.ide.mcu.externaltools.gnu-tools-for-stm32.7-2018-q2-update.linux64_1.4.0.202007081208/tools/bin/../lib/gcc/arm-none-eabi/7.3.1/../../../../arm-none-eabi/lib/thumb/v7e-m/fpv5/hard/libc_nano.a(lib_a-nano-freer.o)
                0x000000000800b068                _free_r
 .text._malloc_r
                0x000000000800b104       0xb4 /opt/st/stm32cubeide_1.4.0/plugins/com.st.stm32cube.ide.mcu.externaltools.gnu-tools-for-stm32.7-2018-q2-update.linux64_1.4.0.202007081208/tools/bin/../lib/gcc/arm-none-eabi/7.3.1/../../../../arm-none-eabi/lib/thumb/v7e-m/fpv5/hard/libc_nano.a(lib_a-nano-mallocr.o)
                0x000000000800b104                _malloc_r
 .text._sbrk_r  0x000000000800b1b8       0x20 /opt/st/stm32cubeide_1.4.0/plugins/com.st.stm32cube.ide.mcu.externaltools.gnu-tools-for-stm32.7-2018-q2-update.linux64_1.4.0.202007081208/tools/bin/../lib/gcc/arm-none-eabi/7.3.1/../../../../arm-none-eabi/lib/thumb/v7e-m/fpv5/hard/libc_nano.a(lib_a-sbrkr.o)
                0x000000000800b1b8                _sbrk_r
 .text.sprintf  0x000000000800b1d8       0x40 /opt/st/stm32cubeide_1.4.0/plugins/com.st.stm32cube.ide.mcu.externaltools.gnu-tools-for-stm32.7-2018-q2-update.linux64_1.4.0.202007081208/tools/bin/../lib/gcc/arm-none-eabi/7.3.1/../../../../arm-none-eabi/lib/thumb/v7e-m/fpv5/hard/libc_nano.a(lib_a-sprintf.o)
                0x000000000800b1d8                sprintf
                0x000000000800b1d8                siprintf
 .text.__malloc_lock
                0x000000000800b218        0x2 /opt/st/stm32cubeide_1.4.0/plugins/com.st.stm32cube.ide.mcu.externaltools.gnu-tools-for-stm32.7-2018-q2-update.linux64_1.4.0.202007081208/tools/bin/../lib/gcc/arm-none-eabi/7.3.1/../../../../arm-none-eabi/lib/thumb/v7e-m/fpv5/hard/libc_nano.a(lib_a-mlock.o)
                0x000000000800b218                __malloc_lock
 .text.__malloc_unlock
                0x000000000800b21a        0x2 /opt/st/stm32cubeide_1.4.0/plugins/com.st.stm32cube.ide.mcu.externaltools.gnu-tools-for-stm32.7-2018-q2-update.linux64_1.4.0.202007081208/tools/bin/../lib/gcc/arm-none-eabi/7.3.1/../../../../arm-none-eabi/lib/thumb/v7e-m/fpv5/hard/libc_nano.a(lib_a-mlock.o)
                0x000000000800b21a                __malloc_unlock
 .text.__ssputs_r
                0x000000000800b21c       0xb4 /opt/st/stm32cubeide_1.4.0/plugins/com.st.stm32cube.ide.mcu.externaltools.gnu-tools-for-stm32.7-2018-q2-update.linux64_1.4.0.202007081208/tools/bin/../lib/gcc/arm-none-eabi/7.3.1/../../../../arm-none-eabi/lib/thumb/v7e-m/fpv5/hard/libc_nano.a(lib_a-nano-svfprintf.o)
                0x000000000800b21c                __ssputs_r
 .text._svfprintf_r
                0x000000000800b2d0      0x1f0 /opt/st/stm32cubeide_1.4.0/plugins/com.st.stm32cube.ide.mcu.externaltools.gnu-tools-for-stm32.7-2018-q2-update.linux64_1.4.0.202007081208/tools/bin/../lib/gcc/arm-none-eabi/7.3.1/../../../../arm-none-eabi/lib/thumb/v7e-m/fpv5/hard/libc_nano.a(lib_a-nano-svfprintf.o)
                0x000000000800b2d0                _svfprintf_r
                0x000000000800b2d0                _svfiprintf_r
 .text._printf_common
                0x000000000800b4c0       0xea /opt/st/stm32cubeide_1.4.0/plugins/com.st.stm32cube.ide.mcu.externaltools.gnu-tools-for-stm32.7-2018-q2-update.linux64_1.4.0.202007081208/tools/bin/../lib/gcc/arm-none-eabi/7.3.1/../../../../arm-none-eabi/lib/thumb/v7e-m/fpv5/hard/libc_nano.a(lib_a-nano-vfprintf_i.o)
                0x000000000800b4c0                _printf_common
 *fill*         0x000000000800b5aa        0x2 
 .text._printf_i
                0x000000000800b5ac      0x224 /opt/st/stm32cubeide_1.4.0/plugins/com.st.stm32cube.ide.mcu.externaltools.gnu-tools-for-stm32.7-2018-q2-update.linux64_1.4.0.202007081208/tools/bin/../lib/gcc/arm-none-eabi/7.3.1/../../../../arm-none-eabi/lib/thumb/v7e-m/fpv5/hard/libc_nano.a(lib_a-nano-vfprintf_i.o)
                0x000000000800b5ac                _printf_i
 .text.memmove  0x000000000800b7d0       0x32 /opt/st/stm32cubeide_1.4.0/plugins/com.st.stm32cube.ide.mcu.externaltools.gnu-tools-for-stm32.7-2018-q2-update.linux64_1.4.0.202007081208/tools/bin/../lib/gcc/arm-none-eabi/7.3.1/../../../../arm-none-eabi/lib/thumb/v7e-m/fpv5/hard/libc_nano.a(lib_a-memmove.o)
                0x000000000800b7d0                memmove
 .text._realloc_r
                0x000000000800b802       0x4c /opt/st/stm32cubeide_1.4.0/plugins/com.st.stm32cube.ide.mcu.externaltools.gnu-tools-for-stm32.7-2018-q2-update.linux64_1.4.0.202007081208/tools/bin/../lib/gcc/arm-none-eabi/7.3.1/../../../../arm-none-eabi/lib/thumb/v7e-m/fpv5/hard/libc_nano.a(lib_a-nano-reallocr.o)
                0x000000000800b802                _realloc_r
 .text._malloc_usable_size_r
                0x000000000800b84e       0x10 /opt/st/stm32cubeide_1.4.0/plugins/com.st.stm32cube.ide.mcu.externaltools.gnu-tools-for-stm32.7-2018-q2-update.linux64_1.4.0.202007081208/tools/bin/../lib/gcc/arm-none-eabi/7.3.1/../../../../arm-none-eabi/lib/thumb/v7e-m/fpv5/hard/libc_nano.a(lib_a-nano-msizer.o)
                0x000000000800b84e                _malloc_usable_size_r
 *(.glue_7)
 .glue_7        0x000000000800b85e        0x0 linker stubs
 *(.glue_7t)
 .glue_7t       0x000000000800b85e        0x0 linker stubs
 *(.eh_frame)
 *fill*         0x000000000800b85e        0x2 
 .eh_frame      0x000000000800b860        0x0 /opt/st/stm32cubeide_1.4.0/plugins/com.st.stm32cube.ide.mcu.externaltools.gnu-tools-for-stm32.7-2018-q2-update.linux64_1.4.0.202007081208/tools/bin/../lib/gcc/arm-none-eabi/7.3.1/thumb/v7e-m/fpv5/hard/crtbegin.o
 *(.init)
 .init          0x000000000800b860        0x4 /opt/st/stm32cubeide_1.4.0/plugins/com.st.stm32cube.ide.mcu.externaltools.gnu-tools-for-stm32.7-2018-q2-update.linux64_1.4.0.202007081208/tools/bin/../lib/gcc/arm-none-eabi/7.3.1/thumb/v7e-m/fpv5/hard/crti.o
                0x000000000800b860                _init
 .init          0x000000000800b864        0x8 /opt/st/stm32cubeide_1.4.0/plugins/com.st.stm32cube.ide.mcu.externaltools.gnu-tools-for-stm32.7-2018-q2-update.linux64_1.4.0.202007081208/tools/bin/../lib/gcc/arm-none-eabi/7.3.1/thumb/v7e-m/fpv5/hard/crtn.o
 *(.fini)
 .fini          0x000000000800b86c        0x4 /opt/st/stm32cubeide_1.4.0/plugins/com.st.stm32cube.ide.mcu.externaltools.gnu-tools-for-stm32.7-2018-q2-update.linux64_1.4.0.202007081208/tools/bin/../lib/gcc/arm-none-eabi/7.3.1/thumb/v7e-m/fpv5/hard/crti.o
                0x000000000800b86c                _fini
 .fini          0x000000000800b870        0x8 /opt/st/stm32cubeide_1.4.0/plugins/com.st.stm32cube.ide.mcu.externaltools.gnu-tools-for-stm32.7-2018-q2-update.linux64_1.4.0.202007081208/tools/bin/../lib/gcc/arm-none-eabi/7.3.1/thumb/v7e-m/fpv5/hard/crtn.o
                0x000000000800b878                . = ALIGN (0x4)
                0x000000000800b878                _etext = .

.vfp11_veneer   0x000000000800b878        0x0
 .vfp11_veneer  0x000000000800b878        0x0 linker stubs

.v4_bx          0x000000000800b878        0x0
 .v4_bx         0x000000000800b878        0x0 linker stubs

.iplt           0x000000000800b878        0x0
 .iplt          0x000000000800b878        0x0 /opt/st/stm32cubeide_1.4.0/plugins/com.st.stm32cube.ide.mcu.externaltools.gnu-tools-for-stm32.7-2018-q2-update.linux64_1.4.0.202007081208/tools/bin/../lib/gcc/arm-none-eabi/7.3.1/thumb/v7e-m/fpv5/hard/crtbegin.o

.rodata         0x000000000800b878      0x368
                0x000000000800b878                . = ALIGN (0x4)
 *(.rodata)
 .rodata        0x000000000800b878       0x87 Core/Common/Src/FSM.o
 *fill*         0x000000000800b8ff        0x1 
 .rodata        0x000000000800b900      0x205 Core/Src/CC_FSM_States.o
 *fill*         0x000000000800bb05        0x3 
 .rodata        0x000000000800bb08        0xc Core/Src/freertos.o
 .rodata        0x000000000800bb14       0x16 Core/Src/main.o
 *fill*         0x000000000800bb2a        0x2 
 .rodata        0x000000000800bb2c        0x5 Middlewares/Third_Party/FreeRTOS/Source/tasks.o
 *fill*         0x000000000800bb31        0x3 
 .rodata        0x000000000800bb34        0xd Middlewares/Third_Party/FreeRTOS/Source/timers.o
 *(.rodata*)
 *fill*         0x000000000800bb41        0x3 
 .rodata.defaultTask_attributes
                0x000000000800bb44       0x24 Core/Src/freertos.o
                0x000000000800bb44                defaultTask_attributes
 .rodata.fsmThreadAttr
                0x000000000800bb68       0x24 Core/Src/main.o
                0x000000000800bb68                fsmThreadAttr
 .rodata.AHBPrescTable
                0x000000000800bb8c       0x10 Core/Src/system_stm32f7xx.o
                0x000000000800bb8c                AHBPrescTable
 .rodata.APBPrescTable
                0x000000000800bb9c        0x8 Core/Src/system_stm32f7xx.o
                0x000000000800bb9c                APBPrescTable
 .rodata.flagBitshiftOffset.9150
                0x000000000800bba4        0x8 Drivers/STM32F7xx_HAL_Driver/Src/stm32f7xx_hal_dma.o
 .rodata._svfprintf_r.str1.1
                0x000000000800bbac       0x11 /opt/st/stm32cubeide_1.4.0/plugins/com.st.stm32cube.ide.mcu.externaltools.gnu-tools-for-stm32.7-2018-q2-update.linux64_1.4.0.202007081208/tools/bin/../lib/gcc/arm-none-eabi/7.3.1/../../../../arm-none-eabi/lib/thumb/v7e-m/fpv5/hard/libc_nano.a(lib_a-nano-svfprintf.o)
 .rodata._printf_i.str1.1
                0x000000000800bbbd       0x22 /opt/st/stm32cubeide_1.4.0/plugins/com.st.stm32cube.ide.mcu.externaltools.gnu-tools-for-stm32.7-2018-q2-update.linux64_1.4.0.202007081208/tools/bin/../lib/gcc/arm-none-eabi/7.3.1/../../../../arm-none-eabi/lib/thumb/v7e-m/fpv5/hard/libc_nano.a(lib_a-nano-vfprintf_i.o)
                0x000000000800bbe0                . = ALIGN (0x4)
 *fill*         0x000000000800bbdf        0x1 

.ARM.extab      0x000000000800bbe0        0x0
                0x000000000800bbe0                . = ALIGN (0x4)
 *(.ARM.extab* .gnu.linkonce.armextab.*)
                0x000000000800bbe0                . = ALIGN (0x4)

.ARM            0x000000000800bbe0        0x8
                0x000000000800bbe0                . = ALIGN (0x4)
                0x000000000800bbe0                __exidx_start = .
 *(.ARM.exidx*)
 .ARM.exidx     0x000000000800bbe0        0x8 /opt/st/stm32cubeide_1.4.0/plugins/com.st.stm32cube.ide.mcu.externaltools.gnu-tools-for-stm32.7-2018-q2-update.linux64_1.4.0.202007081208/tools/bin/../lib/gcc/arm-none-eabi/7.3.1/thumb/v7e-m/fpv5/hard/libgcc.a(_udivmoddi4.o)
                0x000000000800bbe8                __exidx_end = .
                0x000000000800bbe8                . = ALIGN (0x4)

.rel.dyn        0x000000000800bbe8        0x0
 .rel.iplt      0x000000000800bbe8        0x0 /opt/st/stm32cubeide_1.4.0/plugins/com.st.stm32cube.ide.mcu.externaltools.gnu-tools-for-stm32.7-2018-q2-update.linux64_1.4.0.202007081208/tools/bin/../lib/gcc/arm-none-eabi/7.3.1/thumb/v7e-m/fpv5/hard/crtbegin.o

.preinit_array  0x000000000800bbe8        0x0
                0x000000000800bbe8                . = ALIGN (0x4)
                0x000000000800bbe8                PROVIDE (__preinit_array_start = .)
 *(.preinit_array*)
                0x000000000800bbe8                PROVIDE (__preinit_array_end = .)
                0x000000000800bbe8                . = ALIGN (0x4)

.init_array     0x000000000800bbe8        0x4
                0x000000000800bbe8                . = ALIGN (0x4)
                0x000000000800bbe8                PROVIDE (__init_array_start = .)
 *(SORT_BY_NAME(.init_array.*))
 *(.init_array*)
 .init_array    0x000000000800bbe8        0x4 /opt/st/stm32cubeide_1.4.0/plugins/com.st.stm32cube.ide.mcu.externaltools.gnu-tools-for-stm32.7-2018-q2-update.linux64_1.4.0.202007081208/tools/bin/../lib/gcc/arm-none-eabi/7.3.1/thumb/v7e-m/fpv5/hard/crtbegin.o
                0x000000000800bbec                PROVIDE (__init_array_end = .)
                0x000000000800bbec                . = ALIGN (0x4)

.fini_array     0x000000000800bbec        0x4
                0x000000000800bbec                . = ALIGN (0x4)
                [!provide]                        PROVIDE (__fini_array_start = .)
 *(SORT_BY_NAME(.fini_array.*))
 *(.fini_array*)
 .fini_array    0x000000000800bbec        0x4 /opt/st/stm32cubeide_1.4.0/plugins/com.st.stm32cube.ide.mcu.externaltools.gnu-tools-for-stm32.7-2018-q2-update.linux64_1.4.0.202007081208/tools/bin/../lib/gcc/arm-none-eabi/7.3.1/thumb/v7e-m/fpv5/hard/crtbegin.o
                [!provide]                        PROVIDE (__fini_array_end = .)
                0x000000000800bbf0                . = ALIGN (0x4)
                0x000000000800bbf0                _sidata = LOADADDR (.data)

.data           0x0000000020000000       0xa4 load address 0x000000000800bbf0
                0x0000000020000000                . = ALIGN (0x4)
                0x0000000020000000                _sdata = .
 *(.data)
 *(.data*)
 .data.startState
                0x0000000020000000       0x10 Core/Src/CC_FSM_States.o
                0x0000000020000000                startState
 .data.idleState
                0x0000000020000010       0x10 Core/Src/CC_FSM_States.o
                0x0000000020000010                idleState
 .data.drivingState
                0x0000000020000020       0x10 Core/Src/CC_FSM_States.o
                0x0000000020000020                drivingState
 .data.SystemCoreClock
                0x0000000020000030        0x4 Core/Src/system_stm32f7xx.o
                0x0000000020000030                SystemCoreClock
 .data.uwTickPrio
                0x0000000020000034        0x4 Drivers/STM32F7xx_HAL_Driver/Src/stm32f7xx_hal.o
                0x0000000020000034                uwTickPrio
 .data.uwTickFreq
                0x0000000020000038        0x1 Drivers/STM32F7xx_HAL_Driver/Src/stm32f7xx_hal.o
                0x0000000020000038                uwTickFreq
 *fill*         0x0000000020000039        0x3 
 .data.uxCriticalNesting
                0x000000002000003c        0x4 Middlewares/Third_Party/FreeRTOS/Source/portable/GCC/ARM_CM7/r0p1/port.o
 .data._impure_ptr
                0x0000000020000040        0x4 /opt/st/stm32cubeide_1.4.0/plugins/com.st.stm32cube.ide.mcu.externaltools.gnu-tools-for-stm32.7-2018-q2-update.linux64_1.4.0.202007081208/tools/bin/../lib/gcc/arm-none-eabi/7.3.1/../../../../arm-none-eabi/lib/thumb/v7e-m/fpv5/hard/libc_nano.a(lib_a-impure.o)
                0x0000000020000040                _impure_ptr
 .data.impure_data
                0x0000000020000044       0x60 /opt/st/stm32cubeide_1.4.0/plugins/com.st.stm32cube.ide.mcu.externaltools.gnu-tools-for-stm32.7-2018-q2-update.linux64_1.4.0.202007081208/tools/bin/../lib/gcc/arm-none-eabi/7.3.1/../../../../arm-none-eabi/lib/thumb/v7e-m/fpv5/hard/libc_nano.a(lib_a-impure.o)
                0x00000000200000a4                . = ALIGN (0x4)
                0x00000000200000a4                _edata = .

.igot.plt       0x00000000200000a4        0x0 load address 0x000000000800bc94
 .igot.plt      0x00000000200000a4        0x0 /opt/st/stm32cubeide_1.4.0/plugins/com.st.stm32cube.ide.mcu.externaltools.gnu-tools-for-stm32.7-2018-q2-update.linux64_1.4.0.202007081208/tools/bin/../lib/gcc/arm-none-eabi/7.3.1/thumb/v7e-m/fpv5/hard/crtbegin.o
                0x00000000200000a4                . = ALIGN (0x4)

.bss            0x00000000200000a4     0x4c5c load address 0x000000000800bc94
                0x00000000200000a4                _sbss = .
                0x00000000200000a4                __bss_start__ = _sbss
 *(.bss)
 .bss           0x00000000200000a4       0x1c /opt/st/stm32cubeide_1.4.0/plugins/com.st.stm32cube.ide.mcu.externaltools.gnu-tools-for-stm32.7-2018-q2-update.linux64_1.4.0.202007081208/tools/bin/../lib/gcc/arm-none-eabi/7.3.1/thumb/v7e-m/fpv5/hard/crtbegin.o
 *(.bss*)
 .bss.HAL_RCC_CAN1_CLK_ENABLED
                0x00000000200000c0        0x4 Core/Src/can.o
 .bss.HAL_RCC_CAN3_CLK_ENABLED
                0x00000000200000c4        0x4 Core/Src/can.o
 .bss.HAL_RCC_CAN2_CLK_ENABLED
                0x00000000200000c8        0x4 Core/Src/can.o
 .bss.__sbrk_heap_end
                0x00000000200000cc        0x4 Core/Src/sysmem.o
 .bss.KernelState
                0x00000000200000d0        0x4 Middlewares/Third_Party/FreeRTOS/Source/CMSIS_RTOS_V2/cmsis_os2.o
 .bss.Idle_TCB  0x00000000200000d4       0x5c Middlewares/Third_Party/FreeRTOS/Source/CMSIS_RTOS_V2/cmsis_os2.o
 .bss.Idle_Stack
                0x0000000020000130      0x200 Middlewares/Third_Party/FreeRTOS/Source/CMSIS_RTOS_V2/cmsis_os2.o
 .bss.Timer_TCB
                0x0000000020000330       0x5c Middlewares/Third_Party/FreeRTOS/Source/CMSIS_RTOS_V2/cmsis_os2.o
 .bss.Timer_Stack
                0x000000002000038c      0x400 Middlewares/Third_Party/FreeRTOS/Source/CMSIS_RTOS_V2/cmsis_os2.o
 .bss.pxCurrentTCB
                0x000000002000078c        0x4 Middlewares/Third_Party/FreeRTOS/Source/tasks.o
                0x000000002000078c                pxCurrentTCB
 .bss.pxReadyTasksLists
                0x0000000020000790      0x460 Middlewares/Third_Party/FreeRTOS/Source/tasks.o
 .bss.xDelayedTaskList1
                0x0000000020000bf0       0x14 Middlewares/Third_Party/FreeRTOS/Source/tasks.o
 .bss.xDelayedTaskList2
                0x0000000020000c04       0x14 Middlewares/Third_Party/FreeRTOS/Source/tasks.o
 .bss.pxDelayedTaskList
                0x0000000020000c18        0x4 Middlewares/Third_Party/FreeRTOS/Source/tasks.o
 .bss.pxOverflowDelayedTaskList
                0x0000000020000c1c        0x4 Middlewares/Third_Party/FreeRTOS/Source/tasks.o
 .bss.xPendingReadyList
                0x0000000020000c20       0x14 Middlewares/Third_Party/FreeRTOS/Source/tasks.o
 .bss.xTasksWaitingTermination
                0x0000000020000c34       0x14 Middlewares/Third_Party/FreeRTOS/Source/tasks.o
 .bss.uxDeletedTasksWaitingCleanUp
                0x0000000020000c48        0x4 Middlewares/Third_Party/FreeRTOS/Source/tasks.o
 .bss.xSuspendedTaskList
                0x0000000020000c4c       0x14 Middlewares/Third_Party/FreeRTOS/Source/tasks.o
 .bss.uxCurrentNumberOfTasks
                0x0000000020000c60        0x4 Middlewares/Third_Party/FreeRTOS/Source/tasks.o
 .bss.xTickCount
                0x0000000020000c64        0x4 Middlewares/Third_Party/FreeRTOS/Source/tasks.o
 .bss.uxTopReadyPriority
                0x0000000020000c68        0x4 Middlewares/Third_Party/FreeRTOS/Source/tasks.o
 .bss.xSchedulerRunning
                0x0000000020000c6c        0x4 Middlewares/Third_Party/FreeRTOS/Source/tasks.o
 .bss.uxPendedTicks
                0x0000000020000c70        0x4 Middlewares/Third_Party/FreeRTOS/Source/tasks.o
 .bss.xYieldPending
                0x0000000020000c74        0x4 Middlewares/Third_Party/FreeRTOS/Source/tasks.o
 .bss.xNumOfOverflows
                0x0000000020000c78        0x4 Middlewares/Third_Party/FreeRTOS/Source/tasks.o
 .bss.uxTaskNumber
                0x0000000020000c7c        0x4 Middlewares/Third_Party/FreeRTOS/Source/tasks.o
 .bss.xNextTaskUnblockTime
                0x0000000020000c80        0x4 Middlewares/Third_Party/FreeRTOS/Source/tasks.o
 .bss.xIdleTaskHandle
                0x0000000020000c84        0x4 Middlewares/Third_Party/FreeRTOS/Source/tasks.o
 .bss.uxSchedulerSuspended
                0x0000000020000c88        0x4 Middlewares/Third_Party/FreeRTOS/Source/tasks.o
 .bss.xActiveTimerList1
                0x0000000020000c8c       0x14 Middlewares/Third_Party/FreeRTOS/Source/timers.o
 .bss.xActiveTimerList2
                0x0000000020000ca0       0x14 Middlewares/Third_Party/FreeRTOS/Source/timers.o
 .bss.pxCurrentTimerList
                0x0000000020000cb4        0x4 Middlewares/Third_Party/FreeRTOS/Source/timers.o
 .bss.pxOverflowTimerList
                0x0000000020000cb8        0x4 Middlewares/Third_Party/FreeRTOS/Source/timers.o
 .bss.xTimerQueue
                0x0000000020000cbc        0x4 Middlewares/Third_Party/FreeRTOS/Source/timers.o
 .bss.xTimerTaskHandle
                0x0000000020000cc0        0x4 Middlewares/Third_Party/FreeRTOS/Source/timers.o
 .bss.xLastTime.6741
                0x0000000020000cc4        0x4 Middlewares/Third_Party/FreeRTOS/Source/timers.o
 .bss.ucStaticTimerQueueStorage.6792
                0x0000000020000cc8       0xa0 Middlewares/Third_Party/FreeRTOS/Source/timers.o
 .bss.xStaticTimerQueue.6791
                0x0000000020000d68       0x50 Middlewares/Third_Party/FreeRTOS/Source/timers.o
 .bss.ucMaxSysCallPriority
                0x0000000020000db8        0x1 Middlewares/Third_Party/FreeRTOS/Source/portable/GCC/ARM_CM7/r0p1/port.o
 *fill*         0x0000000020000db9        0x3 
 .bss.ulMaxPRIGROUPValue
                0x0000000020000dbc        0x4 Middlewares/Third_Party/FreeRTOS/Source/portable/GCC/ARM_CM7/r0p1/port.o
 .bss.ucHeap    0x0000000020000dc0     0x3c00 Middlewares/Third_Party/FreeRTOS/Source/portable/MemMang/heap_4.o
 .bss.xStart    0x00000000200049c0        0x8 Middlewares/Third_Party/FreeRTOS/Source/portable/MemMang/heap_4.o
 .bss.pxEnd     0x00000000200049c8        0x4 Middlewares/Third_Party/FreeRTOS/Source/portable/MemMang/heap_4.o
 .bss.xFreeBytesRemaining
                0x00000000200049cc        0x4 Middlewares/Third_Party/FreeRTOS/Source/portable/MemMang/heap_4.o
 .bss.xMinimumEverFreeBytesRemaining
                0x00000000200049d0        0x4 Middlewares/Third_Party/FreeRTOS/Source/portable/MemMang/heap_4.o
 .bss.xBlockAllocatedBit
                0x00000000200049d4        0x4 Middlewares/Third_Party/FreeRTOS/Source/portable/MemMang/heap_4.o
 .bss.__malloc_free_list
                0x00000000200049d8        0x4 /opt/st/stm32cubeide_1.4.0/plugins/com.st.stm32cube.ide.mcu.externaltools.gnu-tools-for-stm32.7-2018-q2-update.linux64_1.4.0.202007081208/tools/bin/../lib/gcc/arm-none-eabi/7.3.1/../../../../arm-none-eabi/lib/thumb/v7e-m/fpv5/hard/libc_nano.a(lib_a-nano-mallocr.o)
                0x00000000200049d8                __malloc_free_list
 .bss.__malloc_sbrk_start
                0x00000000200049dc        0x4 /opt/st/stm32cubeide_1.4.0/plugins/com.st.stm32cube.ide.mcu.externaltools.gnu-tools-for-stm32.7-2018-q2-update.linux64_1.4.0.202007081208/tools/bin/../lib/gcc/arm-none-eabi/7.3.1/../../../../arm-none-eabi/lib/thumb/v7e-m/fpv5/hard/libc_nano.a(lib_a-nano-mallocr.o)
                0x00000000200049dc                __malloc_sbrk_start
 *(COMMON)
 COMMON         0x00000000200049e0        0x4 Core/Src/CC_FSM_States.o
                0x00000000200049e0                CC_GlobalState
 COMMON         0x00000000200049e4      0x198 Core/Src/adc.o
                0x00000000200049e4                hadc2
                0x0000000020004a2c                hadc1
                0x0000000020004a74                hadc3
                0x0000000020004abc                hdma_adc1
                0x0000000020004b1c                hdma_adc2
 COMMON         0x0000000020004b7c       0x78 Core/Src/can.o
                0x0000000020004b7c                hcan3
                0x0000000020004ba4                hcan2
                0x0000000020004bcc                hcan1
 COMMON         0x0000000020004bf4        0x4 Core/Src/freertos.o
                0x0000000020004bf4                defaultTaskHandle
 COMMON         0x0000000020004bf8       0x40 Core/Src/stm32f7xx_hal_timebase_tim.o
                0x0000000020004bf8                htim7
 COMMON         0x0000000020004c38       0x80 Core/Src/usart.o
                0x0000000020004c38                huart3
 COMMON         0x0000000020004cb8        0x4 Drivers/STM32F7xx_HAL_Driver/Src/stm32f7xx_hal.o
                0x0000000020004cb8                uwTick
 COMMON         0x0000000020004cbc       0x40 Middlewares/Third_Party/FreeRTOS/Source/queue.o
                0x0000000020004cbc                xQueueRegistry
 COMMON         0x0000000020004cfc        0x4 /opt/st/stm32cubeide_1.4.0/plugins/com.st.stm32cube.ide.mcu.externaltools.gnu-tools-for-stm32.7-2018-q2-update.linux64_1.4.0.202007081208/tools/bin/../lib/gcc/arm-none-eabi/7.3.1/../../../../arm-none-eabi/lib/thumb/v7e-m/fpv5/hard/libc_nano.a(lib_a-reent.o)
                0x0000000020004cfc                errno
                0x0000000020004d00                . = ALIGN (0x4)
                0x0000000020004d00                _ebss = .
                0x0000000020004d00                __bss_end__ = _ebss

._user_heap_stack
                0x0000000020004d00      0x600 load address 0x000000000800bc94
                0x0000000020004d00                . = ALIGN (0x8)
                [!provide]                        PROVIDE (end = .)
                0x0000000020004d00                PROVIDE (_end = .)
                0x0000000020004f00                . = (. + _Min_Heap_Size)
 *fill*         0x0000000020004d00      0x200 
                0x0000000020005300                . = (. + _Min_Stack_Size)
 *fill*         0x0000000020004f00      0x400 
                0x0000000020005300                . = ALIGN (0x8)

/DISCARD/
 libc.a(*)
 libm.a(*)
 libgcc.a(*)

.ARM.attributes
                0x0000000000000000       0x2e
 *(.ARM.attributes)
 .ARM.attributes
                0x0000000000000000       0x20 /opt/st/stm32cubeide_1.4.0/plugins/com.st.stm32cube.ide.mcu.externaltools.gnu-tools-for-stm32.7-2018-q2-update.linux64_1.4.0.202007081208/tools/bin/../lib/gcc/arm-none-eabi/7.3.1/thumb/v7e-m/fpv5/hard/crti.o
 .ARM.attributes
                0x0000000000000020       0x32 /opt/st/stm32cubeide_1.4.0/plugins/com.st.stm32cube.ide.mcu.externaltools.gnu-tools-for-stm32.7-2018-q2-update.linux64_1.4.0.202007081208/tools/bin/../lib/gcc/arm-none-eabi/7.3.1/thumb/v7e-m/fpv5/hard/crtbegin.o
 .ARM.attributes
                0x0000000000000052       0x37 Core/Common/Src/AMS_CAN_Messages.o
 .ARM.attributes
                0x0000000000000089       0x37 Core/Common/Src/CC_CAN_Messages.o
 .ARM.attributes
                0x00000000000000c0       0x37 Core/Common/Src/CC_CAN_Wrapper.o
 .ARM.attributes
                0x00000000000000f7       0x37 Core/Common/Src/FSM.o
 .ARM.attributes
                0x000000000000012e       0x37 Core/Common/Src/PDM_CAN_Messages.o
 .ARM.attributes
                0x0000000000000165       0x37 Core/Common/Src/QUTMS_can.o
 .ARM.attributes
                0x000000000000019c       0x37 Core/Common/Src/SHDN_CAN_Messages.o
 .ARM.attributes
                0x00000000000001d3       0x37 Core/Common/Src/SHDN_IMD_CAN_Messages.o
 .ARM.attributes
                0x000000000000020a       0x37 Core/Common/Src/Util.o
 .ARM.attributes
                0x0000000000000241       0x37 Core/Src/CC_FSM_States.o
 .ARM.attributes
                0x0000000000000278       0x37 Core/Src/adc.o
 .ARM.attributes
                0x00000000000002af       0x37 Core/Src/can.o
 .ARM.attributes
                0x00000000000002e6       0x37 Core/Src/dma.o
 .ARM.attributes
                0x000000000000031d       0x37 Core/Src/freertos.o
 .ARM.attributes
                0x0000000000000354       0x37 Core/Src/gpio.o
 .ARM.attributes
                0x000000000000038b       0x37 Core/Src/main.o
 .ARM.attributes
                0x00000000000003c2       0x37 Core/Src/stm32f7xx_hal_msp.o
 .ARM.attributes
                0x00000000000003f9       0x37 Core/Src/stm32f7xx_hal_timebase_tim.o
 .ARM.attributes
                0x0000000000000430       0x37 Core/Src/stm32f7xx_it.o
 .ARM.attributes
                0x0000000000000467       0x37 Core/Src/sysmem.o
 .ARM.attributes
                0x000000000000049e       0x37 Core/Src/system_stm32f7xx.o
 .ARM.attributes
                0x00000000000004d5       0x37 Core/Src/usart.o
 .ARM.attributes
                0x000000000000050c       0x21 Core/Startup/startup_stm32f765vitx.o
 .ARM.attributes
                0x000000000000052d       0x37 Drivers/STM32F7xx_HAL_Driver/Src/stm32f7xx_hal.o
 .ARM.attributes
                0x0000000000000564       0x37 Drivers/STM32F7xx_HAL_Driver/Src/stm32f7xx_hal_adc.o
 .ARM.attributes
                0x000000000000059b       0x37 Drivers/STM32F7xx_HAL_Driver/Src/stm32f7xx_hal_can.o
 .ARM.attributes
                0x00000000000005d2       0x37 Drivers/STM32F7xx_HAL_Driver/Src/stm32f7xx_hal_cortex.o
 .ARM.attributes
                0x0000000000000609       0x37 Drivers/STM32F7xx_HAL_Driver/Src/stm32f7xx_hal_dma.o
 .ARM.attributes
                0x0000000000000640       0x37 Drivers/STM32F7xx_HAL_Driver/Src/stm32f7xx_hal_gpio.o
 .ARM.attributes
                0x0000000000000677       0x37 Drivers/STM32F7xx_HAL_Driver/Src/stm32f7xx_hal_rcc.o
 .ARM.attributes
                0x00000000000006ae       0x37 Drivers/STM32F7xx_HAL_Driver/Src/stm32f7xx_hal_rcc_ex.o
 .ARM.attributes
                0x00000000000006e5       0x37 Drivers/STM32F7xx_HAL_Driver/Src/stm32f7xx_hal_tim.o
 .ARM.attributes
                0x000000000000071c       0x37 Drivers/STM32F7xx_HAL_Driver/Src/stm32f7xx_hal_tim_ex.o
 .ARM.attributes
                0x0000000000000753       0x37 Drivers/STM32F7xx_HAL_Driver/Src/stm32f7xx_hal_uart.o
 .ARM.attributes
                0x000000000000078a       0x37 Middlewares/Third_Party/FreeRTOS/Source/CMSIS_RTOS_V2/cmsis_os2.o
 .ARM.attributes
                0x00000000000007c1       0x37 Middlewares/Third_Party/FreeRTOS/Source/list.o
 .ARM.attributes
                0x00000000000007f8       0x37 Middlewares/Third_Party/FreeRTOS/Source/queue.o
 .ARM.attributes
                0x000000000000082f       0x37 Middlewares/Third_Party/FreeRTOS/Source/tasks.o
 .ARM.attributes
                0x0000000000000866       0x37 Middlewares/Third_Party/FreeRTOS/Source/timers.o
 .ARM.attributes
                0x000000000000089d       0x37 Middlewares/Third_Party/FreeRTOS/Source/portable/GCC/ARM_CM7/r0p1/port.o
 .ARM.attributes
                0x00000000000008d4       0x37 Middlewares/Third_Party/FreeRTOS/Source/portable/MemMang/heap_4.o
 .ARM.attributes
                0x000000000000090b       0x32 /opt/st/stm32cubeide_1.4.0/plugins/com.st.stm32cube.ide.mcu.externaltools.gnu-tools-for-stm32.7-2018-q2-update.linux64_1.4.0.202007081208/tools/bin/../lib/gcc/arm-none-eabi/7.3.1/../../../../arm-none-eabi/lib/thumb/v7e-m/fpv5/hard/libc_nano.a(lib_a-errno.o)
 .ARM.attributes
                0x000000000000093d       0x32 /opt/st/stm32cubeide_1.4.0/plugins/com.st.stm32cube.ide.mcu.externaltools.gnu-tools-for-stm32.7-2018-q2-update.linux64_1.4.0.202007081208/tools/bin/../lib/gcc/arm-none-eabi/7.3.1/../../../../arm-none-eabi/lib/thumb/v7e-m/fpv5/hard/libc_nano.a(lib_a-impure.o)
 .ARM.attributes
                0x000000000000096f       0x32 /opt/st/stm32cubeide_1.4.0/plugins/com.st.stm32cube.ide.mcu.externaltools.gnu-tools-for-stm32.7-2018-q2-update.linux64_1.4.0.202007081208/tools/bin/../lib/gcc/arm-none-eabi/7.3.1/../../../../arm-none-eabi/lib/thumb/v7e-m/fpv5/hard/libc_nano.a(lib_a-init.o)
 .ARM.attributes
                0x00000000000009a1       0x32 /opt/st/stm32cubeide_1.4.0/plugins/com.st.stm32cube.ide.mcu.externaltools.gnu-tools-for-stm32.7-2018-q2-update.linux64_1.4.0.202007081208/tools/bin/../lib/gcc/arm-none-eabi/7.3.1/../../../../arm-none-eabi/lib/thumb/v7e-m/fpv5/hard/libc_nano.a(lib_a-malloc.o)
 .ARM.attributes
                0x00000000000009d3       0x32 /opt/st/stm32cubeide_1.4.0/plugins/com.st.stm32cube.ide.mcu.externaltools.gnu-tools-for-stm32.7-2018-q2-update.linux64_1.4.0.202007081208/tools/bin/../lib/gcc/arm-none-eabi/7.3.1/../../../../arm-none-eabi/lib/thumb/v7e-m/fpv5/hard/libc_nano.a(lib_a-memcpy-stub.o)
 .ARM.attributes
                0x0000000000000a05       0x32 /opt/st/stm32cubeide_1.4.0/plugins/com.st.stm32cube.ide.mcu.externaltools.gnu-tools-for-stm32.7-2018-q2-update.linux64_1.4.0.202007081208/tools/bin/../lib/gcc/arm-none-eabi/7.3.1/../../../../arm-none-eabi/lib/thumb/v7e-m/fpv5/hard/libc_nano.a(lib_a-memset.o)
 .ARM.attributes
                0x0000000000000a37       0x32 /opt/st/stm32cubeide_1.4.0/plugins/com.st.stm32cube.ide.mcu.externaltools.gnu-tools-for-stm32.7-2018-q2-update.linux64_1.4.0.202007081208/tools/bin/../lib/gcc/arm-none-eabi/7.3.1/../../../../arm-none-eabi/lib/thumb/v7e-m/fpv5/hard/libc_nano.a(lib_a-nano-freer.o)
 .ARM.attributes
                0x0000000000000a69       0x32 /opt/st/stm32cubeide_1.4.0/plugins/com.st.stm32cube.ide.mcu.externaltools.gnu-tools-for-stm32.7-2018-q2-update.linux64_1.4.0.202007081208/tools/bin/../lib/gcc/arm-none-eabi/7.3.1/../../../../arm-none-eabi/lib/thumb/v7e-m/fpv5/hard/libc_nano.a(lib_a-nano-mallocr.o)
 .ARM.attributes
                0x0000000000000a9b       0x32 /opt/st/stm32cubeide_1.4.0/plugins/com.st.stm32cube.ide.mcu.externaltools.gnu-tools-for-stm32.7-2018-q2-update.linux64_1.4.0.202007081208/tools/bin/../lib/gcc/arm-none-eabi/7.3.1/../../../../arm-none-eabi/lib/thumb/v7e-m/fpv5/hard/libc_nano.a(lib_a-sbrkr.o)
 .ARM.attributes
                0x0000000000000acd       0x32 /opt/st/stm32cubeide_1.4.0/plugins/com.st.stm32cube.ide.mcu.externaltools.gnu-tools-for-stm32.7-2018-q2-update.linux64_1.4.0.202007081208/tools/bin/../lib/gcc/arm-none-eabi/7.3.1/../../../../arm-none-eabi/lib/thumb/v7e-m/fpv5/hard/libc_nano.a(lib_a-sprintf.o)
 .ARM.attributes
                0x0000000000000aff       0x19 /opt/st/stm32cubeide_1.4.0/plugins/com.st.stm32cube.ide.mcu.externaltools.gnu-tools-for-stm32.7-2018-q2-update.linux64_1.4.0.202007081208/tools/bin/../lib/gcc/arm-none-eabi/7.3.1/../../../../arm-none-eabi/lib/thumb/v7e-m/fpv5/hard/libc_nano.a(lib_a-strlen.o)
 .ARM.attributes
                0x0000000000000b18       0x32 /opt/st/stm32cubeide_1.4.0/plugins/com.st.stm32cube.ide.mcu.externaltools.gnu-tools-for-stm32.7-2018-q2-update.linux64_1.4.0.202007081208/tools/bin/../lib/gcc/arm-none-eabi/7.3.1/../../../../arm-none-eabi/lib/thumb/v7e-m/fpv5/hard/libc_nano.a(lib_a-mlock.o)
 .ARM.attributes
                0x0000000000000b4a       0x32 /opt/st/stm32cubeide_1.4.0/plugins/com.st.stm32cube.ide.mcu.externaltools.gnu-tools-for-stm32.7-2018-q2-update.linux64_1.4.0.202007081208/tools/bin/../lib/gcc/arm-none-eabi/7.3.1/../../../../arm-none-eabi/lib/thumb/v7e-m/fpv5/hard/libc_nano.a(lib_a-nano-svfprintf.o)
 .ARM.attributes
                0x0000000000000b7c       0x32 /opt/st/stm32cubeide_1.4.0/plugins/com.st.stm32cube.ide.mcu.externaltools.gnu-tools-for-stm32.7-2018-q2-update.linux64_1.4.0.202007081208/tools/bin/../lib/gcc/arm-none-eabi/7.3.1/../../../../arm-none-eabi/lib/thumb/v7e-m/fpv5/hard/libc_nano.a(lib_a-nano-vfprintf_i.o)
 .ARM.attributes
                0x0000000000000bae       0x32 /opt/st/stm32cubeide_1.4.0/plugins/com.st.stm32cube.ide.mcu.externaltools.gnu-tools-for-stm32.7-2018-q2-update.linux64_1.4.0.202007081208/tools/bin/../lib/gcc/arm-none-eabi/7.3.1/../../../../arm-none-eabi/lib/thumb/v7e-m/fpv5/hard/libc_nano.a(lib_a-reent.o)
 .ARM.attributes
                0x0000000000000be0       0x1e /opt/st/stm32cubeide_1.4.0/plugins/com.st.stm32cube.ide.mcu.externaltools.gnu-tools-for-stm32.7-2018-q2-update.linux64_1.4.0.202007081208/tools/bin/../lib/gcc/arm-none-eabi/7.3.1/../../../../arm-none-eabi/lib/thumb/v7e-m/fpv5/hard/libc_nano.a(lib_a-memchr.o)
 .ARM.attributes
                0x0000000000000bfe       0x32 /opt/st/stm32cubeide_1.4.0/plugins/com.st.stm32cube.ide.mcu.externaltools.gnu-tools-for-stm32.7-2018-q2-update.linux64_1.4.0.202007081208/tools/bin/../lib/gcc/arm-none-eabi/7.3.1/../../../../arm-none-eabi/lib/thumb/v7e-m/fpv5/hard/libc_nano.a(lib_a-memmove.o)
 .ARM.attributes
                0x0000000000000c30       0x32 /opt/st/stm32cubeide_1.4.0/plugins/com.st.stm32cube.ide.mcu.externaltools.gnu-tools-for-stm32.7-2018-q2-update.linux64_1.4.0.202007081208/tools/bin/../lib/gcc/arm-none-eabi/7.3.1/../../../../arm-none-eabi/lib/thumb/v7e-m/fpv5/hard/libc_nano.a(lib_a-nano-reallocr.o)
 .ARM.attributes