AMS_CAN_Messages.c:13:27:Compose_AMS_CellVoltageShutdown	32	static
AMS_CAN_Messages.c:23:6:Parse_AMS_CellVoltageShutdown	24	static
AMS_CAN_Messages.c:30:31:Compose_AMS_CellTemperatureShutdown	32	static
AMS_CAN_Messages.c:40:6:Parse_AMS_CellTemperatureShutdown	24	static
AMS_CAN_Messages.c:47:18:Compose_AMS_MissingBMS	32	static
AMS_CAN_Messages.c:58:6:Parse_AMS_MissingBMS	24	static
AMS_CAN_Messages.c:63:24:Compose_AMS_HeartbeatRequest	24	static
AMS_CAN_Messages.c:71:25:Compose_AMS_HeartbeatResponse	48	static
AMS_CAN_Messages.c:86:6:Parse_AMS_HeartbeatResponse	24	static
AMS_CAN_Messages.c:99:15:Compose_AMS_StartUp	24	static
AMS_CAN_Messages.c:107:21:Compose_AMS_ResetTractive	24	static
AMS_CAN_Messages.c:115:16:Compose_AMS_Shutdown	24	static
AMS_CAN_Messages.c:123:26:Compose_AMS_RequestTemperature	24	static
AMS_CAN_Messages.c:131:27:Compose_AMS_TransmitTemperature	32	static
AMS_CAN_Messages.c:140:6:Parse_AMS_TransmitTemperature	24	static
AMS_CAN_Messages.c:145:26:Compose_AMS_RequestChargeState	24	static
AMS_CAN_Messages.c:153:27:Compose_AMS_TransmitChargeState	32	static
AMS_CAN_Messages.c:163:6:Parse_AMS_TransmitChargeState	24	static
AMS_CAN_Messages.c:168:13:Compose_AMS_Ready	24	static
