AMS_CAN_Messages.c:13:27:Compose_AMS_CellVoltageShutdown	32	static
AMS_CAN_Messages.c:23:6:Parse_AMS_CellVoltageShutdown	24	static
AMS_CAN_Messages.c:30:31:Compose_AMS_CellTemperatureShutdown	32	static
AMS_CAN_Messages.c:40:6:Parse_AMS_CellTemperatureShutdown	24	static
AMS_CAN_Messages.c:47:18:Compose_AMS_MissingBMS	32	static
AMS_CAN_Messages.c:58:6:Parse_AMS_MissingBMS	16	static
AMS_CAN_Messages.c:63:24:Compose_AMS_HeartbeatRequest	24	static
AMS_CAN_Messages.c:71:25:Compose_AMS_HeartbeatResponse	48	static
AMS_CAN_Messages.c:86:6:Parse_AMS_HeartbeatResponse	24	static
AMS_CAN_Messages.c:101:15:Compose_AMS_StartUp	24	static
AMS_CAN_Messages.c:109:21:Compose_AMS_ResetTractive	24	static
AMS_CAN_Messages.c:117:16:Compose_AMS_Shutdown	24	static
AMS_CAN_Messages.c:125:26:Compose_AMS_RequestTemperature	24	static
AMS_CAN_Messages.c:133:27:Compose_AMS_TransmitTemperature	32	static
AMS_CAN_Messages.c:142:6:Parse_AMS_TransmitTemperature	16	static
AMS_CAN_Messages.c:147:26:Compose_AMS_RequestChargeState	24	static
AMS_CAN_Messages.c:155:27:Compose_AMS_TransmitChargeState	32	static
AMS_CAN_Messages.c:165:6:Parse_AMS_TransmitChargeState	16	static
AMS_CAN_Messages.c:170:13:Compose_AMS_Ready	24	static
