AMS_CAN_Messages.c:11:27:Compose_AMS_CellVoltageShutdown	32	static
AMS_CAN_Messages.c:21:6:Parse_AMS_CellVoltageShutdown	24	static
AMS_CAN_Messages.c:28:31:Compose_AMS_CellTemperatureShutdown	32	static
AMS_CAN_Messages.c:38:6:Parse_AMS_CellTemperatureShutdown	24	static
AMS_CAN_Messages.c:45:18:Compose_AMS_MissingBMS	32	static
AMS_CAN_Messages.c:56:6:Parse_AMS_MissingBMS	24	static
AMS_CAN_Messages.c:61:24:Compose_AMS_HeartbeatRequest	24	static
AMS_CAN_Messages.c:69:25:Compose_AMS_HeartbeatResponse	48	static
AMS_CAN_Messages.c:84:6:Parse_AMS_HeartbeatResponse	24	static
AMS_CAN_Messages.c:97:15:Compose_AMS_StartUp	24	static
AMS_CAN_Messages.c:105:21:Compose_AMS_ResetTractive	24	static
AMS_CAN_Messages.c:113:16:Compose_AMS_Shutdown	24	static
AMS_CAN_Messages.c:121:26:Compose_AMS_RequestTemperature	24	static
AMS_CAN_Messages.c:129:27:Compose_AMS_TransmitTemperature	32	static
AMS_CAN_Messages.c:138:6:Parse_AMS_TransmitTemperature	24	static
AMS_CAN_Messages.c:143:26:Compose_AMS_RequestChargeState	24	static
AMS_CAN_Messages.c:151:27:Compose_AMS_TransmitChargeState	32	static
AMS_CAN_Messages.c:161:6:Parse_AMS_TransmitChargeState	24	static
AMS_CAN_Messages.c:166:13:Compose_AMS_Ready	24	static
