SHDN_BSPD_CAN_Messages.c:10:19:Compose_SHDN_BSPD_Fault	24	static
SHDN_BSPD_CAN_Messages.c:17:30:Compose_SHDN_BSPD_HeartbeatRequest	24	static
SHDN_BSPD_CAN_Messages.c:24:31:Compose_SHDN_BSPD_HeartbeatResponse	32	static
SHDN_BSPD_CAN_Messages.c:32:6:Parse_SHDN_BSPD_HeartbeatResponse	24	static
SHDN_BSPD_CAN_Messages.c:42:32:Compose_SHDN_BSPD_RequestCalibration	32	static
SHDN_BSPD_CAN_Messages.c:50:6:Parse_SHDN_BSPD_RequestCalibration	24	static
SHDN_BSPD_CAN_Messages.c:57:28:Compose_SHDN_BSPD_SetCalibration	48	static
SHDN_BSPD_CAN_Messages.c:69:6:Parse_SHDN_BSPD_SetCalibration	24	static
SHDN_BSPD_CAN_Messages.c:79:33:Compose_SHDN_BSPD_TransmitCalibration	48	static
SHDN_BSPD_CAN_Messages.c:91:6:Parse_SHDN_BSPD_TransmitCalibration	24	static
SHDN_BSPD_CAN_Messages.c:100:27:Compose_SHDN_BSPD_RequestValues	32	static
SHDN_BSPD_CAN_Messages.c:108:6:Parse_SHDN_BSPD_RequestValues	24	static
SHDN_BSPD_CAN_Messages.c:113:28:Compose_SHDN_BSPD_TransmitValues	32	static
SHDN_BSPD_CAN_Messages.c:123:6:Parse_SHDN_BSPD_TransmitValues	24	static
SHDN_BSPD_CAN_Messages.c:129:23:Compose_SHDN_BSPD_StartupOk	24	static
SHDN_BSPD_CAN_Messages.c:136:19:Compose_SHDN_BSPD_Reset	24	static
